Component: ARM Compiler 6.13.1 Tool: armlink [5d895400]

==============================================================================

Section Cross References

    hex_bytes.o(.ARM.exidx.text.TMR_hexToBytes) refers to hex_bytes.o(.text.TMR_hexToBytes) for [Anonymous Symbol]
    hex_bytes.o(.text.TMR_bytesToHex) refers to hex_bytes.o(.rodata.str1.1) for hexchars
    hex_bytes.o(.ARM.exidx.text.TMR_bytesToHex) refers to hex_bytes.o(.text.TMR_bytesToHex) for [Anonymous Symbol]
    hex_bytes.o(.text.TMR_hexDottedQuad) refers to hex_bytes.o(.rodata.str1.1) for hexchars
    hex_bytes.o(.ARM.exidx.text.TMR_hexDottedQuad) refers to hex_bytes.o(.text.TMR_hexDottedQuad) for [Anonymous Symbol]
    hex_bytes.o(.text.TMR_hexDottedQuadToUint32) refers to hex_bytes.o(.text.TMR_hexToBytes) for TMR_hexToBytes
    hex_bytes.o(.ARM.exidx.text.TMR_hexDottedQuadToUint32) refers to hex_bytes.o(.text.TMR_hexDottedQuadToUint32) for [Anonymous Symbol]
    osdep_stm32f103rb.o(.text.SysTick_Handler) refers to osdep_stm32f103rb.o(.bss.msec) for msec
    osdep_stm32f103rb.o(.ARM.exidx.text.SysTick_Handler) refers to osdep_stm32f103rb.o(.text.SysTick_Handler) for [Anonymous Symbol]
    osdep_stm32f103rb.o(.text.tmr_gettime) refers to system_stm32f10x.o(.data.SystemCoreClock) for SystemCoreClock
    osdep_stm32f103rb.o(.text.tmr_gettime) refers to osdep_stm32f103rb.o(.bss.msec) for msec
    osdep_stm32f103rb.o(.ARM.exidx.text.tmr_gettime) refers to osdep_stm32f103rb.o(.text.tmr_gettime) for [Anonymous Symbol]
    osdep_stm32f103rb.o(.text.tmr_gettime_low) refers to osdep_stm32f103rb.o(.text.tmr_gettime) for tmr_gettime
    osdep_stm32f103rb.o(.ARM.exidx.text.tmr_gettime_low) refers to osdep_stm32f103rb.o(.text.tmr_gettime_low) for [Anonymous Symbol]
    osdep_stm32f103rb.o(.text.tmr_gettime_high) refers to osdep_stm32f103rb.o(.text.tmr_gettime) for tmr_gettime
    osdep_stm32f103rb.o(.ARM.exidx.text.tmr_gettime_high) refers to osdep_stm32f103rb.o(.text.tmr_gettime_high) for [Anonymous Symbol]
    osdep_stm32f103rb.o(.text.tmr_sleep) refers to system_stm32f10x.o(.data.SystemCoreClock) for SystemCoreClock
    osdep_stm32f103rb.o(.ARM.exidx.text.tmr_sleep) refers to osdep_stm32f103rb.o(.text.tmr_sleep) for [Anonymous Symbol]
    osdep_stm32f103rb.o(.text.tmr_gettimestructure) refers to memseta.o(.text) for __aeabi_memclr4
    osdep_stm32f103rb.o(.ARM.exidx.text.tmr_gettimestructure) refers to osdep_stm32f103rb.o(.text.tmr_gettimestructure) for [Anonymous Symbol]
    serial_reader.o(.ARM.exidx.text.fillStaticTxRxMapData) refers to serial_reader.o(.text.fillStaticTxRxMapData) for [Anonymous Symbol]
    serial_reader.o(.text.updateTxRxMapData) refers to serial_reader.o(.text.fillStaticTxRxMapData) for fillStaticTxRxMapData
    serial_reader.o(.ARM.exidx.text.updateTxRxMapData) refers to serial_reader.o(.text.updateTxRxMapData) for [Anonymous Symbol]
    serial_reader.o(.text.TMR_SR_boot) refers to serial_reader_l3.o(.text.TMR_SR_cmdBootFirmware) for TMR_SR_cmdBootFirmware
    serial_reader.o(.ARM.exidx.text.TMR_SR_boot) refers to serial_reader.o(.text.TMR_SR_boot) for [Anonymous Symbol]
    serial_reader.o(.text.TMR_SR_getVersion) refers to serial_reader_l3.o(.text.TMR_SR_cmdVersion) for TMR_SR_cmdVersion
    serial_reader.o(.text.TMR_SR_getVersion) refers to serial_reader.o(.text.verifySearchStatus) for verifySearchStatus
    serial_reader.o(.ARM.exidx.text.TMR_SR_getVersion) refers to serial_reader.o(.text.TMR_SR_getVersion) for [Anonymous Symbol]
    serial_reader.o(.text.verifySearchStatus) refers to serial_reader_l3.o(.text.TMR_SR_cmdStopReading) for TMR_SR_cmdStopReading
    serial_reader.o(.text.verifySearchStatus) refers to serial_reader_l3.o(.text.TMR_SR_receiveMessage) for TMR_SR_receiveMessage
    serial_reader.o(.ARM.exidx.text.verifySearchStatus) refers to serial_reader.o(.text.verifySearchStatus) for [Anonymous Symbol]
    serial_reader.o(.text.TMR_SR_cmdProbeBaudRate) refers to serial_reader_l3.o(.text.TMR_SR_cmdVersion) for TMR_SR_cmdVersion
    serial_reader.o(.text.TMR_SR_cmdProbeBaudRate) refers to serial_reader.o(.text.verifySearchStatus) for verifySearchStatus
    serial_reader.o(.ARM.exidx.text.TMR_SR_cmdProbeBaudRate) refers to serial_reader.o(.text.TMR_SR_cmdProbeBaudRate) for [Anonymous Symbol]
    serial_reader.o(.text.TMR_SR_connect) refers to serial_reader.o(.text.TMR_SR_getVersion) for TMR_SR_getVersion
    serial_reader.o(.text.TMR_SR_connect) refers to tm_reader.o(.text.checkForAvailableFeatures) for checkForAvailableFeatures
    serial_reader.o(.text.TMR_SR_connect) refers to serial_reader.o(.text.TMR_SR_boot) for TMR_SR_boot
    serial_reader.o(.text.TMR_SR_connect) refers to serial_reader.o(.text.verifySearchStatus) for verifySearchStatus
    serial_reader.o(.ARM.exidx.text.TMR_SR_connect) refers to serial_reader.o(.text.TMR_SR_connect) for [Anonymous Symbol]
    serial_reader.o(.ARM.exidx.text.TMR_SR_destroy) refers to serial_reader.o(.text.TMR_SR_destroy) for [Anonymous Symbol]
[...]
    __arm_cp.18_2                            0x08002888   Number         4  serial_reader.o(.text.TMR_SR_getNextTag)
    [Anonymous Symbol]                       0x0800288c   Section        0  serial_reader.o(.text.TMR_SR_getVersion)
    __arm_cp.3_0                             0x080028e4   Number         4  serial_reader.o(.text.TMR_SR_getVersion)
    __arm_cp.3_1                             0x080028e8   Number         4  serial_reader.o(.text.TMR_SR_getVersion)
    __arm_cp.3_2                             0x080028ec   Number         4  serial_reader.o(.text.TMR_SR_getVersion)
    [Anonymous Symbol]                       0x080028f0   Section        0  serial_reader.o(.text.TMR_SR_hasMoreTags)
    __arm_cp.17_0                            0x08002b4c   Number         4  serial_reader.o(.text.TMR_SR_hasMoreTags)
    __arm_cp.17_1                            0x08002b50   Number         4  serial_reader.o(.text.TMR_SR_hasMoreTags)
    __arm_cp.17_2                            0x08002b54   Number         4  serial_reader.o(.text.TMR_SR_hasMoreTags)
    __arm_cp.17_3                            0x08002b58   Number         4  serial_reader.o(.text.TMR_SR_hasMoreTags)
    __arm_cp.17_4                            0x08002b5c   Number         4  serial_reader.o(.text.TMR_SR_hasMoreTags)
    __arm_cp.17_5                            0x08002b60   Number         4  serial_reader.o(.text.TMR_SR_hasMoreTags)
    [Anonymous Symbol]                       0x08002b64   Section        0  serial_reader_l3.o(.text.TMR_SR_msgAddAccessPassword)
    [Anonymous Symbol]                       0x08002ba4   Section        0  serial_reader_l3.o(.text.TMR_SR_msgAddExtendedParams)
    __arm_cp.232_0                           0x08002bf4   Number         4  serial_reader_l3.o(.text.TMR_SR_msgAddExtendedParams)
    [Anonymous Symbol]                       0x08002bf8   Section        0  serial_reader_l3.o(.text.TMR_SR_msgAddGEN2BlockErase)
    [Anonymous Symbol]                       0x08002cb8   Section        0  serial_reader_l3.o(.text.TMR_SR_msgAddGEN2BlockPermaLock)
    __arm_cp.44_0                            0x08002e00   Number         4  serial_reader_l3.o(.text.TMR_SR_msgAddGEN2BlockPermaLock)
    [Anonymous Symbol]                       0x08002e04   Section        0  serial_reader_l3.o(.text.TMR_SR_msgAddGEN2BlockWrite)
    __arm_cp.43_0                            0x08002f64   Number         4  serial_reader_l3.o(.text.TMR_SR_msgAddGEN2BlockWrite)
    [Anonymous Symbol]                       0x08002f68   Section        0  serial_reader_l3.o(.text.TMR_SR_msgAddGEN2DataRead)
    __arm_cp.39_0                            0x08002ffc   Number         4  serial_reader_l3.o(.text.TMR_SR_msgAddGEN2DataRead)
    [Anonymous Symbol]                       0x08003000   Section        0  serial_reader_l3.o(.text.TMR_SR_msgAddGEN2DataWrite)
    __arm_cp.40_0                            0x080030a8   Number         4  serial_reader_l3.o(.text.TMR_SR_msgAddGEN2DataWrite)
    [Anonymous Symbol]                       0x080030ac   Section        0  serial_reader_l3.o(.text.TMR_SR_msgAddGEN2KillTag)
    [Anonymous Symbol]                       0x0800310c   Section        0  serial_reader_l3.o(.text.TMR_SR_msgAddGEN2LockTag)
    [Anonymous Symbol]                       0x08003194   Section        0  serial_reader_l3.o(.text.TMR_SR_msgAddGEN2WriteTagEPC)
    [Anonymous Symbol]                       0x080031f0   Section        0  serial_reader_l3.o(.text.TMR_SR_msgAddReadMemory)
    [Anonymous Symbol]                       0x080032a0   Section        0  serial_reader_l3.o(.text.TMR_SR_msgAddWriteMemory)
    __arm_cp.233_0                           0x08003324   Number         4  serial_reader_l3.o(.text.TMR_SR_msgAddWriteMemory)
    [Anonymous Symbol]                       0x08003328   Section        0  serial_reader_l3.o(.text.TMR_SR_msgSetupMultipleProtocolSearch)
    __arm_cp.15_0                            0x08003588   Number         4  serial_reader_l3.o(.text.TMR_SR_msgSetupMultipleProtocolSearch)
    __arm_cp.15_1                            0x0800358c   Number         4  serial_reader_l3.o(.text.TMR_SR_msgSetupMultipleProtocolSearch)
    [Anonymous Symbol]                       0x08003590   Section        0  serial_reader_l3.o(.text.TMR_SR_msgSetupReadTagMultiple)
    [Anonymous Symbol]                       0x080035b4   Section        0  serial_reader_l3.o(.text.TMR_SR_msgSetupReadTagMultipleWithMetadata)
    __arm_cp.35_0                            0x08003874   Number         4  serial_reader_l3.o(.text.TMR_SR_msgSetupReadTagMultipleWithMetadata)
    TMR_SR_paramGet                          0x08003879   Thumb Code  2608  serial_reader.o(.text.TMR_SR_paramGet)
    [Anonymous Symbol]                       0x08003878   Section        0  serial_reader.o(.text.TMR_SR_paramGet)
    __arm_cp.33_0                            0x08004210   Number         4  serial_reader.o(.text.TMR_SR_paramGet)
    __arm_cp.33_1                            0x08004214   Number         4  serial_reader.o(.text.TMR_SR_paramGet)
    __arm_cp.33_2                            0x08004218   Number         4  serial_reader.o(.text.TMR_SR_paramGet)
    __arm_cp.33_4                            0x0800422c   Number         4  serial_reader.o(.text.TMR_SR_paramGet)
    __arm_cp.33_5                            0x08004230   Number         4  serial_reader.o(.text.TMR_SR_paramGet)
    __arm_cp.33_14                           0x08004298   Number         4  serial_reader.o(.text.TMR_SR_paramGet)
    __arm_cp.33_15                           0x0800429c   Number         4  serial_reader.o(.text.TMR_SR_paramGet)
    __arm_cp.33_16                           0x080042a0   Number         4  serial_reader.o(.text.TMR_SR_paramGet)
    __arm_cp.33_17                           0x080042a4   Number         4  serial_reader.o(.text.TMR_SR_paramGet)
    TMR_SR_paramSet                          0x080042a9   Thumb Code  2312  serial_reader.o(.text.TMR_SR_paramSet)
    [Anonymous Symbol]                       0x080042a8   Section        0  serial_reader.o(.text.TMR_SR_paramSet)
    __arm_cp.32_7                            0x080045b4   Number         4  serial_reader.o(.text.TMR_SR_paramSet)
    __arm_cp.32_8                            0x080045b8   Number         4  serial_reader.o(.text.TMR_SR_paramSet)
    __arm_cp.32_9                            0x080045bc   Number         4  serial_reader.o(.text.TMR_SR_paramSet)
    __arm_cp.32_10                           0x080045c0   Number         4  serial_reader.o(.text.TMR_SR_paramSet)
    __arm_cp.32_1                            0x08004ba8   Number         4  serial_reader.o(.text.TMR_SR_paramSet)
    __arm_cp.32_2                            0x08004bac   Number         4  serial_reader.o(.text.TMR_SR_paramSet)
    [Anonymous Symbol]                       0x08004bb0   Section        0  serial_reader_l3.o(.text.TMR_SR_parseMetadataFromMessage)
    [Anonymous Symbol]                       0x08004cf8   Section        0  serial_reader_l3.o(.text.TMR_SR_parseMetadataOnly)
    __arm_cp.50_0                            0x08004f50   Number         4  serial_reader_l3.o(.text.TMR_SR_parseMetadataOnly)
    [Anonymous Symbol]                       0x08004f54   Section        0  serial_reader_l3.o(.text.TMR_SR_postprocessReaderSpecificMetadata)
    __arm_cp.52_0                            0x08004fe4   Number         4  serial_reader_l3.o(.text.TMR_SR_postprocessReaderSpecificMetadata)
    [Anonymous Symbol]                       0x08004fe8   Section        0  serial_reader.o(.text.TMR_SR_read)
    __arm_cp.15_0                            0x08005024   Number         4  serial_reader.o(.text.TMR_SR_read)
    TMR_SR_read_internal                     0x08005029   Thumb Code   968  serial_reader.o(.text.TMR_SR_read_internal)
    [Anonymous Symbol]                       0x08005028   Section        0  serial_reader.o(.text.TMR_SR_read_internal)
    __arm_cp.16_7                            0x080053cc   Number         4  serial_reader.o(.text.TMR_SR_read_internal)
    __arm_cp.16_1                            0x080053e0   Number         4  serial_reader.o(.text.TMR_SR_read_internal)
    __arm_cp.16_2                            0x080053e4   Number         4  serial_reader.o(.text.TMR_SR_read_internal)
    __arm_cp.16_5                            0x080053e8   Number         4  serial_reader.o(.text.TMR_SR_read_internal)
    __arm_cp.16_6                            0x080053ec   Number         4  serial_reader.o(.text.TMR_SR_read_internal)
    [Anonymous Symbol]                       0x080053f0   Section        0  serial_reader_l3.o(.text.TMR_SR_receiveMessage)
    __arm_cp.5_0                             0x080055dc   Number         4  serial_reader_l3.o(.text.TMR_SR_receiveMessage)
    __arm_cp.5_1                             0x080055e0   Number         4  serial_reader_l3.o(.text.TMR_SR_receiveMessage)
    __arm_cp.5_2                             0x080055e4   Number         4  serial_reader_l3.o(.text.TMR_SR_receiveMessage)
    __arm_cp.5_3                             0x080055e8   Number         4  serial_reader_l3.o(.text.TMR_SR_receiveMessage)
    [Anonymous Symbol]                       0x08005614   Section        0  serial_reader_l3.o(.text.TMR_SR_send)
    [Anonymous Symbol]                       0x0800561c   Section        0  serial_reader_l3.o(.text.TMR_SR_sendBytes)
    [Anonymous Symbol]                       0x08005652   Section        0  serial_reader_l3.o(.text.TMR_SR_sendCmd)
    [Anonymous Symbol]                       0x0800565c   Section        0  serial_reader_l3.o(.text.TMR_SR_sendMessage)
    __arm_cp.3_0                             0x08005714   Number         4  serial_reader_l3.o(.text.TMR_SR_sendMessage)
    __arm_cp.3_1                             0x08005718   Number         4  serial_reader_l3.o(.text.TMR_SR_sendMessage)
    __arm_cp.3_2                             0x0800571c   Number         4  serial_reader_l3.o(.text.TMR_SR_sendMessage)
    [Anonymous Symbol]                       0x08005720   Section        0  serial_reader_l3.o(.text.TMR_SR_sendTimeout)
    [Anonymous Symbol]                       0x080057bc   Section        0  tm_reader.o(.text.TMR_TRD_init)
    [Anonymous Symbol]                       0x08005810   Section        0  tm_reader.o(.text.TMR__notifyTransportListeners)
    [Anonymous Symbol]                       0x08005840   Section        0  hex_bytes.o(.text.TMR_bytesToHex)
    [Anonymous Symbol]                       0x0800586c   Section        0  tm_reader.o(.text.TMR_create)
    __arm_cp.1_2                             0x08005950   Number         4  tm_reader.o(.text.TMR_create)
    [Anonymous Symbol]                       0x08005958   Section        0  serial_reader_l3.o(.text.TMR_fillReaderStats)
    [Anonymous Symbol]                       0x08005b98   Section        0  hex_bytes.o(.text.TMR_hexDottedQuad)
    __arm_cp.2_0                             0x08005bcc   Number         4  hex_bytes.o(.text.TMR_hexDottedQuad)
    TMR_initSerialTransportTable             0x08005bd1   Thumb Code   136  tm_reader.o(.text.TMR_initSerialTransportTable)
    [Anonymous Symbol]                       0x08005bd0   Section        0  tm_reader.o(.text.TMR_initSerialTransportTable)
    __arm_cp.2_0                             0x08005c40   Number         4  tm_reader.o(.text.TMR_initSerialTransportTable)
    __arm_cp.2_1                             0x08005c44   Number         4  tm_reader.o(.text.TMR_initSerialTransportTable)
    __arm_cp.2_3                             0x08005c50   Number         4  tm_reader.o(.text.TMR_initSerialTransportTable)
    [Anonymous Symbol]                       0x08005c58   Section        0  tm_reader.o(.text.TMR_paramGet)
    [Anonymous Symbol]                       0x08005c94   Section        0  tm_reader.o(.text.TMR_paramProbe)
    [Anonymous Symbol]                       0x08005ce4   Section        0  tm_reader.o(.text.TMR_paramSet)
    __arm_cp.14_0                            0x08005d58   Number         4  tm_reader.o(.text.TMR_paramSet)
    [Anonymous Symbol]                       0x08005d5c   Section        0  tm_reader.o(.text.TMR_reader_init_internal)
    [Anonymous Symbol]                       0x08005e00   Section        0  tm_reader_async.o(.text.TMR_startReading)
    [Anonymous Symbol]                       0x08005e24   Section        0  tm_reader_async.o(.text.TMR_stopReading)
    __arm_cp.3_0                             0x08005e68   Number         4  tm_reader_async.o(.text.TMR_stopReading)
    __arm_cp.3_1                             0x08005e6c   Number         4  tm_reader_async.o(.text.TMR_stopReading)
    __arm_cp.3_2                             0x08005e70   Number         4  tm_reader_async.o(.text.TMR_stopReading)
    __arm_cp.3_3                             0x08005e74   Number         4  tm_reader_async.o(.text.TMR_stopReading)
    [Anonymous Symbol]                       0x08005e78   Section        0  tmr_utils.o(.text.TMR_stringCopy)
    [Anonymous Symbol]                       0x08005e98   Section        0  serial_transport_stm32f103rb.o(.text.USART1_IRQHandler)
    __arm_cp.0_0                             0x08005efc   Number         4  serial_transport_stm32f103rb.o(.text.USART1_IRQHandler)
    __arm_cp.0_1                             0x08005f00   Number         4  serial_transport_stm32f103rb.o(.text.USART1_IRQHandler)
    __arm_cp.0_2                             0x08005f04   Number         4  serial_transport_stm32f103rb.o(.text.USART1_IRQHandler)
    __arm_cp.0_3                             0x08005f08   Number         4  serial_transport_stm32f103rb.o(.text.USART1_IRQHandler)
    [Anonymous Symbol]                       0x08005f0c   Section        0  tm_reader.o(.text.checkForAvailableFeatures)
    [Anonymous Symbol]                       0x08005f5c   Section        0  serial_reader.o(.text.compareAntennas)
    [Anonymous Symbol]                       0x08005fd8   Section        0  serial_reader_l3.o(.text.extractGen2MemoryBankValues)
    __arm_cp.51_0                            0x08006058   Number         4  serial_reader_l3.o(.text.extractGen2MemoryBankValues)
    [Anonymous Symbol]                       0x0800605c   Section        0  serial_reader.o(.text.fillStaticTxRxMapData)
    [Anonymous Symbol]                       0x0800608c   Section        0  serial_reader_l3.o(.text.fillVersionInfo)
    filterbytes                              0x080060e9   Thumb Code   944  serial_reader_l3.o(.text.filterbytes)
    [Anonymous Symbol]                       0x080060e8   Section        0  serial_reader_l3.o(.text.filterbytes)
    __arm_cp.20_0                            0x08006490   Number         4  serial_reader_l3.o(.text.filterbytes)
    __arm_cp.20_1                            0x08006494   Number         4  serial_reader_l3.o(.text.filterbytes)
    getPortValues                            0x08006499   Thumb Code   178  serial_reader.o(.text.getPortValues)
    [Anonymous Symbol]                       0x08006498   Section        0  serial_reader.o(.text.getPortValues)
    [Anonymous Symbol]                       0x0800654c   Section        0  serial_reader.o(.text.getReadExtParams)
    [Anonymous Symbol]                       0x08006650   Section        0  serial_reader.o(.text.getWriteExtParams)
    __arm_cp.36_0                            0x080067e4   Number         4  serial_reader.o(.text.getWriteExtParams)
    __arm_cp.36_1                            0x080067e8   Number         4  serial_reader.o(.text.getWriteExtParams)
    initTxRxMapFromPorts                     0x080067ed   Thumb Code    46  serial_reader.o(.text.initTxRxMapFromPorts)
    [Anonymous Symbol]                       0x080067ec   Section        0  serial_reader.o(.text.initTxRxMapFromPorts)
    [Anonymous Symbol]                       0x0800681a   Section        0  serial_reader.o(.text.isTagTypeFilterAvail)
    [Anonymous Symbol]                       0x08006848   Section        0  read.o(.text.main)
    __arm_cp.1_1                             0x080069a0   Number         4  read.o(.text.main)
    __arm_cp.1_2                             0x080069a4   Number         4  read.o(.text.main)
    [Anonymous Symbol]                       0x080069a8   Section        0  tm_reader_async.o(.text.notify_read_listeners)
    [Anonymous Symbol]                       0x080069ca   Section        0  serial_reader_l3.o(.text.parseEBVdata)
    prepEmbReadTagMultiple                   0x080069f9   Thumb Code    64  serial_reader.o(.text.prepEmbReadTagMultiple)
    [Anonymous Symbol]                       0x080069f8   Section        0  serial_reader.o(.text.prepEmbReadTagMultiple)
    __arm_cp.40_0                            0x08006a34   Number         4  serial_reader.o(.text.prepEmbReadTagMultiple)
    [Anonymous Symbol]                       0x08006a38   Section        0  serial_reader.o(.text.prepForSearch)
    [Anonymous Symbol]                       0x08006b40   Section        0  tm_reader_async.o(.text.restart_reading)
    __arm_cp.6_0                             0x08006b8c   Number         4  tm_reader_async.o(.text.restart_reading)
    __arm_cp.6_1                             0x08006b90   Number         4  tm_reader_async.o(.text.restart_reading)
    s_flush                                  0x08006b95   Thumb Code     4  serial_transport_stm32f103rb.o(.text.s_flush)
    [Anonymous Symbol]                       0x08006b94   Section        0  serial_transport_stm32f103rb.o(.text.s_flush)
    s_open                                   0x08006b99   Thumb Code   176  serial_transport_stm32f103rb.o(.text.s_open)
    [Anonymous Symbol]                       0x08006b98   Section        0  serial_transport_stm32f103rb.o(.text.s_open)
    __arm_cp.3_2                             0x08006c38   Number         4  serial_transport_stm32f103rb.o(.text.s_open)
    __arm_cp.3_3                             0x08006c3c   Number         4  serial_transport_stm32f103rb.o(.text.s_open)
    __arm_cp.3_4                             0x08006c40   Number         4  serial_transport_stm32f103rb.o(.text.s_open)
    __arm_cp.3_6                             0x08006c44   Number         4  serial_transport_stm32f103rb.o(.text.s_open)
    s_receiveBytes                           0x08006c49   Thumb Code    56  serial_transport_stm32f103rb.o(.text.s_receiveBytes)
    [Anonymous Symbol]                       0x08006c48   Section        0  serial_transport_stm32f103rb.o(.text.s_receiveBytes)
    __arm_cp.5_0                             0x08006c7c   Number         4  serial_transport_stm32f103rb.o(.text.s_receiveBytes)
    s_sendBytes                              0x08006c81   Thumb Code    36  serial_transport_stm32f103rb.o(.text.s_sendBytes)
    [Anonymous Symbol]                       0x08006c80   Section        0  serial_transport_stm32f103rb.o(.text.s_sendBytes)
    __arm_cp.4_0                             0x08006ca0   Number         4  serial_transport_stm32f103rb.o(.text.s_sendBytes)
    s_setBaudRate                            0x08006ca5   Thumb Code    24  serial_transport_stm32f103rb.o(.text.s_setBaudRate)
    [Anonymous Symbol]                       0x08006ca4   Section        0  serial_transport_stm32f103rb.o(.text.s_setBaudRate)
    __arm_cp.6_0                             0x08006cb4   Number         4  serial_transport_stm32f103rb.o(.text.s_setBaudRate)
    __arm_cp.6_1                             0x08006cb8   Number         4  serial_transport_stm32f103rb.o(.text.s_setBaudRate)
    s_shutdown                               0x08006cbd   Thumb Code    20  serial_transport_stm32f103rb.o(.text.s_shutdown)
    [Anonymous Symbol]                       0x08006cbc   Section        0  serial_transport_stm32f103rb.o(.text.s_shutdown)
    __arm_cp.7_0                             0x08006ccc   Number         4  serial_transport_stm32f103rb.o(.text.s_shutdown)
    setAntennaList                           0x08006cd1   Thumb Code   112  serial_reader.o(.text.setAntennaList)
    [Anonymous Symbol]                       0x08006cd0   Section        0  serial_reader.o(.text.setAntennaList)
    [Anonymous Symbol]                       0x08006d40   Section        0  serial_reader.o(.text.setAntennaReadTimeHelper)
    __arm_cp.9_0                             0x08006ea8   Number         4  serial_reader.o(.text.setAntennaReadTimeHelper)
    __arm_cp.9_1                             0x08006eac   Number         4  serial_reader.o(.text.setAntennaReadTimeHelper)
    [Anonymous Symbol]                       0x08006eb0   Section        0  serial_reader.o(.text.setAntennaReadTimeList)
    __arm_cp.10_0                            0x08006f08   Number         4  serial_reader.o(.text.setAntennaReadTimeList)
    setPortValues                            0x08006f0d   Thumb Code   180  serial_reader.o(.text.setPortValues)
    [Anonymous Symbol]                       0x08006f0c   Section        0  serial_reader.o(.text.setPortValues)
    __arm_cp.42_0                            0x08006fbc   Number         4  serial_reader.o(.text.setPortValues)
    setProtocol                              0x08006fc1   Thumb Code    36  serial_reader.o(.text.setProtocol)
    [Anonymous Symbol]                       0x08006fc0   Section        0  serial_reader.o(.text.setProtocol)
    tm_crc                                   0x08006fe5   Thumb Code    64  serial_reader_l3.o(.text.tm_crc)
    [Anonymous Symbol]                       0x08006fe4   Section        0  serial_reader_l3.o(.text.tm_crc)
    __arm_cp.4_0                             0x08007020   Number         4  serial_reader_l3.o(.text.tm_crc)
    [Anonymous Symbol]                       0x08007024   Section        0  tmr_utils.o(.text.tm_gettime_consistent)
    [Anonymous Symbol]                       0x0800704a   Section        0  tmr_utils.o(.text.tm_memcpy)
    [Anonymous Symbol]                       0x0800705c   Section        0  tmr_utils.o(.text.tm_strcpy)
    [Anonymous Symbol]                       0x0800706a   Section        0  tmr_utils.o(.text.tm_time_subtract)
    [Anonymous Symbol]                       0x08007076   Section        0  tmr_utils.o(.text.tm_u8s_per_bits)
    [Anonymous Symbol]                       0x08007088   Section        0  osdep_stm32f103rb.o(.text.tmr_gettime)
    __arm_cp.1_0                             0x080070b8   Number         4  osdep_stm32f103rb.o(.text.tmr_gettime)
    __arm_cp.1_1                             0x080070bc   Number         4  osdep_stm32f103rb.o(.text.tmr_gettime)
    __arm_cp.1_2                             0x080070c0   Number         4  osdep_stm32f103rb.o(.text.tmr_gettime)
    __arm_cp.1_3                             0x080070c4   Number         4  osdep_stm32f103rb.o(.text.tmr_gettime)
    [Anonymous Symbol]                       0x080070c8   Section        0  osdep_stm32f103rb.o(.text.tmr_gettime_high)
    [Anonymous Symbol]                       0x080070d2   Section        0  osdep_stm32f103rb.o(.text.tmr_gettime_low)
    [Anonymous Symbol]                       0x080070da   Section        0  serial_reader.o(.text.updateTxRxMapData)
    [Anonymous Symbol]                       0x0800713c   Section        0  serial_reader.o(.text.validateParams)
    [Anonymous Symbol]                       0x08007198   Section        0  tm_reader.o(.text.validateReadPlan)
    [Anonymous Symbol]                       0x080071c0   Section        0  serial_reader.o(.text.verifySearchStatus)
    __arm_cp.4_0                             0x08007228   Number         4  serial_reader.o(.text.verifySearchStatus)
    __arm_cp.4_1                             0x0800722c   Number         4  serial_reader.o(.text.verifySearchStatus)
    [Anonymous Symbol]                       0x08007230   Section        0  tm_reader.o(.text.versionCompare)
    i.__0sprintf$1                           0x08007260   Section        0  printf1.o(i.__0sprintf$1)
    i.__scatterload_copy                     0x08007288   Section       14  handlers.o(i.__scatterload_copy)
    i.__scatterload_null                     0x08007296   Section        2  handlers.o(i.__scatterload_null)
    i.__scatterload_zeroinit                 0x08007298   Section       14  handlers.o(i.__scatterload_zeroinit)
    _printf_core                             0x080072a9   Thumb Code   336  printf1.o(i._printf_core)
    i._printf_core                           0x080072a8   Section        0  printf1.o(i._printf_core)
    _sputc                                   0x080073fd   Thumb Code    10  printf1.o(i._sputc)
    i._sputc                                 0x080073fc   Section        0  printf1.o(i._sputc)
    crctable                                 0x08007406   Data          32  serial_reader_l3.o(.rodata.cst32)
    hexchars                                 0x08007426   Data          17  hex_bytes.o(.rodata.str1.1)
    [Anonymous Symbol]                       0x08007426   Section        0  hex_bytes.o(.rodata.str1.1)
    .L.str.10                                0x08007437   Data           9  serial_reader.o(.rodata.str1.1)
    [Anonymous Symbol]                       0x08007437   Section        0  serial_reader.o(.rodata.str1.1)
    .L.str.8                                 0x08007440   Data           9  serial_reader.o(.rodata.str1.1)
    .L.str.11                                0x08007449   Data           9  serial_reader.o(.rodata.str1.1)
    .L.str                                   0x08007452   Data           4  serial_reader.o(.rodata.str1.1)
    .L.str.12                                0x08007456   Data           8  serial_reader.o(.rodata.str1.1)
    .L.str.7                                 0x0800745e   Data           9  serial_reader.o(.rodata.str1.1)
    .L.str.9                                 0x08007467   Data          10  serial_reader.o(.rodata.str1.1)
    .L.str.16                                0x08007471   Data          11  serial_reader.o(.rodata.str1.1)
    .L.str.14                                0x0800747c   Data          16  serial_reader.o(.rodata.str1.1)
    .L.str.15                                0x0800748c   Data          18  serial_reader.o(.rodata.str1.1)
    .L.str.5                                 0x0800749e   Data           4  read.o(.rodata.str1.1)
    [Anonymous Symbol]                       0x0800749e   Section        0  read.o(.rodata.str1.1)
    state                                    0x20000000   Data           4  strtok.o(.data)
    .data                                    0x20000000   Section        4  strtok.o(.data)
    [Anonymous Symbol]                       0x20000008   Section        0  serial_reader.o(.bss..L_MergedGlobals)
    [Anonymous Symbol]                       0x20000018   Section        0  serial_reader_l3.o(.bss..L_MergedGlobals)
    transportTableInitialized                0x20000038   Data           1  tm_reader.o(.bss..L_MergedGlobals)
    [Anonymous Symbol]                       0x20000038   Section        0  tm_reader.o(.bss..L_MergedGlobals)
    tdTable.2                                0x2000003c   Data           1  tm_reader.o(.bss..L_MergedGlobals)
    tdTable.0                                0x20000040   Data           4  tm_reader.o(.bss..L_MergedGlobals)
    tdTableData                              0x2000025c   Data         560  tm_reader.o(.bss.tdTableData)
    [Anonymous Symbol]                       0x2000025c   Section        0  tm_reader.o(.bss.tdTableData)
    tx_restart                               0x2000048c   Data           1  serial_transport_stm32f103rb.o(.bss.tx_restart)
    [Anonymous Symbol]                       0x2000048c   Section        0  serial_transport_stm32f103rb.o(.bss.tx_restart)
    STACK                                    0x20000490   Section    16384  startup_stm32f10x_md.o(STACK)

    Global Symbols

    Symbol Name                              Value     Ov Type        Size  Object(Section)

    BuildAttributes$$THM_ISAv4$P$D$K$B$S$PE$A:L22UL41UL21$X:L11$S22US41US21$IEEE1$IW$~IW$USESV6$~STKCKD$USESV7$~SHL$OSPACE$ROPI$EBA8$MICROLIB$REQ8$PRES8$EABIv2 0x00000000   Number         0  anon$$obj.o ABSOLUTE
    _printf_a                                0x00000000   Number         0  printfstubs.o ABSOLUTE
    _printf_c                                0x00000000   Number         0  printfstubs.o ABSOLUTE
    _printf_charcount                        0x00000000   Number         0  printfstubs.o ABSOLUTE
    _printf_d                                0x00000000   Number         0  printfstubs.o ABSOLUTE
    _printf_e                                0x00000000   Number         0  printfstubs.o ABSOLUTE
    _printf_f                                0x00000000   Number         0  printfstubs.o ABSOLUTE
    _printf_flags                            0x00000000   Number         0  printfstubs.o ABSOLUTE
    _printf_fp_dec                           0x00000000   Number         0  printfstubs.o ABSOLUTE
    _printf_fp_hex                           0x00000000   Number         0  printfstubs.o ABSOLUTE
    _printf_g                                0x00000000   Number         0  printfstubs.o ABSOLUTE
    _printf_i                                0x00000000   Number         0  printfstubs.o ABSOLUTE
    _printf_int_dec                          0x00000000   Number         0  printfstubs.o ABSOLUTE
    _printf_l                                0x00000000   Number         0  printfstubs.o ABSOLUTE
    _printf_lc                               0x00000000   Number         0  printfstubs.o ABSOLUTE
    _printf_ll                               0x00000000   Number         0  printfstubs.o ABSOLUTE
    _printf_lld                              0x00000000   Number         0  printfstubs.o ABSOLUTE
    _printf_lli                              0x00000000   Number         0  printfstubs.o ABSOLUTE
    _printf_llo                              0x00000000   Number         0  printfstubs.o ABSOLUTE
    _printf_llu                              0x00000000   Number         0  printfstubs.o ABSOLUTE
    _printf_llx                              0x00000000   Number         0  printfstubs.o ABSOLUTE
    _printf_longlong_dec                     0x00000000   Number         0  printfstubs.o ABSOLUTE
    _printf_longlong_hex                     0x00000000   Number         0  printfstubs.o ABSOLUTE
    _printf_longlong_oct                     0x00000000   Number         0  printfstubs.o ABSOLUTE
    _printf_ls                               0x00000000   Number         0  printfstubs.o ABSOLUTE
    _printf_mbtowc                           0x00000000   Number         0  printfstubs.o ABSOLUTE
    _printf_n                                0x00000000   Number         0  printfstubs.o ABSOLUTE
    _printf_o                                0x00000000   Number         0  printfstubs.o ABSOLUTE
    _printf_p                                0x00000000   Number         0  printfstubs.o ABSOLUTE
    _printf_percent                          0x00000000   Number         0  printfstubs.o ABSOLUTE
    _printf_pre_padding                      0x00000000   Number         0  printfstubs.o ABSOLUTE
    _printf_return_value                     0x00000000   Number         0  printfstubs.o ABSOLUTE
    _printf_s                                0x00000000   Number         0  printfstubs.o ABSOLUTE
    _printf_sizespec                         0x00000000   Number         0  printfstubs.o ABSOLUTE
    _printf_str                              0x00000000   Number         0  printfstubs.o ABSOLUTE
    _printf_truncate_signed                  0x00000000   Number         0  printfstubs.o ABSOLUTE
    _printf_truncate_unsigned                0x00000000   Number         0  printfstubs.o ABSOLUTE
    _printf_u                                0x00000000   Number         0  printfstubs.o ABSOLUTE
    _printf_wc                               0x00000000   Number         0  printfstubs.o ABSOLUTE
    _printf_wctomb                           0x00000000   Number         0  printfstubs.o ABSOLUTE
    _printf_widthprec                        0x00000000   Number         0  printfstubs.o ABSOLUTE
    _printf_x                                0x00000000   Number         0  printfstubs.o ABSOLUTE
    __cpp_initialize__aeabi_                  - Undefined Weak Reference
    __cxa_finalize                            - Undefined Weak Reference
    __decompress                              - Undefined Weak Reference
    _clock_init                               - Undefined Weak Reference
    _microlib_exit                            - Undefined Weak Reference
    __Vectors_Size                           0x000000ec   Number         0  startup_stm32f10x_md.o ABSOLUTE
    __Vectors                                0x08000000   Data           4  startup_stm32f10x_md.o(RESET)
    __Vectors_End                            0x080000ec   Data           0  startup_stm32f10x_md.o(RESET)
    __main                                   0x080000ed   Thumb Code     0  entry.o(.ARM.Collect$$$$00000000)
    _main_stk                                0x080000ed   Thumb Code     0  entry2.o(.ARM.Collect$$$$00000001)
    _main_scatterload                        0x080000f1   Thumb Code     0  entry5.o(.ARM.Collect$$$$00000004)
    __main_after_scatterload                 0x080000f5   Thumb Code     0  entry5.o(.ARM.Collect$$$$00000004)
    _main_clock                              0x080000f5   Thumb Code     0  entry7b.o(.ARM.Collect$$$$00000008)
    _main_cpp_init                           0x080000f5   Thumb Code     0  entry8b.o(.ARM.Collect$$$$0000000A)
    _main_init                               0x080000f5   Thumb Code     0  entry9a.o(.ARM.Collect$$$$0000000B)
    __rt_final_cpp                           0x080000fd   Thumb Code     0  entry10a.o(.ARM.Collect$$$$0000000D)
    __rt_final_exit                          0x080000fd   Thumb Code     0  entry11a.o(.ARM.Collect$$$$0000000F)
    Reset_Handler                            0x08000101   Thumb Code     8  startup_stm32f10x_md.o(.text)
    NMI_Handler                              0x08000109   Thumb Code     2  startup_stm32f10x_md.o(.text)
    HardFault_Handler                        0x0800010b   Thumb Code     2  startup_stm32f10x_md.o(.text)
    MemManage_Handler                        0x0800010d   Thumb Code     2  startup_stm32f10x_md.o(.text)
    BusFault_Handler                         0x0800010f   Thumb Code     2  startup_stm32f10x_md.o(.text)
    UsageFault_Handler                       0x08000111   Thumb Code     2  startup_stm32f10x_md.o(.text)
    SVC_Handler                              0x08000113   Thumb Code     2  startup_stm32f10x_md.o(.text)
    DebugMon_Handler                         0x08000115   Thumb Code     2  startup_stm32f10x_md.o(.text)
    PendSV_Handler                           0x08000117   Thumb Code     2  startup_stm32f10x_md.o(.text)
    ADC1_2_IRQHandler                        0x0800011b   Thumb Code     0  startup_stm32f10x_md.o(.text)
    CAN1_RX1_IRQHandler                      0x0800011b   Thumb Code     0  startup_stm32f10x_md.o(.text)
    CAN1_SCE_IRQHandler                      0x0800011b   Thumb Code     0  startup_stm32f10x_md.o(.text)
    DMA1_Channel1_IRQHandler                 0x0800011b   Thumb Code     0  startup_stm32f10x_md.o(.text)
    DMA1_Channel2_IRQHandler                 0x0800011b   Thumb Code     0  startup_stm32f10x_md.o(.text)
    DMA1_Channel3_IRQHandler                 0x0800011b   Thumb Code     0  startup_stm32f10x_md.o(.text)
    DMA1_Channel4_IRQHandler                 0x0800011b   Thumb Code     0  startup_stm32f10x_md.o(.text)
    DMA1_Channel5_IRQHandler                 0x0800011b   Thumb Code     0  startup_stm32f10x_md.o(.text)
    DMA1_Channel6_IRQHandler                 0x0800011b   Thumb Code     0  startup_stm32f10x_md.o(.text)
    DMA1_Channel7_IRQHandler                 0x0800011b   Thumb Code     0  startup_stm32f10x_md.o(.text)
    EXTI0_IRQHandler                         0x0800011b   Thumb Code     0  startup_stm32f10x_md.o(.text)
    EXTI15_10_IRQHandler                     0x0800011b   Thumb Code     0  startup_stm32f10x_md.o(.text)
    EXTI1_IRQHandler                         0x0800011b   Thumb Code     0  startup_stm32f10x_md.o(.text)
    EXTI2_IRQHandler                         0x0800011b   Thumb Code     0  startup_stm32f10x_md.o(.text)
    EXTI3_IRQHandler                         0x0800011b   Thumb Code     0  startup_stm32f10x_md.o(.text)
    EXTI4_IRQHandler                         0x0800011b   Thumb Code     0  startup_stm32f10x_md.o(.text)
    EXTI9_5_IRQHandler                       0x0800011b   Thumb Code     0  startup_stm32f10x_md.o(.text)
    FLASH_IRQHandler                         0x0800011b   Thumb Code     0  startup_stm32f10x_md.o(.text)
    I2C1_ER_IRQHandler                       0x0800011b   Thumb Code     0  startup_stm32f10x_md.o(.text)
    I2C1_EV_IRQHandler                       0x0800011b   Thumb Code     0  startup_stm32f10x_md.o(.text)
    I2C2_ER_IRQHandler                       0x0800011b   Thumb Code     0  startup_stm32f10x_md.o(.text)
    I2C2_EV_IRQHandler                       0x0800011b   Thumb Code     0  startup_stm32f10x_md.o(.text)
    PVD_IRQHandler                           0x0800011b   Thumb Code     0  startup_stm32f10x_md.o(.text)
    RCC_IRQHandler                           0x0800011b   Thumb Code     0  startup_stm32f10x_md.o(.text)
    RTCAlarm_IRQHandler                      0x0800011b   Thumb Code     0  startup_stm32f10x_md.o(.text)
    RTC_IRQHandler                           0x0800011b   Thumb Code     0  startup_stm32f10x_md.o(.text)
    SPI1_IRQHandler                          0x0800011b   Thumb Code     0  startup_stm32f10x_md.o(.text)
    SPI2_IRQHandler                          0x0800011b   Thumb Code     0  startup_stm32f10x_md.o(.text)
    TAMPER_IRQHandler                        0x0800011b   Thumb Code     0  startup_stm32f10x_md.o(.text)
    TIM1_BRK_IRQHandler                      0x0800011b   Thumb Code     0  startup_stm32f10x_md.o(.text)
    TIM1_CC_IRQHandler                       0x0800011b   Thumb Code     0  startup_stm32f10x_md.o(.text)
    TIM1_TRG_COM_IRQHandler                  0x0800011b   Thumb Code     0  startup_stm32f10x_md.o(.text)
    TIM1_UP_IRQHandler                       0x0800011b   Thumb Code     0  startup_stm32f10x_md.o(.text)
    TIM2_IRQHandler                          0x0800011b   Thumb Code     0  startup_stm32f10x_md.o(.text)
    TIM3_IRQHandler                          0x0800011b   Thumb Code     0  startup_stm32f10x_md.o(.text)
    TIM4_IRQHandler                          0x0800011b   Thumb Code     0  startup_stm32f10x_md.o(.text)
    USART2_IRQHandler                        0x0800011b   Thumb Code     0  startup_stm32f10x_md.o(.text)
    USART3_IRQHandler                        0x0800011b   Thumb Code     0  startup_stm32f10x_md.o(.text)
    USBWakeUp_IRQHandler                     0x0800011b   Thumb Code     0  startup_stm32f10x_md.o(.text)
    USB_HP_CAN1_TX_IRQHandler                0x0800011b   Thumb Code     0  startup_stm32f10x_md.o(.text)
    USB_LP_CAN1_RX0_IRQHandler               0x0800011b   Thumb Code     0  startup_stm32f10x_md.o(.text)
    WWDG_IRQHandler                          0x0800011b   Thumb Code     0  startup_stm32f10x_md.o(.text)
    __aeabi_llsl                             0x08000125   Thumb Code    30  llshl.o(.text)
    _ll_shift_l                              0x08000125   Thumb Code     0  llshl.o(.text)
    ___aeabi_memcpy8$move                    0x08000143   Thumb Code     0  memmovea.o(.text)
    __aeabi_memcpy                           0x08000143   Thumb Code    64  memmovea.o(.text)
    __aeabi_memcpy4                          0x08000143   Thumb Code     0  memmovea.o(.text)
    __aeabi_memmove                          0x08000143   Thumb Code     0  memmovea.o(.text)
    __aeabi_memmove4                         0x08000143   Thumb Code     0  memmovea.o(.text)
    __aeabi_memmove8                         0x08000143   Thumb Code     0  memmovea.o(.text)
    __aeabi_memset                           0x08000183   Thumb Code    14  memseta.o(.text)
    __aeabi_memset4                          0x08000183   Thumb Code     0  memseta.o(.text)
    __aeabi_memset8                          0x08000183   Thumb Code     0  memseta.o(.text)
    __aeabi_memclr                           0x08000191   Thumb Code     4  memseta.o(.text)
    __aeabi_memclr4                          0x08000191   Thumb Code     0  memseta.o(.text)
    __aeabi_memclr8                          0x08000191   Thumb Code     0  memseta.o(.text)
    _memset$wrapper                          0x08000195   Thumb Code    18  memseta.o(.text)
    strncpy                                  0x080001a7   Thumb Code    24  strncpy.o(.text)
    strlen                                   0x080001bf   Thumb Code    14  strlen.o(.text)
    strcmp                                   0x080001cd   Thumb Code    28  strcmp.o(.text)
    strncmp                                  0x080001e9   Thumb Code    30  strncmp.o(.text)
    strtok                                   0x08000209   Thumb Code    62  strtok.o(.text)
    __aeabi_uidiv                            0x0800024d   Thumb Code     0  uidiv.o(.text)
    __aeabi_uidivmod                         0x0800024d   Thumb Code    44  uidiv.o(.text)
    __scatterload                            0x08000279   Thumb Code    28  init.o(.text)
    __scatterload_rt2                        0x08000279   Thumb Code     0  init.o(.text)
    SendChar                                 0x0800029d   Thumb Code    96  serial_transport_stm32f103rb.o(.text.SendChar)
    SysTick_Handler                          0x080002fd   Thumb Code    16  osdep_stm32f103rb.o(.text.SysTick_Handler)
    SystemInit                               0x0800030d   Thumb Code   240  system_stm32f10x.o(.text.SystemInit)
    TMR_RP_init_simple                       0x080003fd   Thumb Code    48  tm_reader.o(.text.TMR_RP_init_simple)
    TMR_SR_SerialReader_init                 0x0800042d   Thumb Code   224  serial_reader.o(.text.TMR_SR_SerialReader_init)
    TMR_SR_SerialTransportNativeInit         0x0800050d   Thumb Code    60  serial_transport_stm32f103rb.o(.text.TMR_SR_SerialTransportNativeInit)
    TMR_SR_addTagOp                          0x08000549   Thumb Code  1336  serial_reader.o(.text.TMR_SR_addTagOp)
    TMR_SR_boot                              0x08000a81   Thumb Code   104  serial_reader.o(.text.TMR_SR_boot)
    TMR_SR_callSendCmd                       0x08000ae9   Thumb Code    24  serial_reader_l3.o(.text.TMR_SR_callSendCmd)
    TMR_SR_cmdAntennaDetect                  0x08000b01   Thumb Code    96  serial_reader_l3.o(.text.TMR_SR_cmdAntennaDetect)
    TMR_SR_cmdAuthReqResponse                0x08000b61   Thumb Code   104  serial_reader_l3.o(.text.TMR_SR_cmdAuthReqResponse)
    TMR_SR_cmdBootFirmware                   0x08000bc9   Thumb Code    56  serial_reader_l3.o(.text.TMR_SR_cmdBootFirmware)
    TMR_SR_cmdClearTagBuffer                 0x08000c01   Thumb Code    16  serial_reader_l3.o(.text.TMR_SR_cmdClearTagBuffer)
    TMR_SR_cmdFrameHeader                    0x08000c11   Thumb Code    88  serial_reader_l3.o(.text.TMR_SR_cmdFrameHeader)
    TMR_SR_cmdGetAntennaPortPowersAndSettlingTime 0x08000c69   Thumb Code   192  serial_reader_l3.o(.text.TMR_SR_cmdGetAntennaPortPowersAndSettlingTime)
    TMR_SR_cmdGetAntennaReturnLoss           0x08000d29   Thumb Code    92  serial_reader_l3.o(.text.TMR_SR_cmdGetAntennaReturnLoss)
    TMR_SR_cmdGetAvailableProtocols          0x08000d85   Thumb Code   106  serial_reader_l3.o(.text.TMR_SR_cmdGetAvailableProtocols)
    TMR_SR_cmdGetAvailableRegions            0x08000def   Thumb Code    66  serial_reader_l3.o(.text.TMR_SR_cmdGetAvailableRegions)
    TMR_SR_cmdGetCurrentProtocol             0x08000e31   Thumb Code    26  serial_reader_l3.o(.text.TMR_SR_cmdGetCurrentProtocol)
    TMR_SR_cmdGetFrequencyHopTable           0x08000e4b   Thumb Code    64  serial_reader_l3.o(.text.TMR_SR_cmdGetFrequencyHopTable)
    TMR_SR_cmdGetFrequencyHopTableOption     0x08000e8d   Thumb Code    52  serial_reader_l3.o(.text.TMR_SR_cmdGetFrequencyHopTableOption)
    TMR_SR_cmdGetFrequencyHopTime            0x08000ec1   Thumb Code     6  serial_reader_l3.o(.text.TMR_SR_cmdGetFrequencyHopTime)
    TMR_SR_cmdGetGPIO                        0x08000ec9   Thumb Code   144  serial_reader_l3.o(.text.TMR_SR_cmdGetGPIO)
    TMR_SR_cmdGetGPIODirection               0x08000f59   Thumb Code    56  serial_reader_l3.o(.text.TMR_SR_cmdGetGPIODirection)
    TMR_SR_cmdGetHardwareVersion             0x08000f91   Thumb Code    84  serial_reader_l3.o(.text.TMR_SR_cmdGetHardwareVersion)
    TMR_SR_cmdGetMinimumFrequency            0x08000fe5   Thumb Code     6  serial_reader_l3.o(.text.TMR_SR_cmdGetMinimumFrequency)
    TMR_SR_cmdGetPowerMode                   0x08000feb   Thumb Code    26  serial_reader_l3.o(.text.TMR_SR_cmdGetPowerMode)
    TMR_SR_cmdGetProtocolConfiguration       0x08001005   Thumb Code   480  serial_reader_l3.o(.text.TMR_SR_cmdGetProtocolConfiguration)
    TMR_SR_cmdGetProtocolList                0x080011e5   Thumb Code    92  serial_reader_l3.o(.text.TMR_SR_cmdGetProtocolList)
    TMR_SR_cmdGetQuantizationStep            0x08001241   Thumb Code     6  serial_reader_l3.o(.text.TMR_SR_cmdGetQuantizationStep)
    TMR_SR_cmdGetReadTxPower                 0x08001247   Thumb Code     6  serial_reader_l3.o(.text.TMR_SR_cmdGetReadTxPower)
    TMR_SR_cmdGetReadTxPowerWithLimits       0x0800124d   Thumb Code    68  serial_reader_l3.o(.text.TMR_SR_cmdGetReadTxPowerWithLimits)
    TMR_SR_cmdGetReadWriteTxPower            0x08001291   Thumb Code    56  serial_reader_l3.o(.text.TMR_SR_cmdGetReadWriteTxPower)
    TMR_SR_cmdGetReaderConfiguration         0x080012c9   Thumb Code   140  serial_reader_l3.o(.text.TMR_SR_cmdGetReaderConfiguration)
    TMR_SR_cmdGetReaderStatistics            0x08001355   Thumb Code   240  serial_reader_l3.o(.text.TMR_SR_cmdGetReaderStatistics)
    TMR_SR_cmdGetReaderStats                 0x08001445   Thumb Code   336  serial_reader_l3.o(.text.TMR_SR_cmdGetReaderStats)
    TMR_SR_cmdGetReaderWriteTimeOut          0x08001595   Thumb Code    72  serial_reader_l3.o(.text.TMR_SR_cmdGetReaderWriteTimeOut)
    TMR_SR_cmdGetRegion                      0x080015dd   Thumb Code    26  serial_reader_l3.o(.text.TMR_SR_cmdGetRegion)
    TMR_SR_cmdGetRegionConfiguration         0x080015f9   Thumb Code   100  serial_reader_l3.o(.text.TMR_SR_cmdGetRegionConfiguration)
    TMR_SR_cmdGetTagsRemaining               0x0800165d   Thumb Code    40  serial_reader_l3.o(.text.TMR_SR_cmdGetTagsRemaining)
    TMR_SR_cmdGetTemperature                 0x08001685   Thumb Code    26  serial_reader_l3.o(.text.TMR_SR_cmdGetTemperature)
    TMR_SR_cmdGetUserMode                    0x0800169f   Thumb Code    26  serial_reader_l3.o(.text.TMR_SR_cmdGetUserMode)
    TMR_SR_cmdGetWriteTxPower                0x080016b9   Thumb Code     6  serial_reader_l3.o(.text.TMR_SR_cmdGetWriteTxPower)
    TMR_SR_cmdMultipleProtocolSearch         0x080016c1   Thumb Code   200  serial_reader_l3.o(.text.TMR_SR_cmdMultipleProtocolSearch)
    TMR_SR_cmdProbeBaudRate                  0x08001789   Thumb Code   252  serial_reader.o(.text.TMR_SR_cmdProbeBaudRate)
    TMR_SR_cmdReadTagMultiple                0x08001885   Thumb Code   156  serial_reader_l3.o(.text.TMR_SR_cmdReadTagMultiple)
    TMR_SR_cmdResetReaderStatistics          0x08001921   Thumb Code    48  serial_reader_l3.o(.text.TMR_SR_cmdResetReaderStatistics)
    TMR_SR_cmdResetReaderStats               0x08001951   Thumb Code    84  serial_reader_l3.o(.text.TMR_SR_cmdResetReaderStats)
    TMR_SR_cmdSetAntennaPortPowersAndSettlingTime 0x080019a5   Thumb Code   164  serial_reader_l3.o(.text.TMR_SR_cmdSetAntennaPortPowersAndSettlingTime)
    TMR_SR_cmdSetAntennaSearchList           0x08001a49   Thumb Code    64  serial_reader_l3.o(.text.TMR_SR_cmdSetAntennaSearchList)
    TMR_SR_cmdSetBaudRate                    0x08001a89   Thumb Code    52  serial_reader_l3.o(.text.TMR_SR_cmdSetBaudRate)
    TMR_SR_cmdSetFrequencyHopTable           0x08001abd   Thumb Code   108  serial_reader_l3.o(.text.TMR_SR_cmdSetFrequencyHopTable)
    TMR_SR_cmdSetFrequencyHopTableOption     0x08001b29   Thumb Code    56  serial_reader_l3.o(.text.TMR_SR_cmdSetFrequencyHopTableOption)
    TMR_SR_cmdSetGPIODirection               0x08001b61   Thumb Code    48  serial_reader_l3.o(.text.TMR_SR_cmdSetGPIODirection)
    TMR_SR_cmdSetMode                        0x08001b91   Thumb Code    32  serial_reader_l3.o(.text.TMR_SR_cmdSetMode)
    TMR_SR_cmdSetPowerMode                   0x08001bb1   Thumb Code     6  serial_reader_l3.o(.text.TMR_SR_cmdSetPowerMode)
    TMR_SR_cmdSetProtocol                    0x08001bb9   Thumb Code    40  serial_reader_l3.o(.text.TMR_SR_cmdSetProtocol)
    TMR_SR_cmdSetProtocolConfiguration       0x08001be1   Thumb Code   512  serial_reader_l3.o(.text.TMR_SR_cmdSetProtocolConfiguration)
    TMR_SR_cmdSetProtocolLicenseKey          0x08001de1   Thumb Code   124  serial_reader_l3.o(.text.TMR_SR_cmdSetProtocolLicenseKey)
    TMR_SR_cmdSetProtocolList                0x08001e5d   Thumb Code   116  serial_reader_l3.o(.text.TMR_SR_cmdSetProtocolList)
    TMR_SR_cmdSetReadTxPower                 0x08001ed1   Thumb Code     6  serial_reader_l3.o(.text.TMR_SR_cmdSetReadTxPower)
    TMR_SR_cmdSetReadWriteTxPower            0x08001ed9   Thumb Code    64  serial_reader_l3.o(.text.TMR_SR_cmdSetReadWriteTxPower)
    TMR_SR_cmdSetReaderConfiguration         0x08001f19   Thumb Code   140  serial_reader_l3.o(.text.TMR_SR_cmdSetReaderConfiguration)
    TMR_SR_cmdSetReaderWriteTimeOut          0x08001fa5   Thumb Code    60  serial_reader_l3.o(.text.TMR_SR_cmdSetReaderWriteTimeOut)
    TMR_SR_cmdSetRegion                      0x08001fe1   Thumb Code   124  serial_reader_l3.o(.text.TMR_SR_cmdSetRegion)
    TMR_SR_cmdSetRegionDwellTime             0x0800205d   Thumb Code    52  serial_reader_l3.o(.text.TMR_SR_cmdSetRegionDwellTime)
    TMR_SR_cmdSetRegionDwellTimeEnable       0x08002091   Thumb Code     6  serial_reader_l3.o(.text.TMR_SR_cmdSetRegionDwellTimeEnable)
    TMR_SR_cmdSetRegionDwellTimeLbtEnable    0x08002099   Thumb Code    44  serial_reader_l3.o(.text.TMR_SR_cmdSetRegionDwellTimeLbtEnable)
    TMR_SR_cmdSetRegionLbt                   0x080020c5   Thumb Code     6  serial_reader_l3.o(.text.TMR_SR_cmdSetRegionLbt)
    TMR_SR_cmdSetRegionLbtThreshold          0x080020cd   Thumb Code    48  serial_reader_l3.o(.text.TMR_SR_cmdSetRegionLbtThreshold)
    TMR_SR_cmdSetTxRxPorts                   0x080020fd   Thumb Code    40  serial_reader_l3.o(.text.TMR_SR_cmdSetTxRxPorts)
    TMR_SR_cmdSetUserMode                    0x08002125   Thumb Code     6  serial_reader_l3.o(.text.TMR_SR_cmdSetUserMode)
    TMR_SR_cmdSetUserProfile                 0x0800212d   Thumb Code   524  serial_reader_l3.o(.text.TMR_SR_cmdSetUserProfile)
    TMR_SR_cmdSetWriteTxPower                0x08002339   Thumb Code     6  serial_reader_l3.o(.text.TMR_SR_cmdSetWriteTxPower)
    TMR_SR_cmdStopReading                    0x08002341   Thumb Code    60  serial_reader_l3.o(.text.TMR_SR_cmdStopReading)
    TMR_SR_cmdVersion                        0x0800237d   Thumb Code    56  serial_reader_l3.o(.text.TMR_SR_cmdVersion)
    TMR_SR_connect                           0x080023b5   Thumb Code    88  serial_reader.o(.text.TMR_SR_connect)
    TMR_SR_convertFromEBV                    0x0800240d   Thumb Code   248  tm_reader.o(.text.TMR_SR_convertFromEBV)
    TMR_SR_convertToEBV                      0x08002505   Thumb Code   260  tm_reader.o(.text.TMR_SR_convertToEBV)
    TMR_SR_destroy                           0x08002609   Thumb Code    26  serial_reader.o(.text.TMR_SR_destroy)
    TMR_SR_executeEmbeddedRead               0x08002625   Thumb Code   328  serial_reader_l3.o(.text.TMR_SR_executeEmbeddedRead)
    TMR_SR_getNextTag                        0x0800276d   Thumb Code   288  serial_reader.o(.text.TMR_SR_getNextTag)
    TMR_SR_getVersion                        0x0800288d   Thumb Code   100  serial_reader.o(.text.TMR_SR_getVersion)
    TMR_SR_hasMoreTags                       0x080028f1   Thumb Code   628  serial_reader.o(.text.TMR_SR_hasMoreTags)
    TMR_SR_msgAddAccessPassword              0x08002b65   Thumb Code    64  serial_reader_l3.o(.text.TMR_SR_msgAddAccessPassword)
    TMR_SR_msgAddExtendedParams              0x08002ba5   Thumb Code    84  serial_reader_l3.o(.text.TMR_SR_msgAddExtendedParams)
    TMR_SR_msgAddGEN2BlockErase              0x08002bf9   Thumb Code   192  serial_reader_l3.o(.text.TMR_SR_msgAddGEN2BlockErase)
    TMR_SR_msgAddGEN2BlockPermaLock          0x08002cb9   Thumb Code   332  serial_reader_l3.o(.text.TMR_SR_msgAddGEN2BlockPermaLock)
    TMR_SR_msgAddGEN2BlockWrite              0x08002e05   Thumb Code   356  serial_reader_l3.o(.text.TMR_SR_msgAddGEN2BlockWrite)
    TMR_SR_msgAddGEN2DataRead                0x08002f69   Thumb Code   152  serial_reader_l3.o(.text.TMR_SR_msgAddGEN2DataRead)
    TMR_SR_msgAddGEN2DataWrite               0x08003001   Thumb Code   172  serial_reader_l3.o(.text.TMR_SR_msgAddGEN2DataWrite)
    TMR_SR_msgAddGEN2KillTag                 0x080030ad   Thumb Code    96  serial_reader_l3.o(.text.TMR_SR_msgAddGEN2KillTag)
    TMR_SR_msgAddGEN2LockTag                 0x0800310d   Thumb Code   136  serial_reader_l3.o(.text.TMR_SR_msgAddGEN2LockTag)
    TMR_SR_msgAddGEN2WriteTagEPC             0x08003195   Thumb Code    92  serial_reader_l3.o(.text.TMR_SR_msgAddGEN2WriteTagEPC)
    TMR_SR_msgAddReadMemory                  0x080031f1   Thumb Code   176  serial_reader_l3.o(.text.TMR_SR_msgAddReadMemory)
    TMR_SR_msgAddWriteMemory                 0x080032a1   Thumb Code   136  serial_reader_l3.o(.text.TMR_SR_msgAddWriteMemory)
    TMR_SR_msgSetupMultipleProtocolSearch    0x08003329   Thumb Code   616  serial_reader_l3.o(.text.TMR_SR_msgSetupMultipleProtocolSearch)
    TMR_SR_msgSetupReadTagMultiple           0x08003591   Thumb Code    34  serial_reader_l3.o(.text.TMR_SR_msgSetupReadTagMultiple)
    TMR_SR_msgSetupReadTagMultipleWithMetadata 0x080035b5   Thumb Code   708  serial_reader_l3.o(.text.TMR_SR_msgSetupReadTagMultipleWithMetadata)
    TMR_SR_parseMetadataFromMessage          0x08004bb1   Thumb Code   326  serial_reader_l3.o(.text.TMR_SR_parseMetadataFromMessage)
    TMR_SR_parseMetadataOnly                 0x08004cf9   Thumb Code   604  serial_reader_l3.o(.text.TMR_SR_parseMetadataOnly)
    TMR_SR_postprocessReaderSpecificMetadata 0x08004f55   Thumb Code   148  serial_reader_l3.o(.text.TMR_SR_postprocessReaderSpecificMetadata)
    TMR_SR_read                              0x08004fe9   Thumb Code    64  serial_reader.o(.text.TMR_SR_read)
    TMR_SR_receiveMessage                    0x080053f1   Thumb Code   548  serial_reader_l3.o(.text.TMR_SR_receiveMessage)
    TMR_SR_send                              0x08005615   Thumb Code     8  serial_reader_l3.o(.text.TMR_SR_send)
    TMR_SR_sendBytes                         0x0800561d   Thumb Code    54  serial_reader_l3.o(.text.TMR_SR_sendBytes)
    TMR_SR_sendCmd                           0x08005653   Thumb Code     8  serial_reader_l3.o(.text.TMR_SR_sendCmd)
    TMR_SR_sendMessage                       0x0800565d   Thumb Code   196  serial_reader_l3.o(.text.TMR_SR_sendMessage)
    TMR_SR_sendTimeout                       0x08005721   Thumb Code   156  serial_reader_l3.o(.text.TMR_SR_sendTimeout)
    TMR_TRD_init                             0x080057bd   Thumb Code    84  tm_reader.o(.text.TMR_TRD_init)
    TMR__notifyTransportListeners            0x08005811   Thumb Code    46  tm_reader.o(.text.TMR__notifyTransportListeners)
    TMR_bytesToHex                           0x08005841   Thumb Code    44  hex_bytes.o(.text.TMR_bytesToHex)
    TMR_create                               0x0800586d   Thumb Code   236  tm_reader.o(.text.TMR_create)
    TMR_fillReaderStats                      0x08005959   Thumb Code   576  serial_reader_l3.o(.text.TMR_fillReaderStats)
    TMR_hexDottedQuad                        0x08005b99   Thumb Code    56  hex_bytes.o(.text.TMR_hexDottedQuad)
    TMR_paramGet                             0x08005c59   Thumb Code    60  tm_reader.o(.text.TMR_paramGet)
    TMR_paramProbe                           0x08005c95   Thumb Code    78  tm_reader.o(.text.TMR_paramProbe)
    TMR_paramSet                             0x08005ce5   Thumb Code   120  tm_reader.o(.text.TMR_paramSet)
    TMR_reader_init_internal                 0x08005d5d   Thumb Code   164  tm_reader.o(.text.TMR_reader_init_internal)
    TMR_startReading                         0x08005e01   Thumb Code    36  tm_reader_async.o(.text.TMR_startReading)
    TMR_stopReading                          0x08005e25   Thumb Code    84  tm_reader_async.o(.text.TMR_stopReading)
    TMR_stringCopy                           0x08005e79   Thumb Code    32  tmr_utils.o(.text.TMR_stringCopy)
    USART1_IRQHandler                        0x08005e99   Thumb Code   116  serial_transport_stm32f103rb.o(.text.USART1_IRQHandler)
    checkForAvailableFeatures                0x08005f0d   Thumb Code    80  tm_reader.o(.text.checkForAvailableFeatures)
    compareAntennas                          0x08005f5d   Thumb Code   122  serial_reader.o(.text.compareAntennas)
    extractGen2MemoryBankValues              0x08005fd9   Thumb Code   132  serial_reader_l3.o(.text.extractGen2MemoryBankValues)
    fillStaticTxRxMapData                    0x0800605d   Thumb Code    48  serial_reader.o(.text.fillStaticTxRxMapData)
    fillVersionInfo                          0x0800608d   Thumb Code    92  serial_reader_l3.o(.text.fillVersionInfo)
    getReadExtParams                         0x0800654d   Thumb Code   260  serial_reader.o(.text.getReadExtParams)
    getWriteExtParams                        0x08006651   Thumb Code   412  serial_reader.o(.text.getWriteExtParams)
    isTagTypeFilterAvail                     0x0800681b   Thumb Code    46  serial_reader.o(.text.isTagTypeFilterAvail)
    main                                     0x08006849   Thumb Code   352  read.o(.text.main)
    notify_read_listeners                    0x080069a9   Thumb Code    34  tm_reader_async.o(.text.notify_read_listeners)
    parseEBVdata                             0x080069cb   Thumb Code    46  serial_reader_l3.o(.text.parseEBVdata)
    prepForSearch                            0x08006a39   Thumb Code   264  serial_reader.o(.text.prepForSearch)
    restart_reading                          0x08006b41   Thumb Code    84  tm_reader_async.o(.text.restart_reading)
    setAntennaReadTimeHelper                 0x08006d41   Thumb Code   368  serial_reader.o(.text.setAntennaReadTimeHelper)
    setAntennaReadTimeList                   0x08006eb1   Thumb Code    92  serial_reader.o(.text.setAntennaReadTimeList)
    tm_gettime_consistent                    0x08007025   Thumb Code    38  tmr_utils.o(.text.tm_gettime_consistent)
    tm_memcpy                                0x0800704b   Thumb Code    18  tmr_utils.o(.text.tm_memcpy)
    tm_strcpy                                0x0800705d   Thumb Code    14  tmr_utils.o(.text.tm_strcpy)
    tm_time_subtract                         0x0800706b   Thumb Code    12  tmr_utils.o(.text.tm_time_subtract)
    tm_u8s_per_bits                          0x08007077   Thumb Code    16  tmr_utils.o(.text.tm_u8s_per_bits)
    tmr_gettime                              0x08007089   Thumb Code    64  osdep_stm32f103rb.o(.text.tmr_gettime)
    tmr_gettime_high                         0x080070c9   Thumb Code    10  osdep_stm32f103rb.o(.text.tmr_gettime_high)
    tmr_gettime_low                          0x080070d3   Thumb Code     8  osdep_stm32f103rb.o(.text.tmr_gettime_low)
    updateTxRxMapData                        0x080070db   Thumb Code    98  serial_reader.o(.text.updateTxRxMapData)
    validateParams                           0x0800713d   Thumb Code    92  serial_reader.o(.text.validateParams)
    validateReadPlan                         0x08007199   Thumb Code    40  tm_reader.o(.text.validateReadPlan)
    verifySearchStatus                       0x080071c1   Thumb Code   112  serial_reader.o(.text.verifySearchStatus)
    versionCompare                           0x08007231   Thumb Code    46  tm_reader.o(.text.versionCompare)
    __0sprintf$1                             0x08007261   Thumb Code    34  printf1.o(i.__0sprintf$1)
    __1sprintf$1                             0x08007261   Thumb Code     0  printf1.o(i.__0sprintf$1)
    __2sprintf                               0x08007261   Thumb Code     0  printf1.o(i.__0sprintf$1)
    __scatterload_copy                       0x08007289   Thumb Code    14  handlers.o(i.__scatterload_copy)
    __scatterload_null                       0x08007297   Thumb Code     2  handlers.o(i.__scatterload_null)
    __scatterload_zeroinit                   0x08007299   Thumb Code    14  handlers.o(i.__scatterload_zeroinit)
    Region$$Table$$Base                      0x080074a4   Number         0  anon$$obj.o(Region$$Table)
    Region$$Table$$Limit                     0x080074c4   Number         0  anon$$obj.o(Region$$Table)
    SystemCoreClock                          0x20000004   Data           4  system_stm32f10x.o(.data.SystemCoreClock)
    delta                                    0x20000008   Data           4  serial_reader.o(.bss..L_MergedGlobals)
    PrevSysTime                              0x20000010   Data           8  serial_reader.o(.bss..L_MergedGlobals)
    onFlyCmdOpcode                           0x20000018   Data           1  serial_reader_l3.o(.bss..L_MergedGlobals)
    isMultiSelectEnabled                     0x20000019   Data           1  serial_reader_l3.o(.bss..L_MergedGlobals)
    isEmbeddedTagopEnabled                   0x2000001a   Data           1  serial_reader_l3.o(.bss..L_MergedGlobals)
    isSecureAccessEnabled                    0x2000001b   Data           1  serial_reader_l3.o(.bss..L_MergedGlobals)
    LBTEnable                                0x2000001c   Data           1  serial_reader_l3.o(.bss..L_MergedGlobals)
    DwellTimeEnable                          0x2000001d   Data           1  serial_reader_l3.o(.bss..L_MergedGlobals)
    regionConfigurationFlag                  0x2000001e   Data           1  serial_reader_l3.o(.bss..L_MergedGlobals)
    isAddrByteExtended                       0x2000001f   Data           1  serial_reader_l3.o(.bss..L_MergedGlobals)
    isStreamEnabled                          0x20000020   Data           1  serial_reader_l3.o(.bss..L_MergedGlobals)
    LBTThreshold                             0x20000021   Data           1  serial_reader_l3.o(.bss..L_MergedGlobals)
    totalMsgIdx                              0x20000022   Data           2  serial_reader_l3.o(.bss..L_MergedGlobals)
    DwellTime                                0x20000024   Data           2  serial_reader_l3.o(.bss..L_MergedGlobals)
    LastDSPMicro                             0x20000028   Data           4  serial_reader_l3.o(.bss..L_MergedGlobals)
    onFlyCmdSntTime                          0x20000030   Data           8  serial_reader_l3.o(.bss..L_MergedGlobals)
    msec                                     0x20000044   Data           4  osdep_stm32f103rb.o(.bss.msec)
    multiReadAsyncCount                      0x20000048   Data           1  tm_reader_async.o(.bss.multiReadAsyncCount)
    rbuf                                     0x2000004c   Data         264  serial_transport_stm32f103rb.o(.bss.rbuf)
    tbuf                                     0x20000154   Data         264  serial_transport_stm32f103rb.o(.bss.tbuf)
    __initial_sp                             0x20004490   Data           0  startup_stm32f10x_md.o(STACK)



==============================================================================

Memory Map of the image

  Image Entry point : 0x08000101

  Load Region LR_1 (Base: 0x08000000, Size: 0x000074cc, Max: 0xffffffff, ABSOLUTE)

    Execution Region ER_RO (Exec base: 0x08000000, Load base: 0x08000000, Size: 0x000074c4, Max: 0xffffffff, ABSOLUTE)

    Exec Addr    Load Addr    Size         Type   Attr      Idx    E Section Name        Object

    0x08000000   0x08000000   0x000000ec   Data   RO          911    RESET               startup_stm32f10x_md.o
    0x080000ec   0x080000ec   0x00000000   Code   RO          933  * .ARM.Collect$$$$00000000  mc_w.l(entry.o)
    0x080000ec   0x080000ec   0x00000004   Code   RO         1253    .ARM.Collect$$$$00000001  mc_w.l(entry2.o)
    0x080000f0   0x080000f0   0x00000004   Code   RO         1256    .ARM.Collect$$$$00000004  mc_w.l(entry5.o)
    0x080000f4   0x080000f4   0x00000000   Code   RO         1258    .ARM.Collect$$$$00000008  mc_w.l(entry7b.o)
    0x080000f4   0x080000f4   0x00000000   Code   RO         1260    .ARM.Collect$$$$0000000A  mc_w.l(entry8b.o)
    0x080000f4   0x080000f4   0x00000008   Code   RO         1261    .ARM.Collect$$$$0000000B  mc_w.l(entry9a.o)
    0x080000fc   0x080000fc   0x00000000   Code   RO         1263    .ARM.Collect$$$$0000000D  mc_w.l(entry10a.o)
    0x080000fc   0x080000fc   0x00000000   Code   RO         1265    .ARM.Collect$$$$0000000F  mc_w.l(entry11a.o)
    0x080000fc   0x080000fc   0x00000004   Code   RO         1254    .ARM.Collect$$$$00002712  mc_w.l(entry2.o)
    0x08000100   0x08000100   0x00000024   Code   RO          912  * .text               startup_stm32f10x_md.o
    0x08000124   0x08000124   0x0000001e   Code   RO          936    .text               mc_w.l(llshl.o)
    0x08000142   0x08000142   0x00000040   Code   RO          940    .text               mc_w.l(memmovea.o)
    0x08000182   0x08000182   0x00000024   Code   RO          942    .text               mc_w.l(memseta.o)
    0x080001a6   0x080001a6   0x00000018   Code   RO          944    .text               mc_w.l(strncpy.o)
    0x080001be   0x080001be   0x0000000e   Code   RO          946    .text               mc_w.l(strlen.o)
    0x080001cc   0x080001cc   0x0000001c   Code   RO          948    .text               mc_w.l(strcmp.o)
    0x080001e8   0x080001e8   0x0000001e   Code   RO          952    .text               mc_w.l(strncmp.o)
    0x08000206   0x08000206   0x00000002   PAD
    0x08000208   0x08000208   0x00000044   Code   RO          954    .text               mc_w.l(strtok.o)
    0x0800024c   0x0800024c   0x0000002c   Code   RO         1272    .text               mc_w.l(uidiv.o)
    0x08000278   0x08000278   0x00000024   Code   RO         1289    .text               mc_w.l(init.o)
    0x0800029c   0x0800029c   0x00000060   Code   RO          631    .text.SendChar      serial_transport_stm32f103rb.o
    0x080002fc   0x080002fc   0x00000010   Code   RO           20    .text.SysTick_Handler  osdep_stm32f103rb.o
    0x0800030c   0x0800030c   0x000000f0   Code   RO          919    .text.SystemInit    system_stm32f10x.o
    0x080003fc   0x080003fc   0x00000030   Code   RO          667    .text.TMR_RP_init_simple  tm_reader.o
    0x0800042c   0x0800042c   0x000000e0   Code   RO          104    .text.TMR_SR_SerialReader_init  serial_reader.o
    0x0800050c   0x0800050c   0x0000003c   Code   RO          633    .text.TMR_SR_SerialTransportNativeInit  serial_transport_stm32f103rb.o
    0x08000548   0x08000548   0x00000538   Code   RO          120    .text.TMR_SR_addTagOp  serial_reader.o
    0x08000a80   0x08000a80   0x00000068   Code   RO           46    .text.TMR_SR_boot   serial_reader.o
    0x08000ae8   0x08000ae8   0x00000018   Code   RO          156    .text.TMR_SR_callSendCmd  serial_reader_l3.o
    0x08000b00   0x08000b00   0x00000060   Code   RO          310    .text.TMR_SR_cmdAntennaDetect  serial_reader_l3.o
    0x08000b60   0x08000b60   0x00000068   Code   RO          554    .text.TMR_SR_cmdAuthReqResponse  serial_reader_l3.o
    0x08000bc8   0x08000bc8   0x00000038   Code   RO          194    .text.TMR_SR_cmdBootFirmware  serial_reader_l3.o
    0x08000c00   0x08000c00   0x00000010   Code   RO          236    .text.TMR_SR_cmdClearTagBuffer  serial_reader_l3.o
    0x08000c10   0x08000c10   0x00000058   Code   RO          162    .text.TMR_SR_cmdFrameHeader  serial_reader_l3.o
    0x08000c68   0x08000c68   0x000000c0   Code   RO          312    .text.TMR_SR_cmdGetAntennaPortPowersAndSettlingTime  serial_reader_l3.o
    0x08000d28   0x08000d28   0x0000005c   Code   RO          314    .text.TMR_SR_cmdGetAntennaReturnLoss  serial_reader_l3.o
    0x08000d84   0x08000d84   0x0000006a   Code   RO          356    .text.TMR_SR_cmdGetAvailableProtocols  serial_reader_l3.o
    0x08000dee   0x08000dee   0x00000042   Code   RO          358    .text.TMR_SR_cmdGetAvailableRegions  serial_reader_l3.o
    0x08000e30   0x08000e30   0x0000001a   Code   RO          176    .text.TMR_SR_cmdGetCurrentProtocol  serial_reader_l3.o
    0x08000e4a   0x08000e4a   0x00000040   Code   RO          324    .text.TMR_SR_cmdGetFrequencyHopTable  serial_reader_l3.o
    0x08000e8a   0x08000e8a   0x00000002   PAD
    0x08000e8c   0x08000e8c   0x00000034   Code   RO          326    .text.TMR_SR_cmdGetFrequencyHopTableOption  serial_reader_l3.o
    0x08000ec0   0x08000ec0   0x00000006   Code   RO          328    .text.TMR_SR_cmdGetFrequencyHopTime  serial_reader_l3.o
    0x08000ec6   0x08000ec6   0x00000002   PAD
    0x08000ec8   0x08000ec8   0x00000090   Code   RO          334    .text.TMR_SR_cmdGetGPIO  serial_reader_l3.o
    0x08000f58   0x08000f58   0x00000038   Code   RO          336    .text.TMR_SR_cmdGetGPIODirection  serial_reader_l3.o
    0x08000f90   0x08000f90   0x00000054   Code   RO          206    .text.TMR_SR_cmdGetHardwareVersion  serial_reader_l3.o
    0x08000fe4   0x08000fe4   0x00000006   Code   RO          332    .text.TMR_SR_cmdGetMinimumFrequency  serial_reader_l3.o
    0x08000fea   0x08000fea   0x0000001a   Code   RO          344    .text.TMR_SR_cmdGetPowerMode  serial_reader_l3.o
    0x08001004   0x08001004   0x000001e0   Code   RO          350    .text.TMR_SR_cmdGetProtocolConfiguration  serial_reader_l3.o
    0x080011e4   0x080011e4   0x0000005c   Code   RO          340    .text.TMR_SR_cmdGetProtocolList  serial_reader_l3.o
    0x08001240   0x08001240   0x00000006   Code   RO          330    .text.TMR_SR_cmdGetQuantizationStep  serial_reader_l3.o
    0x08001246   0x08001246   0x00000006   Code   RO          318    .text.TMR_SR_cmdGetReadTxPower  serial_reader_l3.o
    0x0800124c   0x0800124c   0x00000044   Code   RO          320    .text.TMR_SR_cmdGetReadTxPowerWithLimits  serial_reader_l3.o
    0x08001290   0x08001290   0x00000038   Code   RO          316    .text.TMR_SR_cmdGetReadWriteTxPower  serial_reader_l3.o
    0x080012c8   0x080012c8   0x0000008c   Code   RO          348    .text.TMR_SR_cmdGetReaderConfiguration  serial_reader_l3.o
    0x08001354   0x08001354   0x000000f0   Code   RO          534    .text.TMR_SR_cmdGetReaderStatistics  serial_reader_l3.o
    0x08001444   0x08001444   0x00000150   Code   RO          542    .text.TMR_SR_cmdGetReaderStats  serial_reader_l3.o
    0x08001594   0x08001594   0x00000048   Code   RO          550    .text.TMR_SR_cmdGetReaderWriteTimeOut  serial_reader_l3.o
    0x080015dc   0x080015dc   0x0000001a   Code   RO          174    .text.TMR_SR_cmdGetRegion  serial_reader_l3.o
    0x080015f6   0x080015f6   0x00000002   PAD
    0x080015f8   0x080015f8   0x00000064   Code   RO          342    .text.TMR_SR_cmdGetRegionConfiguration  serial_reader_l3.o
    0x0800165c   0x0800165c   0x00000028   Code   RO          238    .text.TMR_SR_cmdGetTagsRemaining  serial_reader_l3.o
    0x08001684   0x08001684   0x0000001a   Code   RO          360    .text.TMR_SR_cmdGetTemperature  serial_reader_l3.o
    0x0800169e   0x0800169e   0x0000001a   Code   RO          346    .text.TMR_SR_cmdGetUserMode  serial_reader_l3.o
    0x080016b8   0x080016b8   0x00000006   Code   RO          322    .text.TMR_SR_cmdGetWriteTxPower  serial_reader_l3.o
    0x080016be   0x080016be   0x00000002   PAD
    0x080016c0   0x080016c0   0x000000c8   Code   RO          354    .text.TMR_SR_cmdMultipleProtocolSearch  serial_reader_l3.o
    0x08001788   0x08001788   0x000000fc   Code   RO           52    .text.TMR_SR_cmdProbeBaudRate  serial_reader.o
    0x08001884   0x08001884   0x0000009c   Code   RO          214    .text.TMR_SR_cmdReadTagMultiple  serial_reader_l3.o
    0x08001920   0x08001920   0x00000030   Code   RO          536    .text.TMR_SR_cmdResetReaderStatistics  serial_reader_l3.o
    0x08001950   0x08001950   0x00000054   Code   RO          544    .text.TMR_SR_cmdResetReaderStats  serial_reader_l3.o
    0x080019a4   0x080019a4   0x000000a4   Code   RO          264    .text.TMR_SR_cmdSetAntennaPortPowersAndSettlingTime  serial_reader_l3.o
    0x08001a48   0x08001a48   0x00000040   Code   RO          262    .text.TMR_SR_cmdSetAntennaSearchList  serial_reader_l3.o
    0x08001a88   0x08001a88   0x00000034   Code   RO          196    .text.TMR_SR_cmdSetBaudRate  serial_reader_l3.o
    0x08001abc   0x08001abc   0x0000006c   Code   RO          276    .text.TMR_SR_cmdSetFrequencyHopTable  serial_reader_l3.o
    0x08001b28   0x08001b28   0x00000038   Code   RO          278    .text.TMR_SR_cmdSetFrequencyHopTableOption  serial_reader_l3.o
    0x08001b60   0x08001b60   0x00000030   Code   RO          338    .text.TMR_SR_cmdSetGPIODirection  serial_reader_l3.o
    0x08001b90   0x08001b90   0x00000020   Code   RO          298    .text.TMR_SR_cmdSetMode  serial_reader_l3.o
    0x08001bb0   0x08001bb0   0x00000006   Code   RO          300    .text.TMR_SR_cmdSetPowerMode  serial_reader_l3.o
    0x08001bb6   0x08001bb6   0x00000002   PAD
    0x08001bb8   0x08001bb8   0x00000028   Code   RO          272    .text.TMR_SR_cmdSetProtocol  serial_reader_l3.o
    0x08001be0   0x08001be0   0x00000200   Code   RO          308    .text.TMR_SR_cmdSetProtocolConfiguration  serial_reader_l3.o
    0x08001de0   0x08001de0   0x0000007c   Code   RO          306    .text.TMR_SR_cmdSetProtocolLicenseKey  serial_reader_l3.o
    0x08001e5c   0x08001e5c   0x00000074   Code   RO          270    .text.TMR_SR_cmdSetProtocolList  serial_reader_l3.o
    0x08001ed0   0x08001ed0   0x00000006   Code   RO          268    .text.TMR_SR_cmdSetReadTxPower  serial_reader_l3.o
    0x08001ed6   0x08001ed6   0x00000002   PAD
    0x08001ed8   0x08001ed8   0x00000040   Code   RO          266    .text.TMR_SR_cmdSetReadWriteTxPower  serial_reader_l3.o
    0x08001f18   0x08001f18   0x0000008c   Code   RO          304    .text.TMR_SR_cmdSetReaderConfiguration  serial_reader_l3.o
    0x08001fa4   0x08001fa4   0x0000003c   Code   RO          552    .text.TMR_SR_cmdSetReaderWriteTimeOut  serial_reader_l3.o
    0x08001fe0   0x08001fe0   0x0000007c   Code   RO          286    .text.TMR_SR_cmdSetRegion  serial_reader_l3.o
    0x0800205c   0x0800205c   0x00000034   Code   RO          292    .text.TMR_SR_cmdSetRegionDwellTime  serial_reader_l3.o
    0x08002090   0x08002090   0x00000006   Code   RO          290    .text.TMR_SR_cmdSetRegionDwellTimeEnable  serial_reader_l3.o
    0x08002096   0x08002096   0x00000002   PAD
    0x08002098   0x08002098   0x0000002c   Code   RO          288    .text.TMR_SR_cmdSetRegionDwellTimeLbtEnable  serial_reader_l3.o
    0x080020c4   0x080020c4   0x00000006   Code   RO          296    .text.TMR_SR_cmdSetRegionLbt  serial_reader_l3.o
    0x080020ca   0x080020ca   0x00000002   PAD
    0x080020cc   0x080020cc   0x00000030   Code   RO          294    .text.TMR_SR_cmdSetRegionLbtThreshold  serial_reader_l3.o
    0x080020fc   0x080020fc   0x00000028   Code   RO          260    .text.TMR_SR_cmdSetTxRxPorts  serial_reader_l3.o
    0x08002124   0x08002124   0x00000006   Code   RO          302    .text.TMR_SR_cmdSetUserMode  serial_reader_l3.o
    0x0800212a   0x0800212a   0x00000002   PAD
    0x0800212c   0x0800212c   0x0000020c   Code   RO          170    .text.TMR_SR_cmdSetUserProfile  serial_reader_l3.o
    0x08002338   0x08002338   0x00000006   Code   RO          274    .text.TMR_SR_cmdSetWriteTxPower  serial_reader_l3.o
    0x0800233e   0x0800233e   0x00000002   PAD
    0x08002340   0x08002340   0x0000003c   Code   RO          548    .text.TMR_SR_cmdStopReading  serial_reader_l3.o
    0x0800237c   0x0800237c   0x00000038   Code   RO          192    .text.TMR_SR_cmdVersion  serial_reader_l3.o
    0x080023b4   0x080023b4   0x00000058   Code   RO           54    .text.TMR_SR_connect  serial_reader.o
    0x0800240c   0x0800240c   0x000000f8   Code   RO          809    .text.TMR_SR_convertFromEBV  tm_reader.o
    0x08002504   0x08002504   0x00000104   Code   RO          807    .text.TMR_SR_convertToEBV  tm_reader.o
    0x08002608   0x08002608   0x0000001a   Code   RO           56    .text.TMR_SR_destroy  serial_reader.o
    0x08002622   0x08002622   0x00000002   PAD
    0x08002624   0x08002624   0x00000148   Code   RO          216    .text.TMR_SR_executeEmbeddedRead  serial_reader_l3.o
    0x0800276c   0x0800276c   0x00000120   Code   RO           78    .text.TMR_SR_getNextTag  serial_reader.o
    0x0800288c   0x0800288c   0x00000064   Code   RO           48    .text.TMR_SR_getVersion  serial_reader.o
    0x080028f0   0x080028f0   0x00000274   Code   RO           76    .text.TMR_SR_hasMoreTags  serial_reader.o
    0x08002b64   0x08002b64   0x00000040   Code   RO          604    .text.TMR_SR_msgAddAccessPassword  serial_reader_l3.o
    0x08002ba4   0x08002ba4   0x00000054   Code   RO          606    .text.TMR_SR_msgAddExtendedParams  serial_reader_l3.o
    0x08002bf8   0x08002bf8   0x000000c0   Code   RO          186    .text.TMR_SR_msgAddGEN2BlockErase  serial_reader_l3.o
    0x08002cb8   0x08002cb8   0x0000014c   Code   RO          230    .text.TMR_SR_msgAddGEN2BlockPermaLock  serial_reader_l3.o
    0x08002e04   0x08002e04   0x00000164   Code   RO          228    .text.TMR_SR_msgAddGEN2BlockWrite  serial_reader_l3.o
    0x08002f68   0x08002f68   0x00000098   Code   RO          220    .text.TMR_SR_msgAddGEN2DataRead  serial_reader_l3.o
    0x08003000   0x08003000   0x000000ac   Code   RO          222    .text.TMR_SR_msgAddGEN2DataWrite  serial_reader_l3.o
    0x080030ac   0x080030ac   0x00000060   Code   RO          226    .text.TMR_SR_msgAddGEN2KillTag  serial_reader_l3.o
    0x0800310c   0x0800310c   0x00000088   Code   RO          224    .text.TMR_SR_msgAddGEN2LockTag  serial_reader_l3.o
    0x08003194   0x08003194   0x0000005c   Code   RO          218    .text.TMR_SR_msgAddGEN2WriteTagEPC  serial_reader_l3.o
    0x080031f0   0x080031f0   0x000000b0   Code   RO          612    .text.TMR_SR_msgAddReadMemory  serial_reader_l3.o
    0x080032a0   0x080032a0   0x00000088   Code   RO          608    .text.TMR_SR_msgAddWriteMemory  serial_reader_l3.o
    0x08003328   0x08003328   0x00000268   Code   RO          172    .text.TMR_SR_msgSetupMultipleProtocolSearch  serial_reader_l3.o
    0x08003590   0x08003590   0x00000022   Code   RO          210    .text.TMR_SR_msgSetupReadTagMultiple  serial_reader_l3.o
    0x080035b2   0x080035b2   0x00000002   PAD
    0x080035b4   0x080035b4   0x000002c4   Code   RO          212    .text.TMR_SR_msgSetupReadTagMultipleWithMetadata  serial_reader_l3.o
    0x08003878   0x08003878   0x00000a30   Code   RO          108    .text.TMR_SR_paramGet  serial_reader.o
    0x080042a8   0x080042a8   0x00000908   Code   RO          106    .text.TMR_SR_paramSet  serial_reader.o
    0x08004bb0   0x08004bb0   0x00000146   Code   RO          240    .text.TMR_SR_parseMetadataFromMessage  serial_reader_l3.o
    0x08004cf6   0x08004cf6   0x00000002   PAD
    0x08004cf8   0x08004cf8   0x0000025c   Code   RO          242    .text.TMR_SR_parseMetadataOnly  serial_reader_l3.o
    0x08004f54   0x08004f54   0x00000094   Code   RO          246    .text.TMR_SR_postprocessReaderSpecificMetadata  serial_reader_l3.o
    0x08004fe8   0x08004fe8   0x00000040   Code   RO           72    .text.TMR_SR_read   serial_reader.o
    0x08005028   0x08005028   0x000003c8   Code   RO           74    .text.TMR_SR_read_internal  serial_reader.o
    0x080053f0   0x080053f0   0x00000224   Code   RO          152    .text.TMR_SR_receiveMessage  serial_reader_l3.o
    0x08005614   0x08005614   0x00000008   Code   RO          160    .text.TMR_SR_send   serial_reader_l3.o
    0x0800561c   0x0800561c   0x00000036   Code   RO          144    .text.TMR_SR_sendBytes  serial_reader_l3.o
    0x08005652   0x08005652   0x00000008   Code   RO          158    .text.TMR_SR_sendCmd  serial_reader_l3.o
    0x0800565a   0x0800565a   0x00000002   PAD
    0x0800565c   0x0800565c   0x000000c4   Code   RO          148    .text.TMR_SR_sendMessage  serial_reader_l3.o
    0x08005720   0x08005720   0x0000009c   Code   RO          154    .text.TMR_SR_sendTimeout  serial_reader_l3.o
    0x080057bc   0x080057bc   0x00000054   Code   RO          675    .text.TMR_TRD_init  tm_reader.o
    0x08005810   0x08005810   0x0000002e   Code   RO          693    .text.TMR__notifyTransportListeners  tm_reader.o
    0x0800583e   0x0800583e   0x00000002   PAD
    0x08005840   0x08005840   0x0000002c   Code   RO            4    .text.TMR_bytesToHex  hex_bytes.o
    0x0800586c   0x0800586c   0x000000ec   Code   RO          661    .text.TMR_create    tm_reader.o
    0x08005958   0x08005958   0x00000240   Code   RO          540    .text.TMR_fillReaderStats  serial_reader_l3.o
    0x08005b98   0x08005b98   0x00000038   Code   RO            6    .text.TMR_hexDottedQuad  hex_bytes.o
    0x08005bd0   0x08005bd0   0x00000088   Code   RO          663    .text.TMR_initSerialTransportTable  tm_reader.o
    0x08005c58   0x08005c58   0x0000003c   Code   RO          673    .text.TMR_paramGet  tm_reader.o
    0x08005c94   0x08005c94   0x0000004e   Code   RO          765    .text.TMR_paramProbe  tm_reader.o
    0x08005ce2   0x08005ce2   0x00000002   PAD
    0x08005ce4   0x08005ce4   0x00000078   Code   RO          687    .text.TMR_paramSet  tm_reader.o
    0x08005d5c   0x08005d5c   0x000000a4   Code   RO          665    .text.TMR_reader_init_internal  tm_reader.o
    0x08005e00   0x08005e00   0x00000024   Code   RO          824    .text.TMR_startReading  tm_reader_async.o
    0x08005e24   0x08005e24   0x00000054   Code   RO          830    .text.TMR_stopReading  tm_reader_async.o
    0x08005e78   0x08005e78   0x00000020   Code   RO          872    .text.TMR_stringCopy  tmr_utils.o
    0x08005e98   0x08005e98   0x00000074   Code   RO          629    .text.USART1_IRQHandler  serial_transport_stm32f103rb.o
    0x08005f0c   0x08005f0c   0x00000050   Code   RO          685    .text.checkForAvailableFeatures  tm_reader.o
    0x08005f5c   0x08005f5c   0x0000007a   Code   RO           64    .text.compareAntennas  serial_reader.o
    0x08005fd6   0x08005fd6   0x00000002   PAD
    0x08005fd8   0x08005fd8   0x00000084   Code   RO          244    .text.extractGen2MemoryBankValues  serial_reader_l3.o
    0x0800605c   0x0800605c   0x00000030   Code   RO           42    .text.fillStaticTxRxMapData  serial_reader.o
    0x0800608c   0x0800608c   0x0000005c   Code   RO          190    .text.fillVersionInfo  serial_reader_l3.o
    0x080060e8   0x080060e8   0x000003b0   Code   RO          182    .text.filterbytes   serial_reader_l3.o
    0x08006498   0x08006498   0x000000b2   Code   RO          128    .text.getPortValues  serial_reader.o
    0x0800654a   0x0800654a   0x00000002   PAD
    0x0800654c   0x0800654c   0x00000104   Code   RO          112    .text.getReadExtParams  serial_reader.o
    0x08006650   0x08006650   0x0000019c   Code   RO          114    .text.getWriteExtParams  serial_reader.o
    0x080067ec   0x080067ec   0x0000002e   Code   RO           68    .text.initTxRxMapFromPorts  serial_reader.o
    0x0800681a   0x0800681a   0x0000002e   Code   RO          116    .text.isTagTypeFilterAvail  serial_reader.o
    0x08006848   0x08006848   0x00000160   Code   RO          897    .text.main          read.o
    0x080069a8   0x080069a8   0x00000022   Code   RO          832    .text.notify_read_listeners  tm_reader_async.o
    0x080069ca   0x080069ca   0x0000002e   Code   RO          142    .text.parseEBVdata  serial_reader_l3.o
    0x080069f8   0x080069f8   0x00000040   Code   RO          122    .text.prepEmbReadTagMultiple  serial_reader.o
    0x08006a38   0x08006a38   0x00000108   Code   RO           66    .text.prepForSearch  serial_reader.o
    0x08006b40   0x08006b40   0x00000054   Code   RO          836    .text.restart_reading  tm_reader_async.o
    0x08006b94   0x08006b94   0x00000004   Code   RO          645    .text.s_flush       serial_transport_stm32f103rb.o
    0x08006b98   0x08006b98   0x000000b0   Code   RO          635    .text.s_open        serial_transport_stm32f103rb.o
    0x08006c48   0x08006c48   0x00000038   Code   RO          639    .text.s_receiveBytes  serial_transport_stm32f103rb.o
    0x08006c80   0x08006c80   0x00000024   Code   RO          637    .text.s_sendBytes   serial_transport_stm32f103rb.o
    0x08006ca4   0x08006ca4   0x00000018   Code   RO          641    .text.s_setBaudRate  serial_transport_stm32f103rb.o
    0x08006cbc   0x08006cbc   0x00000014   Code   RO          643    .text.s_shutdown    serial_transport_stm32f103rb.o
    0x08006cd0   0x08006cd0   0x00000070   Code   RO           70    .text.setAntennaList  serial_reader.o
    0x08006d40   0x08006d40   0x00000170   Code   RO           60    .text.setAntennaReadTimeHelper  serial_reader.o
    0x08006eb0   0x08006eb0   0x0000005c   Code   RO           62    .text.setAntennaReadTimeList  serial_reader.o
    0x08006f0c   0x08006f0c   0x000000b4   Code   RO          126    .text.setPortValues  serial_reader.o
    0x08006fc0   0x08006fc0   0x00000024   Code   RO           82    .text.setProtocol   serial_reader.o
    0x08006fe4   0x08006fe4   0x00000040   Code   RO          150    .text.tm_crc        serial_reader_l3.o
    0x08007024   0x08007024   0x00000026   Code   RO          866    .text.tm_gettime_consistent  tmr_utils.o
    0x0800704a   0x0800704a   0x00000012   Code   RO          858    .text.tm_memcpy     tmr_utils.o
    0x0800705c   0x0800705c   0x0000000e   Code   RO          860    .text.tm_strcpy     tmr_utils.o
    0x0800706a   0x0800706a   0x0000000c   Code   RO          868    .text.tm_time_subtract  tmr_utils.o
    0x08007076   0x08007076   0x00000010   Code   RO          870    .text.tm_u8s_per_bits  tmr_utils.o
    0x08007086   0x08007086   0x00000002   PAD
    0x08007088   0x08007088   0x00000040   Code   RO           22    .text.tmr_gettime   osdep_stm32f103rb.o
    0x080070c8   0x080070c8   0x0000000a   Code   RO           26    .text.tmr_gettime_high  osdep_stm32f103rb.o
    0x080070d2   0x080070d2   0x00000008   Code   RO           24    .text.tmr_gettime_low  osdep_stm32f103rb.o
    0x080070da   0x080070da   0x00000062   Code   RO           44    .text.updateTxRxMapData  serial_reader.o
    0x0800713c   0x0800713c   0x0000005c   Code   RO           58    .text.validateParams  serial_reader.o
    0x08007198   0x08007198   0x00000028   Code   RO          677    .text.validateReadPlan  tm_reader.o
    0x080071c0   0x080071c0   0x00000070   Code   RO           50    .text.verifySearchStatus  serial_reader.o
    0x08007230   0x08007230   0x0000002e   Code   RO          679    .text.versionCompare  tm_reader.o
    0x0800725e   0x0800725e   0x00000002   PAD
    0x08007260   0x08007260   0x00000028   Code   RO         1011    i.__0sprintf$1      mc_w.l(printf1.o)
    0x08007288   0x08007288   0x0000000e   Code   RO         1301    i.__scatterload_copy  mc_w.l(handlers.o)
    0x08007296   0x08007296   0x00000002   Code   RO         1302    i.__scatterload_null  mc_w.l(handlers.o)
    0x08007298   0x08007298   0x0000000e   Code   RO         1303    i.__scatterload_zeroinit  mc_w.l(handlers.o)
    0x080072a6   0x080072a6   0x00000002   PAD
    0x080072a8   0x080072a8   0x00000154   Code   RO         1016    i._printf_core      mc_w.l(printf1.o)
    0x080073fc   0x080073fc   0x0000000a   Code   RO         1018    i._sputc            mc_w.l(printf1.o)
    0x08007406   0x08007406   0x00000020   Data   RO          618    .rodata.cst32       serial_reader_l3.o
    0x08007426   0x08007426   0x00000011   Data   RO           10    .rodata.str1.1      hex_bytes.o
    0x08007437   0x08007437   0x00000067   Data   RO          131    .rodata.str1.1      serial_reader.o
    0x0800749e   0x0800749e   0x00000004   Data   RO          899    .rodata.str1.1      read.o
    0x080074a2   0x080074a2   0x00000002   PAD
    0x080074a4   0x080074a4   0x00000020   Data   RO         1300    Region$$Table       anon$$obj.o


    Execution Region ER_RW (Exec base: 0x20000000, Load base: 0x080074c4, Size: 0x00000008, Max: 0xffffffff, ABSOLUTE)

    Exec Addr    Load Addr    Size         Type   Attr      Idx    E Section Name        Object

    0x20000000   0x080074c4   0x00000004   Data   RW          955    .data               mc_w.l(strtok.o)
    0x20000004   0x080074c8   0x00000004   Data   RW          923    .data.SystemCoreClock  system_stm32f10x.o


    Execution Region ER_ZI (Exec base: 0x20000008, Load base: 0x080074cc, Size: 0x00004488, Max: 0xffffffff, ABSOLUTE)

    Exec Addr    Load Addr    Size         Type   Attr      Idx    E Section Name        Object

    0x20000008        -       0x00000010   Zero   RW          132    .bss..L_MergedGlobals  serial_reader.o
    0x20000018        -       0x00000020   Zero   RW          619    .bss..L_MergedGlobals  serial_reader_l3.o
    0x20000038        -       0x0000000c   Zero   RW          814    .bss..L_MergedGlobals  tm_reader.o
    0x20000044        -       0x00000004   Zero   RW           32    .bss.msec           osdep_stm32f103rb.o
    0x20000048        -       0x00000001   Zero   RW          846    .bss.multiReadAsyncCount  tm_reader_async.o
    0x20000049   0x080074cc   0x00000003   PAD
    0x2000004c        -       0x00000108   Zero   RW          647    .bss.rbuf           serial_transport_stm32f103rb.o
    0x20000154        -       0x00000108   Zero   RW          648    .bss.tbuf           serial_transport_stm32f103rb.o
    0x2000025c        -       0x00000230   Zero   RW          813    .bss.tdTableData    tm_reader.o
    0x2000048c        -       0x00000001   Zero   RW          649    .bss.tx_restart     serial_transport_stm32f103rb.o
    0x2000048d   0x080074cc   0x00000003   PAD
    0x20000490        -       0x00004000   Zero   RW          909    STACK               startup_stm32f10x_md.o


==============================================================================

Image component sizes


      Code (inc. data)   RO Data    RW Data    ZI Data      Debug   Object Name

       100          4         17          0          0       2448   hex_bytes.o
        98         20          0          0          4       4572   osdep_stm32f103rb.o
       352         20          4          0          0      44816   read.o
     11528        854        103          0         16      96640   serial_reader.o
     13652        406         32          0         32     201223   serial_reader_l3.o
       588         88          0          0        529       6660   serial_transport_stm32f103rb.o
        36          8        236          0      16384        876   startup_stm32f10x_md.o
       240         20          0          4          0       2757   system_stm32f10x.o
      1646         92          0          0        572      68416   tm_reader.o
       238         24          0          0          1      46057   tm_reader_async.o
       130          0          0          0          0       4609   tmr_utils.o

    ----------------------------------------------------------------------
     28648       1536        426          4      17544     479074   Object Totals
         0          0         32          0          0          0   (incl. Generated)
        40          0          2          0          6          0   (incl. Padding)

    ----------------------------------------------------------------------

      Code (inc. data)   RO Data    RW Data    ZI Data      Debug   Library Member Name

         0          0          0          0          0          0   entry.o
         0          0          0          0          0          0   entry10a.o
         0          0          0          0          0          0   entry11a.o
         8          4          0          0          0          0   entry2.o
         4          0          0          0          0          0   entry5.o
         0          0          0          0          0          0   entry7b.o
         0          0          0          0          0          0   entry8b.o
         8          4          0          0          0          0   entry9a.o
        30          0          0          0          0          0   handlers.o
        36          8          0          0          0         68   init.o
        30          0          0          0          0         68   llshl.o
        64          0          0          0          0         76   memmovea.o
        36          0          0          0          0        108   memseta.o
       390         10          0          0          0        252   printf1.o
        28          0          0          0          0         76   strcmp.o
        14          0          0          0          0         68   strlen.o
        30          0          0          0          0         80   strncmp.o
        24          0          0          0          0         76   strncpy.o
        68          6          0          4          0         80   strtok.o
        44          0          0          0          0         80   uidiv.o

    ----------------------------------------------------------------------
       818         32          0          4          0       1032   Library Totals
         4          0          0          0          0          0   (incl. Padding)

    ----------------------------------------------------------------------

      Code (inc. data)   RO Data    RW Data    ZI Data      Debug   Library Name

       814         32          0          4          0       1032   mc_w.l

    ----------------------------------------------------------------------
       818         32          0          4          0       1032   Library Totals

    ----------------------------------------------------------------------

==============================================================================


      Code (inc. data)   RO Data    RW Data    ZI Data      Debug   

     29466       1568        426          8      17544     479646   Grand Totals
     29466       1568        426          8      17544     479646   ELF Image Totals
     29466       1568        426          8          0          0   ROM Totals

==============================================================================

    Total RO  Size (Code + RO Data)                29892 (  29.19kB)
    Total RW  Size (RW Data + ZI Data)             17552 (  17.14kB)
    Total ROM Size (Code + RO Data + RW Data)      29900 (  29.20kB)

==============================================================================

