<html>
<body>
<pre>
<h1>µVision Build Log</h1>
<h2>Tool Versions:</h2>
IDE-Version: µVision V5.29.0.0
Copyright (C) 2019 ARM Ltd and ARM Germany GmbH. All rights reserved.
License Information: Andrei Karolyi, UPT, LIC=D0D74-FLUNA-WFQI7-ET675-JXCRR-MVUXX
 
Tool Versions:
Toolchain:       MDK-ARM Plus  Version: 5.29.0.0
Toolchain Path:  C:\Keil_v5\ARM\ARMCC\Bin
C Compiler:      Armcc.exe V5.06 update 6 (build 750)
Assembler:       Armasm.exe V5.06 update 6 (build 750)
Linker/Locator:  ArmLink.exe V5.06 update 6 (build 750)
Library Manager: ArmAr.exe V5.06 update 6 (build 750)
Hex Converter:   FromElf.exe V5.06 update 6 (build 750)
CPU DLL:         SARM.DLL V5.29.0.0
Dialog DLL:      DARMP.DLL V1.53.0.0
Target DLL:      Segger\JLTAgdi.dll V1.61.0.0
Dialog DLL:      TARMP.DLL V1.53.0.0
 
<h2>Project:</h2>
D:\Repository_V3\proiectdiploma_karolyi_andrei\RFID_Smart_Reader_LPC\rfid.uvproj
Project File Date:  06/17/2024

<h2>Output:</h2>
*** Using Compiler 'V5.06 update 6 (build 750)', folder: 'C:\Keil_v5\ARM\ARMCC\Bin'
Rebuild target 'LPC2994'
assembling Startup.s...
compiling main.c...
main.c(51): warning:  #111-D: statement is unreachable
  	return 0;
main.c: 1 warning, 0 errors
compiling crc.c...
compiling Retarget.c...
compiling timer.c...
compiling timer_software.c...
compiling ringbuf.c...
compiling uart0.c...
compiling i2c.c...
compiling uart1.c...
compiling watchdog.c...
compiling ISR_manager.c...
compiling spi.c...
compiling hex_bytes.c...
compiling osdep_dummy.c...
compiling serial_transport_dummy.c...
compiling tm_reader_async.c...
compiling tm_reader.c...
compiling tmr_param.c...
compiling tmr_strerror.c...
compiling serial_reader.c...
mercuryapi-1.37.1.44\c\src\api\serial_reader.c(2790): warning:  #188-D: enumerated type mixed with another type
    TMR_SR_Configuration readerkey = 0;
mercuryapi-1.37.1.44\c\src\api\serial_reader.c(3817): warning:  #188-D: enumerated type mixed with another type
    TMR_SR_Configuration readerkey = 0;
mercuryapi-1.37.1.44\c\src\api\serial_reader.c: 2 warnings, 0 errors
compiling tmr_utils.c...
compiling HostCommManager.c...
compiling LP_Mode_Manager.c...
compiling wifi_manager.c...
compiling reader_manager.c...
ASW\ReaderManager\reader_manager.c(56): warning:  #188-D: enumerated type mixed with another type
  	TMR_TRD_MetadataFlag metadata = (uint16_t)(TMR_TRD_METADATA_FLAG_ALL & (~TMR_TRD_METADATA_FLAG_TAGTYPE));
ASW\ReaderManager\reader_manager.c: 1 warning, 0 errors
compiling wifi_utils.c...
ASW\WiFiManager\wifi_utils.c(471): warning:  #177-D: variable "retries"  was declared but never referenced
  	const u8 retries = (u8)3U;
ASW\WiFiManager\wifi_utils.c(472): warning:  #177-D: variable "index_loop"  was declared but never referenced
  	u8 index_loop;
ASW\WiFiManager\wifi_utils.c: 2 warnings, 0 errors
compiling serial_reader_l3.c...
mercuryapi-1.37.1.44\c\src\api\serial_reader_l3.c(2148): warning:  #188-D: enumerated type mixed with another type
    reader->userMetadataFlag = read->metadataFlags;
mercuryapi-1.37.1.44\c\src\api\serial_reader_l3.c(8378): warning:  #188-D: enumerated type mixed with another type
    reader->statsFlag = TMR_SR_convertFromEBV(flags, len);
mercuryapi-1.37.1.44\c\src\api\serial_reader_l3.c(8679): warning:  #188-D: enumerated type mixed with another type
      reader->statsFlag = TMR_SR_convertFromEBV(flags, len);
mercuryapi-1.37.1.44\c\src\api\serial_reader_l3.c: 3 warnings, 0 errors
linking...
Program Size: Code=92600 RO-data=1068 RW-data=156 ZI-data=14340  
FromELF: creating hex file...
".\Objects\rfid.axf" - 0 Error(s), 9 Warning(s).
Build Time Elapsed:  00:00:05
</pre>
</body>
</html>
