<!doctype html public "-//w3c//dtd html 4.0 transitional//en">
<html><head>
<title>Static Call Graph - [.\Objects\rfid.axf]</title></head>
<body><HR>
<H1>Static Call Graph for image .\Objects\rfid.axf</H1><HR>
<BR><P>#&#060CALLGRAPH&#062# ARM Linker, 5060750: Last Updated: Thu Feb 08 20:54:28 2024
<BR><P>
<H3>Maximum Stack Usage =       2536 bytes + Unknown(Functions without stacksize, Cycles, Untraceable Function Pointers)</H3><H3>
Call chain for Maximum Stack Depth:</H3>
TMR_SR_paramSet &rArr; TMR_SR_cmdSetUserProfile &rArr; TMR_SR_getVersion &rArr; TMR_SR_cmdVersion &rArr; TMR_SR_sendTimeout &rArr; TMR_SR_getNextTag &rArr; TMR_SR_hasMoreTags &rArr; TMR_SR_cmdStopReading &rArr; TMR_SR_sendMessage &rArr; TMR_SR_sendBytes &rArr; TMR__notifyTransportListeners
<P>
<H3>
Functions with no stack information
</H3><UL>
 <LI><a href="#[c]">Reset_Handler</a>
 <LI><a href="#[5c]">__user_initial_stackheap</a>
 <LI><a href="#[d]">Undef_Handler</a>
 <LI><a href="#[e]">SWI_Handler</a>
 <LI><a href="#[f]">PAbt_Handler</a>
 <LI><a href="#[10]">DAbt_Handler</a>
 <LI><a href="#[11]">IRQ_Handler</a>
 <LI><a href="#[12]">FIQ_Handler</a>
</UL>
</UL>
<P>
<H3>
Mutually Recursive functions
</H3> <LI><a href="#[fc]">TMR_SR_send</a>&nbsp;&nbsp;&nbsp;&rArr;&nbsp;&nbsp;&nbsp;<a href="#[88]">TMR_SR_sendTimeout</a><BR>
 <LI><a href="#[e3]">filterbytes</a>&nbsp;&nbsp;&nbsp;&rArr;&nbsp;&nbsp;&nbsp;<a href="#[e3]">filterbytes</a><BR>
 <LI><a href="#[72]">TMR_SR_addTagOp</a>&nbsp;&nbsp;&nbsp;&rArr;&nbsp;&nbsp;&nbsp;<a href="#[72]">TMR_SR_addTagOp</a><BR>
 <LI><a href="#[120]">setAntennaReadTimeHelper</a>&nbsp;&nbsp;&nbsp;&rArr;&nbsp;&nbsp;&nbsp;<a href="#[120]">setAntennaReadTimeHelper</a><BR>
 <LI><a href="#[d]">Undef_Handler</a>&nbsp;&nbsp;&nbsp;&rArr;&nbsp;&nbsp;&nbsp;<a href="#[d]">Undef_Handler</a><BR>
 <LI><a href="#[e]">SWI_Handler</a>&nbsp;&nbsp;&nbsp;&rArr;&nbsp;&nbsp;&nbsp;<a href="#[e]">SWI_Handler</a><BR>
 <LI><a href="#[f]">PAbt_Handler</a>&nbsp;&nbsp;&nbsp;&rArr;&nbsp;&nbsp;&nbsp;<a href="#[f]">PAbt_Handler</a><BR>
 <LI><a href="#[10]">DAbt_Handler</a>&nbsp;&nbsp;&nbsp;&rArr;&nbsp;&nbsp;&nbsp;<a href="#[10]">DAbt_Handler</a><BR>
 <LI><a href="#[11]">IRQ_Handler</a>&nbsp;&nbsp;&nbsp;&rArr;&nbsp;&nbsp;&nbsp;<a href="#[11]">IRQ_Handler</a><BR>
</UL>
<P>
<H3>
Function Pointers
</H3><UL>
 <LI><a href="#[10]">DAbt_Handler</a> from startup.o(RESET) referenced from startup.o(RESET)
 <LI><a href="#[12]">FIQ_Handler</a> from startup.o(RESET) referenced from startup.o(RESET)
 <LI><a href="#[11]">IRQ_Handler</a> from startup.o(RESET) referenced from startup.o(RESET)
 <LI><a href="#[f]">PAbt_Handler</a> from startup.o(RESET) referenced from startup.o(RESET)
 <LI><a href="#[c]">Reset_Handler</a> from startup.o(RESET) referenced from startup.o(RESET)
 <LI><a href="#[e]">SWI_Handler</a> from startup.o(RESET) referenced from startup.o(RESET)
 <LI><a href="#[22]">TMR_SR_SerialTransportNativeInit</a> from serial_transport_dummy.o(i.TMR_SR_SerialTransportNativeInit) referenced from tm_reader.o(i.TMR_initSerialTransportTable)
 <LI><a href="#[19]">TMR_SR_cmdStopReading</a> from serial_reader_l3.o(i.TMR_SR_cmdStopReading) referenced from serial_reader.o(i.TMR_SR_SerialReader_init)
 <LI><a href="#[1b]">TMR_SR_paramGet</a> from serial_reader.o(i.TMR_SR_paramGet) referenced from serial_reader.o(i.TMR_SR_SerialReader_init)
 <LI><a href="#[1a]">TMR_SR_paramSet</a> from serial_reader.o(i.TMR_SR_paramSet) referenced from serial_reader.o(i.TMR_SR_SerialReader_init)
 <LI><a href="#[18]">UART1_irq</a> from isr_manager.o(i.UART1_irq) referenced from isr_manager.o(i.InitInterrupt)
 <LI><a href="#[d]">Undef_Handler</a> from startup.o(RESET) referenced from startup.o(RESET)
 <LI><a href="#[23]">__main</a> from __main.o(!!!main) referenced from startup.o(RESET)
 <LI><a href="#[16]">_printf_input_char</a> from _printf_char_common.o(.text) referenced from _printf_char_common.o(.text)
 <LI><a href="#[15]">_sputc</a> from _sputc.o(.text) referenced from noretval__2sprintf.o(.text)
 <LI><a href="#[17]">fputc</a> from retarget.o(i.fputc) referenced from _printf_char_file.o(.text)
 <LI><a href="#[14]">main</a> from main.o(i.main) referenced from __rtentry2.o(.ARM.Collect$$rtentry$$0000000D)
 <LI><a href="#[21]">s_flush</a> from serial_transport_dummy.o(i.s_flush) referenced from serial_transport_dummy.o(i.TMR_SR_SerialTransportDummyInit)
 <LI><a href="#[1c]">s_open</a> from serial_transport_dummy.o(i.s_open) referenced from serial_transport_dummy.o(i.TMR_SR_SerialTransportDummyInit)
 <LI><a href="#[1e]">s_receiveBytes</a> from serial_transport_dummy.o(i.s_receiveBytes) referenced from serial_transport_dummy.o(i.TMR_SR_SerialTransportDummyInit)
 <LI><a href="#[1d]">s_sendBytes</a> from serial_transport_dummy.o(i.s_sendBytes) referenced from serial_transport_dummy.o(i.TMR_SR_SerialTransportDummyInit)
 <LI><a href="#[1f]">s_setBaudRate</a> from serial_transport_dummy.o(i.s_setBaudRate) referenced from serial_transport_dummy.o(i.TMR_SR_SerialTransportDummyInit)
 <LI><a href="#[20]">s_shutdown</a> from serial_transport_dummy.o(i.s_shutdown) referenced from serial_transport_dummy.o(i.TMR_SR_SerialTransportDummyInit)
</UL>
<P>
<H3>
Global Symbols
</H3>
<P><STRONG><a name="[c]"></a>Reset_Handler</STRONG> (ARM, 0 bytes, Stack size unknown bytes, startup.o(RESET))
<BR>[Address Reference Count : 1]<UL><LI> startup.o(RESET)
</UL>
<P><STRONG><a name="[23]"></a>__main</STRONG> (ARM, 8 bytes, Stack size 0 bytes, __main.o(!!!main))
<BR><BR>[Calls]<UL><LI><a href="#[25]">&gt;&gt;</a>&nbsp;&nbsp;&nbsp;__scatterload
<LI><a href="#[26]">&gt;&gt;</a>&nbsp;&nbsp;&nbsp;__rt_entry
</UL>

<P><STRONG><a name="[25]"></a>__scatterload</STRONG> (ARM, 0 bytes, Stack size unknown bytes, __scatter.o(!!!scatter))
<BR><BR>[Called By]<UL><LI><a href="#[23]">&gt;&gt;</a>&nbsp;&nbsp;&nbsp;__main
</UL>

<P><STRONG><a name="[27]"></a>__scatterload_rt2</STRONG> (ARM, 52 bytes, Stack size unknown bytes, __scatter.o(!!!scatter), UNUSED)
<BR><BR>[Calls]<UL><LI><a href="#[26]">&gt;&gt;</a>&nbsp;&nbsp;&nbsp;__rt_entry
</UL>

<P><STRONG><a name="[124]"></a>__scatterload_null</STRONG> (ARM, 0 bytes, Stack size unknown bytes, __scatter.o(!!!scatter), UNUSED)

<P><STRONG><a name="[28]"></a>__scatterload_copy</STRONG> (ARM, 40 bytes, Stack size unknown bytes, __scatter_copy.o(!!handler_copy), UNUSED)
<BR><BR>[Calls]<UL><LI><a href="#[28]">&gt;&gt;</a>&nbsp;&nbsp;&nbsp;__scatterload_copy
</UL>
<BR>[Called By]<UL><LI><a href="#[28]">&gt;&gt;</a>&nbsp;&nbsp;&nbsp;__scatterload_copy
</UL>

<P><STRONG><a name="[125]"></a>__scatterload_zeroinit</STRONG> (ARM, 44 bytes, Stack size unknown bytes, __scatter_zi.o(!!handler_zi), UNUSED)

<P><STRONG><a name="[29]"></a>_printf_d</STRONG> (ARM, 0 bytes, Stack size unknown bytes, _printf_d.o(.ARM.Collect$$_printf_percent$$00000009))
<BR><BR>[Stack]<UL><LI>Max Depth = 88 + Unknown Stack Size
<LI>Call Chain = _printf_d &rArr; _printf_int_dec &rArr; _printf_int_common &rArr; _printf_post_padding
</UL>
<BR>[Calls]<UL><LI><a href="#[2a]">&gt;&gt;</a>&nbsp;&nbsp;&nbsp;_printf_int_dec (via Veneer)
</UL>

<P><STRONG><a name="[48]"></a>_printf_percent</STRONG> (ARM, 0 bytes, Stack size unknown bytes, _printf_percent.o(.ARM.Collect$$_printf_percent$$00000000))
<BR><BR>[Called By]<UL><LI><a href="#[45]">&gt;&gt;</a>&nbsp;&nbsp;&nbsp;__printf (via Veneer)
</UL>

<P><STRONG><a name="[2b]"></a>_printf_x</STRONG> (ARM, 0 bytes, Stack size unknown bytes, _printf_x.o(.ARM.Collect$$_printf_percent$$0000000C))
<BR><BR>[Stack]<UL><LI>Max Depth = 72 + Unknown Stack Size
<LI>Call Chain = _printf_x &rArr; _printf_int_hex &rArr; _printf_int_common &rArr; _printf_post_padding
</UL>
<BR>[Calls]<UL><LI><a href="#[2c]">&gt;&gt;</a>&nbsp;&nbsp;&nbsp;_printf_int_hex (via Veneer)
</UL>

<P><STRONG><a name="[2d]"></a>_printf_s</STRONG> (ARM, 0 bytes, Stack size unknown bytes, _printf_s.o(.ARM.Collect$$_printf_percent$$00000014))
<BR><BR>[Stack]<UL><LI>Max Depth = 40 + Unknown Stack Size
<LI>Call Chain = _printf_s &rArr; _printf_string &rArr; _printf_cs_common &rArr; _printf_str &rArr; _printf_post_padding
</UL>
<BR>[Calls]<UL><LI><a href="#[2e]">&gt;&gt;</a>&nbsp;&nbsp;&nbsp;_printf_string (via Veneer)
</UL>

<P><STRONG><a name="[126]"></a>_printf_percent_end</STRONG> (ARM, 0 bytes, Stack size unknown bytes, _printf_percent_end.o(.ARM.Collect$$_printf_percent$$00000017))

<P><STRONG><a name="[32]"></a>__rt_lib_init</STRONG> (Thumb, 0 bytes, Stack size unknown bytes, libinit.o(.ARM.Collect$$libinit$$00000000))
<BR><BR>[Called By]<UL><LI><a href="#[31]">&gt;&gt;</a>&nbsp;&nbsp;&nbsp;__rt_entry_li (via Veneer)
</UL>

<P><STRONG><a name="[127]"></a>__rt_lib_init_alloca_1</STRONG> (Thumb, 0 bytes, Stack size unknown bytes, libinit2.o(.ARM.Collect$$libinit$$0000002E))

<P><STRONG><a name="[128]"></a>__rt_lib_init_argv_1</STRONG> (Thumb, 0 bytes, Stack size unknown bytes, libinit2.o(.ARM.Collect$$libinit$$0000002C))

<P><STRONG><a name="[129]"></a>__rt_lib_init_atexit_1</STRONG> (Thumb, 0 bytes, Stack size unknown bytes, libinit2.o(.ARM.Collect$$libinit$$0000001B))

<P><STRONG><a name="[12a]"></a>__rt_lib_init_clock_1</STRONG> (Thumb, 0 bytes, Stack size unknown bytes, libinit2.o(.ARM.Collect$$libinit$$00000021))

<P><STRONG><a name="[12b]"></a>__rt_lib_init_cpp_1</STRONG> (Thumb, 0 bytes, Stack size unknown bytes, libinit2.o(.ARM.Collect$$libinit$$00000032))

<P><STRONG><a name="[12c]"></a>__rt_lib_init_exceptions_1</STRONG> (Thumb, 0 bytes, Stack size unknown bytes, libinit2.o(.ARM.Collect$$libinit$$00000030))

<P><STRONG><a name="[12d]"></a>__rt_lib_init_fp_1</STRONG> (Thumb, 0 bytes, Stack size unknown bytes, libinit2.o(.ARM.Collect$$libinit$$00000002))

<P><STRONG><a name="[12e]"></a>__rt_lib_init_fp_trap_1</STRONG> (Thumb, 0 bytes, Stack size unknown bytes, libinit2.o(.ARM.Collect$$libinit$$0000001F))

<P><STRONG><a name="[12f]"></a>__rt_lib_init_getenv_1</STRONG> (Thumb, 0 bytes, Stack size unknown bytes, libinit2.o(.ARM.Collect$$libinit$$00000023))

<P><STRONG><a name="[130]"></a>__rt_lib_init_heap_1</STRONG> (Thumb, 0 bytes, Stack size unknown bytes, libinit2.o(.ARM.Collect$$libinit$$0000000A))

<P><STRONG><a name="[131]"></a>__rt_lib_init_lc_collate_1</STRONG> (Thumb, 0 bytes, Stack size unknown bytes, libinit2.o(.ARM.Collect$$libinit$$00000011))

<P><STRONG><a name="[132]"></a>__rt_lib_init_lc_ctype_1</STRONG> (Thumb, 0 bytes, Stack size unknown bytes, libinit2.o(.ARM.Collect$$libinit$$00000013))

<P><STRONG><a name="[133]"></a>__rt_lib_init_lc_monetary_1</STRONG> (Thumb, 0 bytes, Stack size unknown bytes, libinit2.o(.ARM.Collect$$libinit$$00000015))

<P><STRONG><a name="[134]"></a>__rt_lib_init_lc_numeric_1</STRONG> (Thumb, 0 bytes, Stack size unknown bytes, libinit2.o(.ARM.Collect$$libinit$$00000017))

<P><STRONG><a name="[135]"></a>__rt_lib_init_lc_time_1</STRONG> (Thumb, 0 bytes, Stack size unknown bytes, libinit2.o(.ARM.Collect$$libinit$$00000019))

<P><STRONG><a name="[136]"></a>__rt_lib_init_preinit_1</STRONG> (Thumb, 0 bytes, Stack size unknown bytes, libinit2.o(.ARM.Collect$$libinit$$00000004))

<P><STRONG><a name="[137]"></a>__rt_lib_init_rand_1</STRONG> (Thumb, 0 bytes, Stack size unknown bytes, libinit2.o(.ARM.Collect$$libinit$$0000000E))

<P><STRONG><a name="[138]"></a>__rt_lib_init_return</STRONG> (Thumb, 0 bytes, Stack size unknown bytes, libinit2.o(.ARM.Collect$$libinit$$00000033))

<P><STRONG><a name="[139]"></a>__rt_lib_init_signal_1</STRONG> (Thumb, 0 bytes, Stack size unknown bytes, libinit2.o(.ARM.Collect$$libinit$$0000001D))

<P><STRONG><a name="[13a]"></a>__rt_lib_init_stdio_1</STRONG> (Thumb, 0 bytes, Stack size unknown bytes, libinit2.o(.ARM.Collect$$libinit$$00000025))

<P><STRONG><a name="[13b]"></a>__rt_lib_init_user_alloc_1</STRONG> (Thumb, 0 bytes, Stack size unknown bytes, libinit2.o(.ARM.Collect$$libinit$$0000000C))

<P><STRONG><a name="[36]"></a>__rt_lib_shutdown</STRONG> (Thumb, 0 bytes, Stack size unknown bytes, libshutdown.o(.ARM.Collect$$libshutdown$$00000000))
<BR><BR>[Called By]<UL><LI><a href="#[35]">&gt;&gt;</a>&nbsp;&nbsp;&nbsp;__rt_exit_ls (via Veneer)
</UL>

<P><STRONG><a name="[13c]"></a>__rt_lib_shutdown_cpp_1</STRONG> (Thumb, 0 bytes, Stack size unknown bytes, libshutdown2.o(.ARM.Collect$$libshutdown$$00000002))

<P><STRONG><a name="[13d]"></a>__rt_lib_shutdown_fp_trap_1</STRONG> (Thumb, 0 bytes, Stack size unknown bytes, libshutdown2.o(.ARM.Collect$$libshutdown$$00000007))

<P><STRONG><a name="[13e]"></a>__rt_lib_shutdown_heap_1</STRONG> (Thumb, 0 bytes, Stack size unknown bytes, libshutdown2.o(.ARM.Collect$$libshutdown$$0000000F))

<P><STRONG><a name="[13f]"></a>__rt_lib_shutdown_return</STRONG> (Thumb, 0 bytes, Stack size unknown bytes, libshutdown2.o(.ARM.Collect$$libshutdown$$00000010))

<P><STRONG><a name="[140]"></a>__rt_lib_shutdown_signal_1</STRONG> (Thumb, 0 bytes, Stack size unknown bytes, libshutdown2.o(.ARM.Collect$$libshutdown$$0000000A))

<P><STRONG><a name="[141]"></a>__rt_lib_shutdown_stdio_1</STRONG> (Thumb, 0 bytes, Stack size unknown bytes, libshutdown2.o(.ARM.Collect$$libshutdown$$00000004))

<P><STRONG><a name="[142]"></a>__rt_lib_shutdown_user_alloc_1</STRONG> (Thumb, 0 bytes, Stack size unknown bytes, libshutdown2.o(.ARM.Collect$$libshutdown$$0000000C))

<P><STRONG><a name="[26]"></a>__rt_entry</STRONG> (ARM, 0 bytes, Stack size unknown bytes, __rtentry.o(.ARM.Collect$$rtentry$$00000000))
<BR><BR>[Called By]<UL><LI><a href="#[27]">&gt;&gt;</a>&nbsp;&nbsp;&nbsp;__scatterload_rt2
<LI><a href="#[23]">&gt;&gt;</a>&nbsp;&nbsp;&nbsp;__main
</UL>

<P><STRONG><a name="[143]"></a>__rt_entry_presh_1</STRONG> (ARM, 0 bytes, Stack size unknown bytes, __rtentry2.o(.ARM.Collect$$rtentry$$00000002))

<P><STRONG><a name="[2f]"></a>__rt_entry_sh</STRONG> (ARM, 0 bytes, Stack size unknown bytes, __rtentry4.o(.ARM.Collect$$rtentry$$00000004))
<BR><BR>[Stack]<UL><LI>Max Depth = 8 + Unknown Stack Size
<LI>Call Chain = __rt_entry_sh &rArr; __user_setup_stackheap
</UL>
<BR>[Calls]<UL><LI><a href="#[30]">&gt;&gt;</a>&nbsp;&nbsp;&nbsp;__user_setup_stackheap
</UL>

<P><STRONG><a name="[31]"></a>__rt_entry_li</STRONG> (ARM, 0 bytes, Stack size unknown bytes, __rtentry2.o(.ARM.Collect$$rtentry$$0000000A))
<BR><BR>[Calls]<UL><LI><a href="#[32]">&gt;&gt;</a>&nbsp;&nbsp;&nbsp;__rt_lib_init (via Veneer)
</UL>

<P><STRONG><a name="[144]"></a>__rt_entry_postsh_1</STRONG> (ARM, 0 bytes, Stack size unknown bytes, __rtentry2.o(.ARM.Collect$$rtentry$$00000009))

<P><STRONG><a name="[33]"></a>__rt_entry_main</STRONG> (ARM, 0 bytes, Stack size unknown bytes, __rtentry2.o(.ARM.Collect$$rtentry$$0000000D))
<BR><BR>[Stack]<UL><LI>Max Depth = 8 + Unknown Stack Size
<LI>Call Chain = __rt_entry_main &rArr; exit
</UL>
<BR>[Calls]<UL><LI><a href="#[34]">&gt;&gt;</a>&nbsp;&nbsp;&nbsp;exit (via BX)
</UL>

<P><STRONG><a name="[145]"></a>__rt_entry_postli_1</STRONG> (ARM, 0 bytes, Stack size unknown bytes, __rtentry2.o(.ARM.Collect$$rtentry$$0000000C))

<P><STRONG><a name="[5e]"></a>__rt_exit</STRONG> (ARM, 0 bytes, Stack size unknown bytes, rtexit.o(.ARM.Collect$$rtexit$$00000000))
<BR><BR>[Called By]<UL><LI><a href="#[34]">&gt;&gt;</a>&nbsp;&nbsp;&nbsp;exit (via Veneer)
</UL>

<P><STRONG><a name="[35]"></a>__rt_exit_ls</STRONG> (ARM, 0 bytes, Stack size unknown bytes, rtexit2.o(.ARM.Collect$$rtexit$$00000003))
<BR><BR>[Calls]<UL><LI><a href="#[36]">&gt;&gt;</a>&nbsp;&nbsp;&nbsp;__rt_lib_shutdown (via Veneer)
</UL>

<P><STRONG><a name="[146]"></a>__rt_exit_prels_1</STRONG> (ARM, 0 bytes, Stack size unknown bytes, rtexit2.o(.ARM.Collect$$rtexit$$00000002))

<P><STRONG><a name="[37]"></a>__rt_exit_exit</STRONG> (ARM, 0 bytes, Stack size unknown bytes, rtexit2.o(.ARM.Collect$$rtexit$$00000004))
<BR><BR>[Calls]<UL><LI><a href="#[38]">&gt;&gt;</a>&nbsp;&nbsp;&nbsp;_sys_exit
</UL>

<P><STRONG><a name="[5c]"></a>__user_initial_stackheap</STRONG> (ARM, 0 bytes, Stack size unknown bytes, startup.o(.text))
<BR><BR>[Called By]<UL><LI><a href="#[30]">&gt;&gt;</a>&nbsp;&nbsp;&nbsp;__user_setup_stackheap
</UL>

<P><STRONG><a name="[147]"></a>__I$use$semihosting</STRONG> (ARM, 0 bytes, Stack size 0 bytes, use_no_semi.o(.text), UNUSED)

<P><STRONG><a name="[148]"></a>__use_no_semihosting_swi</STRONG> (ARM, 4 bytes, Stack size 0 bytes, use_no_semi.o(.text), UNUSED)

<P><STRONG><a name="[da]"></a>__aeabi_llsl</STRONG> (ARM, 0 bytes, Stack size 0 bytes, llshl.o(.text))
<BR><BR>[Called By]<UL><LI><a href="#[9d]">&gt;&gt;</a>&nbsp;&nbsp;&nbsp;TMR_SR_convertFromEBV
</UL>

<P><STRONG><a name="[149]"></a>_ll_shift_l</STRONG> (ARM, 40 bytes, Stack size 0 bytes, llshl.o(.text), UNUSED)

<P><STRONG><a name="[39]"></a>__2printf</STRONG> (Thumb, 22 bytes, Stack size 24 bytes, noretval__2printf.o(.text))
<BR><BR>[Stack]<UL><LI>Max Depth = 136 + Unknown Stack Size
<LI>Call Chain = __2printf &rArr; _printf_char_file &rArr; _printf_char_common &rArr; __printf
</UL>
<BR>[Calls]<UL><LI><a href="#[3a]">&gt;&gt;</a>&nbsp;&nbsp;&nbsp;_printf_char_file
</UL>
<BR>[Called By]<UL><LI><a href="#[110]">&gt;&gt;</a>&nbsp;&nbsp;&nbsp;UART1_sendbuffer (via Veneer)
<LI><a href="#[108]">&gt;&gt;</a>&nbsp;&nbsp;&nbsp;UART1_receivebuffer (via Veneer)
<LI><a href="#[14]">&gt;&gt;</a>&nbsp;&nbsp;&nbsp;main (via Veneer)
</UL>

<P><STRONG><a name="[3b]"></a>__2sprintf</STRONG> (Thumb, 36 bytes, Stack size 32 bytes, noretval__2sprintf.o(.text))
<BR><BR>[Stack]<UL><LI>Max Depth = 128 + Unknown Stack Size
<LI>Call Chain = __2sprintf &rArr; _printf_char_common &rArr; __printf
</UL>
<BR>[Calls]<UL><LI><a href="#[15]">&gt;&gt;</a>&nbsp;&nbsp;&nbsp;_sputc
<LI><a href="#[3c]">&gt;&gt;</a>&nbsp;&nbsp;&nbsp;_printf_char_common
</UL>
<BR>[Called By]<UL><LI><a href="#[70]">&gt;&gt;</a>&nbsp;&nbsp;&nbsp;TMR_reader_init_internal (via Veneer)
<LI><a href="#[e0]">&gt;&gt;</a>&nbsp;&nbsp;&nbsp;TMR_SR_receiveMessage (via Veneer)
</UL>

<P><STRONG><a name="[3d]"></a>_printf_pre_padding</STRONG> (Thumb, 50 bytes, Stack size 16 bytes, _printf_pad.o(.text))
<BR><BR>[Stack]<UL><LI>Max Depth = 16<LI>Call Chain = _printf_pre_padding
</UL>
<BR>[Calls]<UL><LI><a href="#[3e]">&gt;&gt;</a>&nbsp;&nbsp;&nbsp;__ARM_common_call_via_r2
</UL>
<BR>[Called By]<UL><LI><a href="#[44]">&gt;&gt;</a>&nbsp;&nbsp;&nbsp;_printf_int_common
<LI><a href="#[40]">&gt;&gt;</a>&nbsp;&nbsp;&nbsp;_printf_str
</UL>

<P><STRONG><a name="[3f]"></a>_printf_post_padding</STRONG> (Thumb, 36 bytes, Stack size 16 bytes, _printf_pad.o(.text))
<BR><BR>[Stack]<UL><LI>Max Depth = 16<LI>Call Chain = _printf_post_padding
</UL>
<BR>[Calls]<UL><LI><a href="#[3e]">&gt;&gt;</a>&nbsp;&nbsp;&nbsp;__ARM_common_call_via_r2
</UL>
<BR>[Called By]<UL><LI><a href="#[44]">&gt;&gt;</a>&nbsp;&nbsp;&nbsp;_printf_int_common
<LI><a href="#[40]">&gt;&gt;</a>&nbsp;&nbsp;&nbsp;_printf_str
</UL>

<P><STRONG><a name="[40]"></a>_printf_str</STRONG> (Thumb, 88 bytes, Stack size 16 bytes, _printf_str.o(.text))
<BR><BR>[Stack]<UL><LI>Max Depth = 32<LI>Call Chain = _printf_str &rArr; _printf_post_padding
</UL>
<BR>[Calls]<UL><LI><a href="#[3f]">&gt;&gt;</a>&nbsp;&nbsp;&nbsp;_printf_post_padding
<LI><a href="#[3d]">&gt;&gt;</a>&nbsp;&nbsp;&nbsp;_printf_pre_padding
<LI><a href="#[3e]">&gt;&gt;</a>&nbsp;&nbsp;&nbsp;__ARM_common_call_via_r2
</UL>
<BR>[Called By]<UL><LI><a href="#[54]">&gt;&gt;</a>&nbsp;&nbsp;&nbsp;_printf_cs_common
</UL>

<P><STRONG><a name="[2a]"></a>_printf_int_dec</STRONG> (Thumb, 94 bytes, Stack size 32 bytes, _printf_dec.o(.text))
<BR><BR>[Stack]<UL><LI>Max Depth = 88<LI>Call Chain = _printf_int_dec &rArr; _printf_int_common &rArr; _printf_post_padding
</UL>
<BR>[Calls]<UL><LI><a href="#[43]">&gt;&gt;</a>&nbsp;&nbsp;&nbsp;__rt_udiv10 (via Veneer)
<LI><a href="#[44]">&gt;&gt;</a>&nbsp;&nbsp;&nbsp;_printf_int_common
<LI><a href="#[42]">&gt;&gt;</a>&nbsp;&nbsp;&nbsp;_printf_truncate_unsigned (Weak Reference)
<LI><a href="#[41]">&gt;&gt;</a>&nbsp;&nbsp;&nbsp;_printf_truncate_signed (Weak Reference)
</UL>
<BR>[Called By]<UL><LI><a href="#[29]">&gt;&gt;</a>&nbsp;&nbsp;&nbsp;_printf_d (via Veneer)
</UL>

<P><STRONG><a name="[2c]"></a>_printf_int_hex</STRONG> (Thumb, 88 bytes, Stack size 16 bytes, _printf_hex_int.o(.text))
<BR><BR>[Stack]<UL><LI>Max Depth = 72<LI>Call Chain = _printf_int_hex &rArr; _printf_int_common &rArr; _printf_post_padding
</UL>
<BR>[Calls]<UL><LI><a href="#[44]">&gt;&gt;</a>&nbsp;&nbsp;&nbsp;_printf_int_common
<LI><a href="#[42]">&gt;&gt;</a>&nbsp;&nbsp;&nbsp;_printf_truncate_unsigned (Weak Reference)
</UL>
<BR>[Called By]<UL><LI><a href="#[2b]">&gt;&gt;</a>&nbsp;&nbsp;&nbsp;_printf_x (via Veneer)
</UL>

<P><STRONG><a name="[14a]"></a>_printf_longlong_hex</STRONG> (Thumb, 0 bytes, Stack size 16 bytes, _printf_hex_int.o(.text), UNUSED)

<P><STRONG><a name="[45]"></a>__printf</STRONG> (Thumb, 322 bytes, Stack size 32 bytes, __printf_flags_wp.o(.text))
<BR><BR>[Stack]<UL><LI>Max Depth = 32 + Unknown Stack Size
<LI>Call Chain = __printf
</UL>
<BR>[Calls]<UL><LI><a href="#[48]">&gt;&gt;</a>&nbsp;&nbsp;&nbsp;_printf_percent (via Veneer)
<LI><a href="#[47]">&gt;&gt;</a>&nbsp;&nbsp;&nbsp;_is_digit
<LI><a href="#[3e]">&gt;&gt;</a>&nbsp;&nbsp;&nbsp;__ARM_common_call_via_r2
<LI><a href="#[46]">&gt;&gt;</a>&nbsp;&nbsp;&nbsp;__ARM_common_call_via_r1
</UL>
<BR>[Called By]<UL><LI><a href="#[3c]">&gt;&gt;</a>&nbsp;&nbsp;&nbsp;_printf_char_common
</UL>

<P><STRONG><a name="[49]"></a>strtok</STRONG> (Thumb, 14 bytes, Stack size 8 bytes, strtok.o(.text))
<BR><BR>[Stack]<UL><LI>Max Depth = 40<LI>Call Chain = strtok &rArr; __strtok_internal &rArr; strspn
</UL>
<BR>[Calls]<UL><LI><a href="#[4a]">&gt;&gt;</a>&nbsp;&nbsp;&nbsp;__strtok_internal
</UL>
<BR>[Called By]<UL><LI><a href="#[ff]">&gt;&gt;</a>&nbsp;&nbsp;&nbsp;TMR_create (via Veneer)
</UL>

<P><STRONG><a name="[e6]"></a>strlen</STRONG> (Thumb, 64 bytes, Stack size 8 bytes, strlen.o(.text))
<BR><BR>[Stack]<UL><LI>Max Depth = 8<LI>Call Chain = strlen
</UL>
<BR>[Called By]<UL><LI><a href="#[e0]">&gt;&gt;</a>&nbsp;&nbsp;&nbsp;TMR_SR_receiveMessage (via Veneer)
<LI><a href="#[ea]">&gt;&gt;</a>&nbsp;&nbsp;&nbsp;getHardwareInfo (via Veneer)
<LI><a href="#[1b]">&gt;&gt;</a>&nbsp;&nbsp;&nbsp;TMR_SR_paramGet (via Veneer)
</UL>

<P><STRONG><a name="[100]"></a>strncmp</STRONG> (Thumb, 146 bytes, Stack size 16 bytes, strncmp.o(.text))
<BR><BR>[Stack]<UL><LI>Max Depth = 16<LI>Call Chain = strncmp
</UL>
<BR>[Called By]<UL><LI><a href="#[ff]">&gt;&gt;</a>&nbsp;&nbsp;&nbsp;TMR_create (via Veneer)
</UL>

<P><STRONG><a name="[4e]"></a>__aeabi_memcpy</STRONG> (ARM, 0 bytes, Stack size 0 bytes, rt_memcpy.o(.text))
<BR><BR>[Called By]<UL><LI><a href="#[e9]">&gt;&gt;</a>&nbsp;&nbsp;&nbsp;updateTxRxMapData
<LI><a href="#[1a]">&gt;&gt;</a>&nbsp;&nbsp;&nbsp;TMR_SR_paramSet
<LI><a href="#[1b]">&gt;&gt;</a>&nbsp;&nbsp;&nbsp;TMR_SR_paramGet
<LI><a href="#[4d]">&gt;&gt;</a>&nbsp;&nbsp;&nbsp;__rt_memmove
</UL>

<P><STRONG><a name="[4b]"></a>__rt_memcpy</STRONG> (ARM, 212 bytes, Stack size 0 bytes, rt_memcpy.o(.text), UNUSED)
<BR><BR>[Calls]<UL><LI><a href="#[4c]">&gt;&gt;</a>&nbsp;&nbsp;&nbsp;__aeabi_memcpy4
</UL>

<P><STRONG><a name="[14b]"></a>_memcpy_lastbytes</STRONG> (ARM, 0 bytes, Stack size unknown bytes, rt_memcpy.o(.text), UNUSED)

<P><STRONG><a name="[f8]"></a>__aeabi_memmove</STRONG> (ARM, 0 bytes, Stack size 0 bytes, rt_memmove.o(.text))
<BR><BR>[Called By]<UL><LI><a href="#[e0]">&gt;&gt;</a>&nbsp;&nbsp;&nbsp;TMR_SR_receiveMessage
</UL>

<P><STRONG><a name="[4d]"></a>__rt_memmove</STRONG> (ARM, 212 bytes, Stack size 0 bytes, rt_memmove.o(.text), UNUSED)
<BR><BR>[Calls]<UL><LI><a href="#[4f]">&gt;&gt;</a>&nbsp;&nbsp;&nbsp;__memmove_aligned
<LI><a href="#[4e]">&gt;&gt;</a>&nbsp;&nbsp;&nbsp;__aeabi_memcpy
</UL>

<P><STRONG><a name="[14c]"></a>__memmove_lastfew</STRONG> (ARM, 0 bytes, Stack size unknown bytes, rt_memmove.o(.text), UNUSED)

<P><STRONG><a name="[4c]"></a>__aeabi_memcpy4</STRONG> (ARM, 0 bytes, Stack size 8 bytes, rt_memcpy_w.o(.text))
<BR><BR>[Stack]<UL><LI>Max Depth = 8<LI>Call Chain = __aeabi_memcpy4
</UL>
<BR>[Called By]<UL><LI><a href="#[e5]">&gt;&gt;</a>&nbsp;&nbsp;&nbsp;TMR_paramGet
<LI><a href="#[6f]">&gt;&gt;</a>&nbsp;&nbsp;&nbsp;TMR_SR_SerialReader_init
<LI><a href="#[1a]">&gt;&gt;</a>&nbsp;&nbsp;&nbsp;TMR_SR_paramSet
<LI><a href="#[5a]">&gt;&gt;</a>&nbsp;&nbsp;&nbsp;__rt_memmove_w
<LI><a href="#[4b]">&gt;&gt;</a>&nbsp;&nbsp;&nbsp;__rt_memcpy
</UL>

<P><STRONG><a name="[14d]"></a>__aeabi_memcpy8</STRONG> (ARM, 0 bytes, Stack size 8 bytes, rt_memcpy_w.o(.text), UNUSED)

<P><STRONG><a name="[14e]"></a>__rt_memcpy_w</STRONG> (ARM, 100 bytes, Stack size 8 bytes, rt_memcpy_w.o(.text), UNUSED)

<P><STRONG><a name="[14f]"></a>_memcpy_lastbytes_aligned</STRONG> (ARM, 0 bytes, Stack size unknown bytes, rt_memcpy_w.o(.text), UNUSED)

<P><STRONG><a name="[53]"></a>__aeabi_memclr</STRONG> (ARM, 0 bytes, Stack size 0 bytes, rt_memclr.o(.text))
<BR><BR>[Called By]<UL><LI><a href="#[e0]">&gt;&gt;</a>&nbsp;&nbsp;&nbsp;TMR_SR_receiveMessage
<LI><a href="#[52]">&gt;&gt;</a>&nbsp;&nbsp;&nbsp;strncpy
</UL>

<P><STRONG><a name="[50]"></a>__rt_memclr</STRONG> (ARM, 64 bytes, Stack size 0 bytes, rt_memclr.o(.text), UNUSED)
<BR><BR>[Calls]<UL><LI><a href="#[51]">&gt;&gt;</a>&nbsp;&nbsp;&nbsp;_memset_w
</UL>

<P><STRONG><a name="[150]"></a>_memset</STRONG> (ARM, 0 bytes, Stack size unknown bytes, rt_memclr.o(.text), UNUSED)

<P><STRONG><a name="[94]"></a>__aeabi_memclr4</STRONG> (ARM, 0 bytes, Stack size 4 bytes, rt_memclr_w.o(.text))
<BR><BR>[Stack]<UL><LI>Max Depth = 4<LI>Call Chain = __aeabi_memclr4
</UL>
<BR>[Called By]<UL><LI><a href="#[101]">&gt;&gt;</a>&nbsp;&nbsp;&nbsp;TMR_initSerialTransportTable
<LI><a href="#[ed]">&gt;&gt;</a>&nbsp;&nbsp;&nbsp;TMR_paramProbe
<LI><a href="#[93]">&gt;&gt;</a>&nbsp;&nbsp;&nbsp;TMR_SR_cmdGetGPIO
<LI><a href="#[1b]">&gt;&gt;</a>&nbsp;&nbsp;&nbsp;TMR_SR_paramGet
</UL>

<P><STRONG><a name="[151]"></a>__aeabi_memclr8</STRONG> (ARM, 0 bytes, Stack size 4 bytes, rt_memclr_w.o(.text), UNUSED)

<P><STRONG><a name="[152]"></a>__rt_memclr_w</STRONG> (ARM, 84 bytes, Stack size 4 bytes, rt_memclr_w.o(.text), UNUSED)

<P><STRONG><a name="[51]"></a>_memset_w</STRONG> (ARM, 0 bytes, Stack size unknown bytes, rt_memclr_w.o(.text), UNUSED)
<BR><BR>[Called By]<UL><LI><a href="#[50]">&gt;&gt;</a>&nbsp;&nbsp;&nbsp;__rt_memclr
</UL>

<P><STRONG><a name="[52]"></a>strncpy</STRONG> (ARM, 108 bytes, Stack size 8 bytes, strncpy.o(.text))
<BR><BR>[Stack]<UL><LI>Max Depth = 8<LI>Call Chain = strncpy
</UL>
<BR>[Calls]<UL><LI><a href="#[53]">&gt;&gt;</a>&nbsp;&nbsp;&nbsp;__aeabi_memclr
</UL>
<BR>[Called By]<UL><LI><a href="#[ff]">&gt;&gt;</a>&nbsp;&nbsp;&nbsp;TMR_create
</UL>

<P><STRONG><a name="[103]"></a>strcmp</STRONG> (ARM, 240 bytes, Stack size 4 bytes, strcmp.o(.text))
<BR><BR>[Stack]<UL><LI>Max Depth = 4<LI>Call Chain = strcmp
</UL>
<BR>[Called By]<UL><LI><a href="#[ff]">&gt;&gt;</a>&nbsp;&nbsp;&nbsp;TMR_create
</UL>

<P><STRONG><a name="[153]"></a>__aeabi_idiv</STRONG> (ARM, 0 bytes, Stack size 8 bytes, aeabi_sdiv.o(.text), UNUSED)

<P><STRONG><a name="[95]"></a>__aeabi_idivmod</STRONG> (ARM, 384 bytes, Stack size 8 bytes, aeabi_sdiv.o(.text))
<BR><BR>[Stack]<UL><LI>Max Depth = 8<LI>Call Chain = __aeabi_idivmod
</UL>
<BR>[Called By]<UL><LI><a href="#[93]">&gt;&gt;</a>&nbsp;&nbsp;&nbsp;TMR_SR_cmdGetGPIO
<LI><a href="#[b1]">&gt;&gt;</a>&nbsp;&nbsp;&nbsp;TMR_SR_msgSetupMultipleProtocolSearch
</UL>

<P><STRONG><a name="[154]"></a>__use_two_region_memory</STRONG> (Thumb, 2 bytes, Stack size 0 bytes, heapauxi.o(.text), UNUSED)

<P><STRONG><a name="[4]"></a>__rt_heap_escrow</STRONG> (Thumb, 2 bytes, Stack size 0 bytes, heapauxi.o(.text), UNUSED)

<P><STRONG><a name="[3]"></a>__rt_heap_expand</STRONG> (Thumb, 2 bytes, Stack size 0 bytes, heapauxi.o(.text), UNUSED)

<P><STRONG><a name="[44]"></a>_printf_int_common</STRONG> (Thumb, 186 bytes, Stack size 40 bytes, _printf_intcommon.o(.text))
<BR><BR>[Stack]<UL><LI>Max Depth = 56<LI>Call Chain = _printf_int_common &rArr; _printf_post_padding
</UL>
<BR>[Calls]<UL><LI><a href="#[3f]">&gt;&gt;</a>&nbsp;&nbsp;&nbsp;_printf_post_padding
<LI><a href="#[3d]">&gt;&gt;</a>&nbsp;&nbsp;&nbsp;_printf_pre_padding
<LI><a href="#[3e]">&gt;&gt;</a>&nbsp;&nbsp;&nbsp;__ARM_common_call_via_r2
</UL>
<BR>[Called By]<UL><LI><a href="#[2c]">&gt;&gt;</a>&nbsp;&nbsp;&nbsp;_printf_int_hex
<LI><a href="#[2a]">&gt;&gt;</a>&nbsp;&nbsp;&nbsp;_printf_int_dec
</UL>

<P><STRONG><a name="[3c]"></a>_printf_char_common</STRONG> (Thumb, 34 bytes, Stack size 64 bytes, _printf_char_common.o(.text))
<BR><BR>[Stack]<UL><LI>Max Depth = 96 + Unknown Stack Size
<LI>Call Chain = _printf_char_common &rArr; __printf
</UL>
<BR>[Calls]<UL><LI><a href="#[45]">&gt;&gt;</a>&nbsp;&nbsp;&nbsp;__printf
</UL>
<BR>[Called By]<UL><LI><a href="#[3a]">&gt;&gt;</a>&nbsp;&nbsp;&nbsp;_printf_char_file
<LI><a href="#[3b]">&gt;&gt;</a>&nbsp;&nbsp;&nbsp;__2sprintf
</UL>

<P><STRONG><a name="[15]"></a>_sputc</STRONG> (Thumb, 10 bytes, Stack size 0 bytes, _sputc.o(.text))
<BR><BR>[Called By]<UL><LI><a href="#[3b]">&gt;&gt;</a>&nbsp;&nbsp;&nbsp;__2sprintf
</UL>
<BR>[Address Reference Count : 1]<UL><LI> noretval__2sprintf.o(.text)
</UL>
<P><STRONG><a name="[54]"></a>_printf_cs_common</STRONG> (Thumb, 26 bytes, Stack size 8 bytes, _printf_char.o(.text))
<BR><BR>[Stack]<UL><LI>Max Depth = 40<LI>Call Chain = _printf_cs_common &rArr; _printf_str &rArr; _printf_post_padding
</UL>
<BR>[Calls]<UL><LI><a href="#[55]">&gt;&gt;</a>&nbsp;&nbsp;&nbsp;_printf_mbtowc (Weak Reference)
<LI><a href="#[40]">&gt;&gt;</a>&nbsp;&nbsp;&nbsp;_printf_str
</UL>
<BR>[Called By]<UL><LI><a href="#[2e]">&gt;&gt;</a>&nbsp;&nbsp;&nbsp;_printf_string
<LI><a href="#[56]">&gt;&gt;</a>&nbsp;&nbsp;&nbsp;_printf_char
</UL>

<P><STRONG><a name="[56]"></a>_printf_char</STRONG> (Thumb, 16 bytes, Stack size 0 bytes, _printf_char.o(.text), UNUSED)
<BR><BR>[Calls]<UL><LI><a href="#[54]">&gt;&gt;</a>&nbsp;&nbsp;&nbsp;_printf_cs_common
</UL>

<P><STRONG><a name="[2e]"></a>_printf_string</STRONG> (Thumb, 8 bytes, Stack size 0 bytes, _printf_char.o(.text))
<BR><BR>[Stack]<UL><LI>Max Depth = 40<LI>Call Chain = _printf_string &rArr; _printf_cs_common &rArr; _printf_str &rArr; _printf_post_padding
</UL>
<BR>[Calls]<UL><LI><a href="#[54]">&gt;&gt;</a>&nbsp;&nbsp;&nbsp;_printf_cs_common
</UL>
<BR>[Called By]<UL><LI><a href="#[2d]">&gt;&gt;</a>&nbsp;&nbsp;&nbsp;_printf_s (via Veneer)
</UL>

<P><STRONG><a name="[3a]"></a>_printf_char_file</STRONG> (Thumb, 38 bytes, Stack size 16 bytes, _printf_char_file.o(.text))
<BR><BR>[Stack]<UL><LI>Max Depth = 112 + Unknown Stack Size
<LI>Call Chain = _printf_char_file &rArr; _printf_char_common &rArr; __printf
</UL>
<BR>[Calls]<UL><LI><a href="#[57]">&gt;&gt;</a>&nbsp;&nbsp;&nbsp;ferror (via Veneer)
<LI><a href="#[3c]">&gt;&gt;</a>&nbsp;&nbsp;&nbsp;_printf_char_common
</UL>
<BR>[Called By]<UL><LI><a href="#[39]">&gt;&gt;</a>&nbsp;&nbsp;&nbsp;__2printf
</UL>

<P><STRONG><a name="[4a]"></a>__strtok_internal</STRONG> (Thumb, 72 bytes, Stack size 24 bytes, strtok_int.o(.text))
<BR><BR>[Stack]<UL><LI>Max Depth = 32<LI>Call Chain = __strtok_internal &rArr; strspn
</UL>
<BR>[Calls]<UL><LI><a href="#[58]">&gt;&gt;</a>&nbsp;&nbsp;&nbsp;strspn
<LI><a href="#[59]">&gt;&gt;</a>&nbsp;&nbsp;&nbsp;strcspn
</UL>
<BR>[Called By]<UL><LI><a href="#[49]">&gt;&gt;</a>&nbsp;&nbsp;&nbsp;strtok
</UL>

<P><STRONG><a name="[155]"></a>__aeabi_memmove4</STRONG> (ARM, 0 bytes, Stack size 8 bytes, rt_memmove_w.o(.text), UNUSED)

<P><STRONG><a name="[156]"></a>__aeabi_memmove8</STRONG> (ARM, 0 bytes, Stack size 8 bytes, rt_memmove_w.o(.text), UNUSED)

<P><STRONG><a name="[5a]"></a>__rt_memmove_w</STRONG> (ARM, 128 bytes, Stack size 8 bytes, rt_memmove_w.o(.text), UNUSED)
<BR><BR>[Calls]<UL><LI><a href="#[4c]">&gt;&gt;</a>&nbsp;&nbsp;&nbsp;__aeabi_memcpy4
</UL>

<P><STRONG><a name="[4f]"></a>__memmove_aligned</STRONG> (ARM, 0 bytes, Stack size unknown bytes, rt_memmove_w.o(.text), UNUSED)
<BR><BR>[Called By]<UL><LI><a href="#[4d]">&gt;&gt;</a>&nbsp;&nbsp;&nbsp;__rt_memmove
</UL>

<P><STRONG><a name="[157]"></a>__memmove_lastfew_aligned</STRONG> (ARM, 0 bytes, Stack size unknown bytes, rt_memmove_w.o(.text), UNUSED)

<P><STRONG><a name="[43]"></a>__rt_udiv10</STRONG> (ARM, 44 bytes, Stack size 0 bytes, rtudiv10.o(.text))
<BR><BR>[Called By]<UL><LI><a href="#[2a]">&gt;&gt;</a>&nbsp;&nbsp;&nbsp;_printf_int_dec (via Veneer)
</UL>

<P><STRONG><a name="[158]"></a>__user_libspace</STRONG> (ARM, 12 bytes, Stack size 0 bytes, libspace.o(.text), UNUSED)

<P><STRONG><a name="[5b]"></a>__user_perproc_libspace</STRONG> (ARM, 0 bytes, Stack size 0 bytes, libspace.o(.text))
<BR><BR>[Called By]<UL><LI><a href="#[30]">&gt;&gt;</a>&nbsp;&nbsp;&nbsp;__user_setup_stackheap
</UL>

<P><STRONG><a name="[159]"></a>__user_perthread_libspace</STRONG> (ARM, 0 bytes, Stack size 0 bytes, libspace.o(.text), UNUSED)

<P><STRONG><a name="[59]"></a>strcspn</STRONG> (Thumb, 36 bytes, Stack size 8 bytes, strcspn.o(.text))
<BR><BR>[Stack]<UL><LI>Max Depth = 8<LI>Call Chain = strcspn
</UL>
<BR>[Called By]<UL><LI><a href="#[4a]">&gt;&gt;</a>&nbsp;&nbsp;&nbsp;__strtok_internal
</UL>

<P><STRONG><a name="[58]"></a>strspn</STRONG> (Thumb, 34 bytes, Stack size 8 bytes, strspn.o(.text))
<BR><BR>[Stack]<UL><LI>Max Depth = 8<LI>Call Chain = strspn
</UL>
<BR>[Called By]<UL><LI><a href="#[4a]">&gt;&gt;</a>&nbsp;&nbsp;&nbsp;__strtok_internal
</UL>

<P><STRONG><a name="[30]"></a>__user_setup_stackheap</STRONG> (ARM, 96 bytes, Stack size 8 bytes, sys_stackheap_outer.o(.text))
<BR><BR>[Stack]<UL><LI>Max Depth = 8 + Unknown Stack Size
<LI>Call Chain = __user_setup_stackheap
</UL>
<BR>[Calls]<UL><LI><a href="#[5c]">&gt;&gt;</a>&nbsp;&nbsp;&nbsp;__user_initial_stackheap
<LI><a href="#[5b]">&gt;&gt;</a>&nbsp;&nbsp;&nbsp;__user_perproc_libspace
</UL>
<BR>[Called By]<UL><LI><a href="#[2f]">&gt;&gt;</a>&nbsp;&nbsp;&nbsp;__rt_entry_sh
</UL>

<P><STRONG><a name="[34]"></a>exit</STRONG> (Thumb, 20 bytes, Stack size 8 bytes, exit.o(.text))
<BR><BR>[Stack]<UL><LI>Max Depth = 8 + Unknown Stack Size
<LI>Call Chain = exit
</UL>
<BR>[Calls]<UL><LI><a href="#[5e]">&gt;&gt;</a>&nbsp;&nbsp;&nbsp;__rt_exit (via Veneer)
<LI><a href="#[5d]">&gt;&gt;</a>&nbsp;&nbsp;&nbsp;_call_atexit_fns (Weak Reference)
</UL>
<BR>[Called By]<UL><LI><a href="#[33]">&gt;&gt;</a>&nbsp;&nbsp;&nbsp;__rt_entry_main
</UL>

<P><STRONG><a name="[15a]"></a>__aeabi_uidiv</STRONG> (ARM, 0 bytes, Stack size 0 bytes, aeabi_sdiv.o(.text_udiv), UNUSED)

<P><STRONG><a name="[5f]"></a>__aeabi_uidivmod</STRONG> (ARM, 36 bytes, Stack size 0 bytes, aeabi_sdiv.o(.text_udiv))
<BR><BR>[Calls]<UL><LI><a href="#[63]">&gt;&gt;</a>&nbsp;&nbsp;&nbsp;__arm_div_large
<LI><a href="#[60]">&gt;&gt;</a>&nbsp;&nbsp;&nbsp;__arm_div2
<LI><a href="#[61]">&gt;&gt;</a>&nbsp;&nbsp;&nbsp;__arm_div5
<LI><a href="#[62]">&gt;&gt;</a>&nbsp;&nbsp;&nbsp;__arm_div8
</UL>
<BR>[Called By]<UL><LI><a href="#[120]">&gt;&gt;</a>&nbsp;&nbsp;&nbsp;setAntennaReadTimeHelper
<LI><a href="#[b1]">&gt;&gt;</a>&nbsp;&nbsp;&nbsp;TMR_SR_msgSetupMultipleProtocolSearch
</UL>

<P><STRONG><a name="[64]"></a>InitInterrupt</STRONG> (ARM, 80 bytes, Stack size 8 bytes, isr_manager.o(i.InitInterrupt))
<BR><BR>[Stack]<UL><LI>Max Depth = 8<LI>Call Chain = InitInterrupt
</UL>
<BR>[Calls]<UL><LI><a href="#[65]">&gt;&gt;</a>&nbsp;&nbsp;&nbsp;RingBufInit
</UL>
<BR>[Called By]<UL><LI><a href="#[14]">&gt;&gt;</a>&nbsp;&nbsp;&nbsp;main
</UL>

<P><STRONG><a name="[107]"></a>RingBufEmpty</STRONG> (ARM, 36 bytes, Stack size 0 bytes, ringbuf.o(i.RingBufEmpty))
<BR><BR>[Called By]<UL><LI><a href="#[105]">&gt;&gt;</a>&nbsp;&nbsp;&nbsp;UART1_flush
</UL>

<P><STRONG><a name="[106]"></a>RingBufFlush</STRONG> (ARM, 12 bytes, Stack size 0 bytes, ringbuf.o(i.RingBufFlush))
<BR><BR>[Called By]<UL><LI><a href="#[105]">&gt;&gt;</a>&nbsp;&nbsp;&nbsp;UART1_flush
</UL>

<P><STRONG><a name="[65]"></a>RingBufInit</STRONG> (ARM, 24 bytes, Stack size 0 bytes, ringbuf.o(i.RingBufInit))
<BR><BR>[Called By]<UL><LI><a href="#[64]">&gt;&gt;</a>&nbsp;&nbsp;&nbsp;InitInterrupt
</UL>

<P><STRONG><a name="[66]"></a>RingBufRead</STRONG> (ARM, 56 bytes, Stack size 24 bytes, ringbuf.o(i.RingBufRead))
<BR><BR>[Stack]<UL><LI>Max Depth = 40<LI>Call Chain = RingBufRead &rArr; RingBufReadOne
</UL>
<BR>[Calls]<UL><LI><a href="#[67]">&gt;&gt;</a>&nbsp;&nbsp;&nbsp;RingBufReadOne
</UL>
<BR>[Called By]<UL><LI><a href="#[108]">&gt;&gt;</a>&nbsp;&nbsp;&nbsp;UART1_receivebuffer
</UL>

<P><STRONG><a name="[67]"></a>RingBufReadOne</STRONG> (ARM, 48 bytes, Stack size 16 bytes, ringbuf.o(i.RingBufReadOne))
<BR><BR>[Stack]<UL><LI>Max Depth = 16<LI>Call Chain = RingBufReadOne
</UL>
<BR>[Calls]<UL><LI><a href="#[68]">&gt;&gt;</a>&nbsp;&nbsp;&nbsp;UpdateIndexAtomic
</UL>
<BR>[Called By]<UL><LI><a href="#[66]">&gt;&gt;</a>&nbsp;&nbsp;&nbsp;RingBufRead
</UL>

<P><STRONG><a name="[10b]"></a>RingBufUsed</STRONG> (ARM, 44 bytes, Stack size 0 bytes, ringbuf.o(i.RingBufUsed))
<BR><BR>[Called By]<UL><LI><a href="#[108]">&gt;&gt;</a>&nbsp;&nbsp;&nbsp;UART1_receivebuffer
</UL>

<P><STRONG><a name="[69]"></a>RingBufWriteOne</STRONG> (ARM, 48 bytes, Stack size 16 bytes, ringbuf.o(i.RingBufWriteOne))
<BR><BR>[Stack]<UL><LI>Max Depth = 16<LI>Call Chain = RingBufWriteOne
</UL>
<BR>[Calls]<UL><LI><a href="#[68]">&gt;&gt;</a>&nbsp;&nbsp;&nbsp;UpdateIndexAtomic
</UL>
<BR>[Called By]<UL><LI><a href="#[18]">&gt;&gt;</a>&nbsp;&nbsp;&nbsp;UART1_irq
</UL>

<P><STRONG><a name="[115]"></a>TIMER_Init</STRONG> (ARM, 36 bytes, Stack size 0 bytes, timer.o(i.TIMER_Init))
<BR><BR>[Called By]<UL><LI><a href="#[14]">&gt;&gt;</a>&nbsp;&nbsp;&nbsp;main
</UL>

<P><STRONG><a name="[6e]"></a>TIMER_SOFTWARE_ModX</STRONG> (ARM, 820 bytes, Stack size 8 bytes, timer_software.o(i.TIMER_SOFTWARE_ModX))
<BR><BR>[Stack]<UL><LI>Max Depth = 8<LI>Call Chain = TIMER_SOFTWARE_ModX
</UL>
<BR>[Called By]<UL><LI><a href="#[24]">&gt;&gt;</a>&nbsp;&nbsp;&nbsp;TIMER_irq
</UL>

<P><STRONG><a name="[10c]"></a>TIMER_SOFTWARE_clear_interrupt</STRONG> (ARM, 40 bytes, Stack size 0 bytes, timer_software.o(i.TIMER_SOFTWARE_clear_interrupt))
<BR><BR>[Called By]<UL><LI><a href="#[108]">&gt;&gt;</a>&nbsp;&nbsp;&nbsp;UART1_receivebuffer
<LI><a href="#[14]">&gt;&gt;</a>&nbsp;&nbsp;&nbsp;main
</UL>

<P><STRONG><a name="[109]"></a>TIMER_SOFTWARE_configure_timer</STRONG> (ARM, 608 bytes, Stack size 8 bytes, timer_software.o(i.TIMER_SOFTWARE_configure_timer))
<BR><BR>[Stack]<UL><LI>Max Depth = 8<LI>Call Chain = TIMER_SOFTWARE_configure_timer
</UL>
<BR>[Called By]<UL><LI><a href="#[108]">&gt;&gt;</a>&nbsp;&nbsp;&nbsp;UART1_receivebuffer
<LI><a href="#[14]">&gt;&gt;</a>&nbsp;&nbsp;&nbsp;main
</UL>

<P><STRONG><a name="[10d]"></a>TIMER_SOFTWARE_disable_timer</STRONG> (ARM, 88 bytes, Stack size 0 bytes, timer_software.o(i.TIMER_SOFTWARE_disable_timer))
<BR><BR>[Called By]<UL><LI><a href="#[108]">&gt;&gt;</a>&nbsp;&nbsp;&nbsp;UART1_receivebuffer
</UL>

<P><STRONG><a name="[6d]"></a>TIMER_SOFTWARE_enable_timer</STRONG> (ARM, 128 bytes, Stack size 0 bytes, timer_software.o(i.TIMER_SOFTWARE_enable_timer))
<BR><BR>[Called By]<UL><LI><a href="#[6c]">&gt;&gt;</a>&nbsp;&nbsp;&nbsp;TIMER_SOFTWARE_start_timer
</UL>

<P><STRONG><a name="[6a]"></a>TIMER_SOFTWARE_init</STRONG> (ARM, 144 bytes, Stack size 8 bytes, timer_software.o(i.TIMER_SOFTWARE_init))
<BR><BR>[Stack]<UL><LI>Max Depth = 8<LI>Call Chain = TIMER_SOFTWARE_init
</UL>
<BR>[Calls]<UL><LI><a href="#[6b]">&gt;&gt;</a>&nbsp;&nbsp;&nbsp;TIMER_SOFTWARE_request_timer
</UL>
<BR>[Called By]<UL><LI><a href="#[14]">&gt;&gt;</a>&nbsp;&nbsp;&nbsp;main
</UL>

<P><STRONG><a name="[10e]"></a>TIMER_SOFTWARE_interrupt_pending</STRONG> (ARM, 32 bytes, Stack size 0 bytes, timer_software.o(i.TIMER_SOFTWARE_interrupt_pending))
<BR><BR>[Called By]<UL><LI><a href="#[108]">&gt;&gt;</a>&nbsp;&nbsp;&nbsp;UART1_receivebuffer
<LI><a href="#[14]">&gt;&gt;</a>&nbsp;&nbsp;&nbsp;main
</UL>

<P><STRONG><a name="[10f]"></a>TIMER_SOFTWARE_release_timer</STRONG> (ARM, 112 bytes, Stack size 0 bytes, timer_software.o(i.TIMER_SOFTWARE_release_timer))
<BR><BR>[Called By]<UL><LI><a href="#[108]">&gt;&gt;</a>&nbsp;&nbsp;&nbsp;UART1_receivebuffer
</UL>

<P><STRONG><a name="[6b]"></a>TIMER_SOFTWARE_request_timer</STRONG> (ARM, 196 bytes, Stack size 0 bytes, timer_software.o(i.TIMER_SOFTWARE_request_timer))
<BR><BR>[Called By]<UL><LI><a href="#[108]">&gt;&gt;</a>&nbsp;&nbsp;&nbsp;UART1_receivebuffer
<LI><a href="#[6a]">&gt;&gt;</a>&nbsp;&nbsp;&nbsp;TIMER_SOFTWARE_init
<LI><a href="#[14]">&gt;&gt;</a>&nbsp;&nbsp;&nbsp;main
</UL>

<P><STRONG><a name="[10a]"></a>TIMER_SOFTWARE_reset_timer</STRONG> (ARM, 24 bytes, Stack size 0 bytes, timer_software.o(i.TIMER_SOFTWARE_reset_timer))
<BR><BR>[Called By]<UL><LI><a href="#[108]">&gt;&gt;</a>&nbsp;&nbsp;&nbsp;UART1_receivebuffer
<LI><a href="#[14]">&gt;&gt;</a>&nbsp;&nbsp;&nbsp;main
</UL>

<P><STRONG><a name="[6c]"></a>TIMER_SOFTWARE_start_timer</STRONG> (ARM, 148 bytes, Stack size 8 bytes, timer_software.o(i.TIMER_SOFTWARE_start_timer))
<BR><BR>[Stack]<UL><LI>Max Depth = 8<LI>Call Chain = TIMER_SOFTWARE_start_timer
</UL>
<BR>[Calls]<UL><LI><a href="#[6d]">&gt;&gt;</a>&nbsp;&nbsp;&nbsp;TIMER_SOFTWARE_enable_timer
</UL>
<BR>[Called By]<UL><LI><a href="#[14]">&gt;&gt;</a>&nbsp;&nbsp;&nbsp;main
</UL>

<P><STRONG><a name="[11c]"></a>TIMER_SOFTWARE_stop_timer</STRONG> (ARM, 96 bytes, Stack size 0 bytes, timer_software.o(i.TIMER_SOFTWARE_stop_timer))
<BR><BR>[Called By]<UL><LI><a href="#[14]">&gt;&gt;</a>&nbsp;&nbsp;&nbsp;main
</UL>

<P><STRONG><a name="[24]"></a>TIMER_irq</STRONG> (ARM, 56 bytes, Stack size 24 bytes, isr_manager.o(i.TIMER_irq))
<BR><BR>[Stack]<UL><LI>Max Depth = 32<LI>Call Chain = TIMER_irq &rArr; TIMER_SOFTWARE_ModX
</UL>
<BR>[Calls]<UL><LI><a href="#[6e]">&gt;&gt;</a>&nbsp;&nbsp;&nbsp;TIMER_SOFTWARE_ModX
</UL>
<BR>[Called By]<UL><LI><a href="#[12]">&gt;&gt;</a>&nbsp;&nbsp;&nbsp;FIQ_Handler
</UL>

<P><STRONG><a name="[d5]"></a>TMR_RP_init_simple</STRONG> (ARM, 92 bytes, Stack size 8 bytes, tm_reader.o(i.TMR_RP_init_simple))
<BR><BR>[Stack]<UL><LI>Max Depth = 8<LI>Call Chain = TMR_RP_init_simple
</UL>
<BR>[Called By]<UL><LI><a href="#[119]">&gt;&gt;</a>&nbsp;&nbsp;&nbsp;setReadPlan_Simple
<LI><a href="#[70]">&gt;&gt;</a>&nbsp;&nbsp;&nbsp;TMR_reader_init_internal
<LI><a href="#[d1]">&gt;&gt;</a>&nbsp;&nbsp;&nbsp;TMR_SR_cmdSetUserProfile
</UL>

<P><STRONG><a name="[6f]"></a>TMR_SR_SerialReader_init</STRONG> (ARM, 364 bytes, Stack size 48 bytes, serial_reader.o(i.TMR_SR_SerialReader_init))
<BR><BR>[Stack]<UL><LI>Max Depth = 448 + Unknown Stack Size
<LI>Call Chain = TMR_SR_SerialReader_init &rArr; TMR_reader_init_internal &rArr; __2sprintf &rArr; _printf_char_common &rArr; __printf
</UL>
<BR>[Calls]<UL><LI><a href="#[70]">&gt;&gt;</a>&nbsp;&nbsp;&nbsp;TMR_reader_init_internal
<LI><a href="#[4c]">&gt;&gt;</a>&nbsp;&nbsp;&nbsp;__aeabi_memcpy4
</UL>
<BR>[Called By]<UL><LI><a href="#[ff]">&gt;&gt;</a>&nbsp;&nbsp;&nbsp;TMR_create
</UL>

<P><STRONG><a name="[71]"></a>TMR_SR_SerialTransportDummyInit</STRONG> (ARM, 64 bytes, Stack size 0 bytes, serial_transport_dummy.o(i.TMR_SR_SerialTransportDummyInit))
<BR><BR>[Called By]<UL><LI><a href="#[14]">&gt;&gt;</a>&nbsp;&nbsp;&nbsp;main
<LI><a href="#[22]">&gt;&gt;</a>&nbsp;&nbsp;&nbsp;TMR_SR_SerialTransportNativeInit
</UL>

<P><STRONG><a name="[22]"></a>TMR_SR_SerialTransportNativeInit</STRONG> (ARM, 44 bytes, Stack size 16 bytes, serial_transport_dummy.o(i.TMR_SR_SerialTransportNativeInit))
<BR><BR>[Stack]<UL><LI>Max Depth = 16<LI>Call Chain = TMR_SR_SerialTransportNativeInit
</UL>
<BR>[Calls]<UL><LI><a href="#[71]">&gt;&gt;</a>&nbsp;&nbsp;&nbsp;TMR_SR_SerialTransportDummyInit
</UL>
<BR>[Address Reference Count : 1]<UL><LI> tm_reader.o(i.TMR_initSerialTransportTable)
</UL>
<P><STRONG><a name="[72]"></a>TMR_SR_addTagOp</STRONG> (ARM, 3548 bytes, Stack size 336 bytes, serial_reader.o(i.TMR_SR_addTagOp))
<BR><BR>[Stack]<UL><LI>Max Depth = 608 + In Cycle
<LI>Call Chain = TMR_SR_addTagOp &rArr;  TMR_SR_addTagOp (Cycle)
</UL>
<BR>[Calls]<UL><LI><a href="#[82]">&gt;&gt;</a>&nbsp;&nbsp;&nbsp;TMR_SR_msgAddWriteMemory
<LI><a href="#[7e]">&gt;&gt;</a>&nbsp;&nbsp;&nbsp;TMR_SR_msgAddReadMemory
<LI><a href="#[74]">&gt;&gt;</a>&nbsp;&nbsp;&nbsp;TMR_SR_msgAddGEN2WriteTagEPC
<LI><a href="#[77]">&gt;&gt;</a>&nbsp;&nbsp;&nbsp;TMR_SR_msgAddGEN2LockTag
<LI><a href="#[78]">&gt;&gt;</a>&nbsp;&nbsp;&nbsp;TMR_SR_msgAddGEN2KillTag
<LI><a href="#[76]">&gt;&gt;</a>&nbsp;&nbsp;&nbsp;TMR_SR_msgAddGEN2DataWrite
<LI><a href="#[75]">&gt;&gt;</a>&nbsp;&nbsp;&nbsp;TMR_SR_msgAddGEN2DataRead
<LI><a href="#[79]">&gt;&gt;</a>&nbsp;&nbsp;&nbsp;TMR_SR_msgAddGEN2BlockWrite
<LI><a href="#[7a]">&gt;&gt;</a>&nbsp;&nbsp;&nbsp;TMR_SR_msgAddGEN2BlockPermaLock
<LI><a href="#[7b]">&gt;&gt;</a>&nbsp;&nbsp;&nbsp;TMR_SR_msgAddGEN2BlockErase
<LI><a href="#[80]">&gt;&gt;</a>&nbsp;&nbsp;&nbsp;TMR_SR_msgAddExtendedParams
<LI><a href="#[7f]">&gt;&gt;</a>&nbsp;&nbsp;&nbsp;TMR_SR_msgAddAccessPassword
<LI><a href="#[7d]">&gt;&gt;</a>&nbsp;&nbsp;&nbsp;isTagTypeFilterAvail
<LI><a href="#[81]">&gt;&gt;</a>&nbsp;&nbsp;&nbsp;getWriteExtParams
<LI><a href="#[7c]">&gt;&gt;</a>&nbsp;&nbsp;&nbsp;getReadExtParams
<LI><a href="#[72]">&gt;&gt;</a>&nbsp;&nbsp;&nbsp;TMR_SR_addTagOp
<LI><a href="#[73]">&gt;&gt;</a>&nbsp;&nbsp;&nbsp;prepEmbReadTagMultiple
</UL>
<BR>[Called By]<UL><LI><a href="#[72]">&gt;&gt;</a>&nbsp;&nbsp;&nbsp;TMR_SR_addTagOp
<LI><a href="#[f6]">&gt;&gt;</a>&nbsp;&nbsp;&nbsp;TMR_SR_read_internal
<LI><a href="#[b1]">&gt;&gt;</a>&nbsp;&nbsp;&nbsp;TMR_SR_msgSetupMultipleProtocolSearch
</UL>

<P><STRONG><a name="[f4]"></a>TMR_SR_antennaDecoding</STRONG> (ARM, 328 bytes, Stack size 8 bytes, serial_reader_l3.o(i.TMR_SR_antennaDecoding))
<BR><BR>[Stack]<UL><LI>Max Depth = 8<LI>Call Chain = TMR_SR_antennaDecoding
</UL>
<BR>[Called By]<UL><LI><a href="#[df]">&gt;&gt;</a>&nbsp;&nbsp;&nbsp;TMR_SR_postprocessReaderSpecificMetadata
</UL>

<P><STRONG><a name="[83]"></a>TMR_SR_boot</STRONG> (ARM, 224 bytes, Stack size 24 bytes, serial_reader.o(i.TMR_SR_boot))
<BR><BR>[Stack]<UL><LI>Max Depth = 1656 + Unknown Stack Size
<LI>Call Chain = TMR_SR_boot &rArr; TMR_SR_cmdBootFirmware &rArr; TMR_SR_sendTimeout &rArr; TMR_SR_getNextTag &rArr; TMR_SR_hasMoreTags &rArr; TMR_SR_cmdStopReading &rArr; TMR_SR_sendMessage &rArr; TMR_SR_sendBytes &rArr; TMR__notifyTransportListeners
</UL>
<BR>[Calls]<UL><LI><a href="#[84]">&gt;&gt;</a>&nbsp;&nbsp;&nbsp;TMR_SR_cmdBootFirmware
</UL>
<BR>[Called By]<UL><LI><a href="#[d8]">&gt;&gt;</a>&nbsp;&nbsp;&nbsp;TMR_SR_connect
</UL>

<P><STRONG><a name="[85]"></a>TMR_SR_callSendCmd</STRONG> (ARM, 92 bytes, Stack size 24 bytes, serial_reader_l3.o(i.TMR_SR_callSendCmd))
<BR><BR>[Stack]<UL><LI>Max Depth = 56<LI>Call Chain = TMR_SR_callSendCmd &rArr; TMR_SR_sendCmd &rArr; TMR_SR_send &rArr;  TMR_SR_sendTimeout (Cycle)
</UL>
<BR>[Calls]<UL><LI><a href="#[86]">&gt;&gt;</a>&nbsp;&nbsp;&nbsp;TMR_SR_sendCmd
</UL>
<BR>[Called By]<UL><LI><a href="#[ae]">&gt;&gt;</a>&nbsp;&nbsp;&nbsp;TMR_SR_cmdGetUserMode
<LI><a href="#[ad]">&gt;&gt;</a>&nbsp;&nbsp;&nbsp;TMR_SR_cmdGetTemperature
<LI><a href="#[ac]">&gt;&gt;</a>&nbsp;&nbsp;&nbsp;TMR_SR_cmdGetTagsRemaining
<LI><a href="#[aa]">&gt;&gt;</a>&nbsp;&nbsp;&nbsp;TMR_SR_cmdGetRegion
<LI><a href="#[9a]">&gt;&gt;</a>&nbsp;&nbsp;&nbsp;TMR_SR_cmdGetPowerMode
<LI><a href="#[90]">&gt;&gt;</a>&nbsp;&nbsp;&nbsp;TMR_SR_cmdGetFrequencyHopTable
<LI><a href="#[8f]">&gt;&gt;</a>&nbsp;&nbsp;&nbsp;TMR_SR_cmdGetCurrentProtocol
<LI><a href="#[8e]">&gt;&gt;</a>&nbsp;&nbsp;&nbsp;TMR_SR_cmdGetAvailableRegions
<LI><a href="#[8d]">&gt;&gt;</a>&nbsp;&nbsp;&nbsp;TMR_SR_cmdGetAvailableProtocols
<LI><a href="#[8a]">&gt;&gt;</a>&nbsp;&nbsp;&nbsp;TMR_SR_cmdClearTagBuffer
</UL>

<P><STRONG><a name="[87]"></a>TMR_SR_cmdAntennaDetect</STRONG> (ARM, 300 bytes, Stack size 288 bytes, serial_reader_l3.o(i.TMR_SR_cmdAntennaDetect))
<BR><BR>[Stack]<UL><LI>Max Depth = 320<LI>Call Chain = TMR_SR_cmdAntennaDetect &rArr; TMR_SR_sendCmd &rArr; TMR_SR_send &rArr;  TMR_SR_sendTimeout (Cycle)
</UL>
<BR>[Calls]<UL><LI><a href="#[86]">&gt;&gt;</a>&nbsp;&nbsp;&nbsp;TMR_SR_sendCmd
</UL>
<BR>[Called By]<UL><LI><a href="#[bf]">&gt;&gt;</a>&nbsp;&nbsp;&nbsp;initTxRxMapFromPorts
<LI><a href="#[1b]">&gt;&gt;</a>&nbsp;&nbsp;&nbsp;TMR_SR_paramGet
</UL>

<P><STRONG><a name="[84]"></a>TMR_SR_cmdBootFirmware</STRONG> (ARM, 140 bytes, Stack size 272 bytes, serial_reader_l3.o(i.TMR_SR_cmdBootFirmware))
<BR><BR>[Stack]<UL><LI>Max Depth = 1632 + Unknown Stack Size
<LI>Call Chain = TMR_SR_cmdBootFirmware &rArr; TMR_SR_sendTimeout &rArr; TMR_SR_getNextTag &rArr; TMR_SR_hasMoreTags &rArr; TMR_SR_cmdStopReading &rArr; TMR_SR_sendMessage &rArr; TMR_SR_sendBytes &rArr; TMR__notifyTransportListeners
</UL>
<BR>[Calls]<UL><LI><a href="#[89]">&gt;&gt;</a>&nbsp;&nbsp;&nbsp;fillVersionInfo
<LI><a href="#[88]">&gt;&gt;</a>&nbsp;&nbsp;&nbsp;TMR_SR_sendTimeout
</UL>
<BR>[Called By]<UL><LI><a href="#[83]">&gt;&gt;</a>&nbsp;&nbsp;&nbsp;TMR_SR_boot
</UL>

<P><STRONG><a name="[8a]"></a>TMR_SR_cmdClearTagBuffer</STRONG> (ARM, 40 bytes, Stack size 264 bytes, serial_reader_l3.o(i.TMR_SR_cmdClearTagBuffer))
<BR><BR>[Stack]<UL><LI>Max Depth = 320<LI>Call Chain = TMR_SR_cmdClearTagBuffer &rArr; TMR_SR_callSendCmd &rArr; TMR_SR_sendCmd &rArr; TMR_SR_send &rArr;  TMR_SR_sendTimeout (Cycle)
</UL>
<BR>[Calls]<UL><LI><a href="#[85]">&gt;&gt;</a>&nbsp;&nbsp;&nbsp;TMR_SR_callSendCmd
</UL>
<BR>[Called By]<UL><LI><a href="#[dc]">&gt;&gt;</a>&nbsp;&nbsp;&nbsp;TMR_SR_getNextTag
</UL>

<P><STRONG><a name="[e2]"></a>TMR_SR_cmdFrameHeader</STRONG> (ARM, 284 bytes, Stack size 16 bytes, serial_reader_l3.o(i.TMR_SR_cmdFrameHeader))
<BR><BR>[Stack]<UL><LI>Max Depth = 16<LI>Call Chain = TMR_SR_cmdFrameHeader
</UL>
<BR>[Called By]<UL><LI><a href="#[77]">&gt;&gt;</a>&nbsp;&nbsp;&nbsp;TMR_SR_msgAddGEN2LockTag
<LI><a href="#[78]">&gt;&gt;</a>&nbsp;&nbsp;&nbsp;TMR_SR_msgAddGEN2KillTag
<LI><a href="#[75]">&gt;&gt;</a>&nbsp;&nbsp;&nbsp;TMR_SR_msgAddGEN2DataRead
<LI><a href="#[7b]">&gt;&gt;</a>&nbsp;&nbsp;&nbsp;TMR_SR_msgAddGEN2BlockErase
</UL>

<P><STRONG><a name="[8b]"></a>TMR_SR_cmdGetAntennaPortPowersAndSettlingTime</STRONG> (ARM, 572 bytes, Stack size 288 bytes, serial_reader_l3.o(i.TMR_SR_cmdGetAntennaPortPowersAndSettlingTime))
<BR><BR>[Stack]<UL><LI>Max Depth = 320<LI>Call Chain = TMR_SR_cmdGetAntennaPortPowersAndSettlingTime &rArr; TMR_SR_sendCmd &rArr; TMR_SR_send &rArr;  TMR_SR_sendTimeout (Cycle)
</UL>
<BR>[Calls]<UL><LI><a href="#[86]">&gt;&gt;</a>&nbsp;&nbsp;&nbsp;TMR_SR_sendCmd
</UL>
<BR>[Called By]<UL><LI><a href="#[e8]">&gt;&gt;</a>&nbsp;&nbsp;&nbsp;getPortValues
</UL>

<P><STRONG><a name="[8c]"></a>TMR_SR_cmdGetAntennaReturnLoss</STRONG> (ARM, 308 bytes, Stack size 288 bytes, serial_reader_l3.o(i.TMR_SR_cmdGetAntennaReturnLoss))
<BR><BR>[Stack]<UL><LI>Max Depth = 320<LI>Call Chain = TMR_SR_cmdGetAntennaReturnLoss &rArr; TMR_SR_sendCmd &rArr; TMR_SR_send &rArr;  TMR_SR_sendTimeout (Cycle)
</UL>
<BR>[Calls]<UL><LI><a href="#[86]">&gt;&gt;</a>&nbsp;&nbsp;&nbsp;TMR_SR_sendCmd
</UL>
<BR>[Called By]<UL><LI><a href="#[1b]">&gt;&gt;</a>&nbsp;&nbsp;&nbsp;TMR_SR_paramGet
</UL>

<P><STRONG><a name="[8d]"></a>TMR_SR_cmdGetAvailableProtocols</STRONG> (ARM, 248 bytes, Stack size 280 bytes, serial_reader_l3.o(i.TMR_SR_cmdGetAvailableProtocols))
<BR><BR>[Stack]<UL><LI>Max Depth = 336<LI>Call Chain = TMR_SR_cmdGetAvailableProtocols &rArr; TMR_SR_callSendCmd &rArr; TMR_SR_sendCmd &rArr; TMR_SR_send &rArr;  TMR_SR_sendTimeout (Cycle)
</UL>
<BR>[Calls]<UL><LI><a href="#[85]">&gt;&gt;</a>&nbsp;&nbsp;&nbsp;TMR_SR_callSendCmd
</UL>
<BR>[Called By]<UL><LI><a href="#[1b]">&gt;&gt;</a>&nbsp;&nbsp;&nbsp;TMR_SR_paramGet
</UL>

<P><STRONG><a name="[8e]"></a>TMR_SR_cmdGetAvailableRegions</STRONG> (ARM, 168 bytes, Stack size 280 bytes, serial_reader_l3.o(i.TMR_SR_cmdGetAvailableRegions))
<BR><BR>[Stack]<UL><LI>Max Depth = 336<LI>Call Chain = TMR_SR_cmdGetAvailableRegions &rArr; TMR_SR_callSendCmd &rArr; TMR_SR_sendCmd &rArr; TMR_SR_send &rArr;  TMR_SR_sendTimeout (Cycle)
</UL>
<BR>[Calls]<UL><LI><a href="#[85]">&gt;&gt;</a>&nbsp;&nbsp;&nbsp;TMR_SR_callSendCmd
</UL>
<BR>[Called By]<UL><LI><a href="#[1b]">&gt;&gt;</a>&nbsp;&nbsp;&nbsp;TMR_SR_paramGet
</UL>

<P><STRONG><a name="[8f]"></a>TMR_SR_cmdGetCurrentProtocol</STRONG> (ARM, 84 bytes, Stack size 272 bytes, serial_reader_l3.o(i.TMR_SR_cmdGetCurrentProtocol))
<BR><BR>[Stack]<UL><LI>Max Depth = 328<LI>Call Chain = TMR_SR_cmdGetCurrentProtocol &rArr; TMR_SR_callSendCmd &rArr; TMR_SR_sendCmd &rArr; TMR_SR_send &rArr;  TMR_SR_sendTimeout (Cycle)
</UL>
<BR>[Calls]<UL><LI><a href="#[85]">&gt;&gt;</a>&nbsp;&nbsp;&nbsp;TMR_SR_callSendCmd
</UL>
<BR>[Called By]<UL><LI><a href="#[d1]">&gt;&gt;</a>&nbsp;&nbsp;&nbsp;TMR_SR_cmdSetUserProfile
<LI><a href="#[1b]">&gt;&gt;</a>&nbsp;&nbsp;&nbsp;TMR_SR_paramGet
</UL>

<P><STRONG><a name="[90]"></a>TMR_SR_cmdGetFrequencyHopTable</STRONG> (ARM, 200 bytes, Stack size 288 bytes, serial_reader_l3.o(i.TMR_SR_cmdGetFrequencyHopTable))
<BR><BR>[Stack]<UL><LI>Max Depth = 344<LI>Call Chain = TMR_SR_cmdGetFrequencyHopTable &rArr; TMR_SR_callSendCmd &rArr; TMR_SR_sendCmd &rArr; TMR_SR_send &rArr;  TMR_SR_sendTimeout (Cycle)
</UL>
<BR>[Calls]<UL><LI><a href="#[85]">&gt;&gt;</a>&nbsp;&nbsp;&nbsp;TMR_SR_callSendCmd
</UL>
<BR>[Called By]<UL><LI><a href="#[1b]">&gt;&gt;</a>&nbsp;&nbsp;&nbsp;TMR_SR_paramGet
</UL>

<P><STRONG><a name="[91]"></a>TMR_SR_cmdGetFrequencyHopTableOption</STRONG> (ARM, 212 bytes, Stack size 280 bytes, serial_reader_l3.o(i.TMR_SR_cmdGetFrequencyHopTableOption))
<BR><BR>[Stack]<UL><LI>Max Depth = 312<LI>Call Chain = TMR_SR_cmdGetFrequencyHopTableOption &rArr; TMR_SR_sendCmd &rArr; TMR_SR_send &rArr;  TMR_SR_sendTimeout (Cycle)
</UL>
<BR>[Calls]<UL><LI><a href="#[86]">&gt;&gt;</a>&nbsp;&nbsp;&nbsp;TMR_SR_sendCmd
</UL>
<BR>[Called By]<UL><LI><a href="#[9f]">&gt;&gt;</a>&nbsp;&nbsp;&nbsp;TMR_SR_cmdGetQuantizationStep
<LI><a href="#[98]">&gt;&gt;</a>&nbsp;&nbsp;&nbsp;TMR_SR_cmdGetMinimumFrequency
<LI><a href="#[92]">&gt;&gt;</a>&nbsp;&nbsp;&nbsp;TMR_SR_cmdGetFrequencyHopTime
</UL>

<P><STRONG><a name="[92]"></a>TMR_SR_cmdGetFrequencyHopTime</STRONG> (ARM, 36 bytes, Stack size 16 bytes, serial_reader_l3.o(i.TMR_SR_cmdGetFrequencyHopTime))
<BR><BR>[Stack]<UL><LI>Max Depth = 328<LI>Call Chain = TMR_SR_cmdGetFrequencyHopTime &rArr; TMR_SR_cmdGetFrequencyHopTableOption &rArr; TMR_SR_sendCmd &rArr; TMR_SR_send &rArr;  TMR_SR_sendTimeout (Cycle)
</UL>
<BR>[Calls]<UL><LI><a href="#[91]">&gt;&gt;</a>&nbsp;&nbsp;&nbsp;TMR_SR_cmdGetFrequencyHopTableOption
</UL>
<BR>[Called By]<UL><LI><a href="#[1b]">&gt;&gt;</a>&nbsp;&nbsp;&nbsp;TMR_SR_paramGet
</UL>

<P><STRONG><a name="[93]"></a>TMR_SR_cmdGetGPIO</STRONG> (ARM, 396 bytes, Stack size 296 bytes, serial_reader_l3.o(i.TMR_SR_cmdGetGPIO))
<BR><BR>[Stack]<UL><LI>Max Depth = 1656 + Unknown Stack Size
<LI>Call Chain = TMR_SR_cmdGetGPIO &rArr; TMR_SR_sendTimeout &rArr; TMR_SR_getNextTag &rArr; TMR_SR_hasMoreTags &rArr; TMR_SR_cmdStopReading &rArr; TMR_SR_sendMessage &rArr; TMR_SR_sendBytes &rArr; TMR__notifyTransportListeners
</UL>
<BR>[Calls]<UL><LI><a href="#[95]">&gt;&gt;</a>&nbsp;&nbsp;&nbsp;__aeabi_idivmod
<LI><a href="#[94]">&gt;&gt;</a>&nbsp;&nbsp;&nbsp;__aeabi_memclr4
<LI><a href="#[88]">&gt;&gt;</a>&nbsp;&nbsp;&nbsp;TMR_SR_sendTimeout
</UL>
<BR>[Called By]<UL><LI><a href="#[1b]">&gt;&gt;</a>&nbsp;&nbsp;&nbsp;TMR_SR_paramGet
</UL>

<P><STRONG><a name="[96]"></a>TMR_SR_cmdGetGPIODirection</STRONG> (ARM, 204 bytes, Stack size 280 bytes, serial_reader_l3.o(i.TMR_SR_cmdGetGPIODirection))
<BR><BR>[Stack]<UL><LI>Max Depth = 312<LI>Call Chain = TMR_SR_cmdGetGPIODirection &rArr; TMR_SR_sendCmd &rArr; TMR_SR_send &rArr;  TMR_SR_sendTimeout (Cycle)
</UL>
<BR>[Calls]<UL><LI><a href="#[86]">&gt;&gt;</a>&nbsp;&nbsp;&nbsp;TMR_SR_sendCmd
</UL>
<BR>[Called By]<UL><LI><a href="#[1b]">&gt;&gt;</a>&nbsp;&nbsp;&nbsp;TMR_SR_paramGet
</UL>

<P><STRONG><a name="[97]"></a>TMR_SR_cmdGetHardwareVersion</STRONG> (ARM, 296 bytes, Stack size 288 bytes, serial_reader_l3.o(i.TMR_SR_cmdGetHardwareVersion))
<BR><BR>[Stack]<UL><LI>Max Depth = 320<LI>Call Chain = TMR_SR_cmdGetHardwareVersion &rArr; TMR_SR_sendCmd &rArr; TMR_SR_send &rArr;  TMR_SR_sendTimeout (Cycle)
</UL>
<BR>[Calls]<UL><LI><a href="#[86]">&gt;&gt;</a>&nbsp;&nbsp;&nbsp;TMR_SR_sendCmd
</UL>
<BR>[Called By]<UL><LI><a href="#[eb]">&gt;&gt;</a>&nbsp;&nbsp;&nbsp;getSerialNumber
</UL>

<P><STRONG><a name="[98]"></a>TMR_SR_cmdGetMinimumFrequency</STRONG> (ARM, 36 bytes, Stack size 16 bytes, serial_reader_l3.o(i.TMR_SR_cmdGetMinimumFrequency))
<BR><BR>[Stack]<UL><LI>Max Depth = 328<LI>Call Chain = TMR_SR_cmdGetMinimumFrequency &rArr; TMR_SR_cmdGetFrequencyHopTableOption &rArr; TMR_SR_sendCmd &rArr; TMR_SR_send &rArr;  TMR_SR_sendTimeout (Cycle)
</UL>
<BR>[Calls]<UL><LI><a href="#[91]">&gt;&gt;</a>&nbsp;&nbsp;&nbsp;TMR_SR_cmdGetFrequencyHopTableOption
</UL>
<BR>[Called By]<UL><LI><a href="#[1b]">&gt;&gt;</a>&nbsp;&nbsp;&nbsp;TMR_SR_paramGet
</UL>

<P><STRONG><a name="[9a]"></a>TMR_SR_cmdGetPowerMode</STRONG> (ARM, 76 bytes, Stack size 272 bytes, serial_reader_l3.o(i.TMR_SR_cmdGetPowerMode))
<BR><BR>[Stack]<UL><LI>Max Depth = 328<LI>Call Chain = TMR_SR_cmdGetPowerMode &rArr; TMR_SR_callSendCmd &rArr; TMR_SR_sendCmd &rArr; TMR_SR_send &rArr;  TMR_SR_sendTimeout (Cycle)
</UL>
<BR>[Calls]<UL><LI><a href="#[85]">&gt;&gt;</a>&nbsp;&nbsp;&nbsp;TMR_SR_callSendCmd
</UL>
<BR>[Called By]<UL><LI><a href="#[1b]">&gt;&gt;</a>&nbsp;&nbsp;&nbsp;TMR_SR_paramGet
</UL>

<P><STRONG><a name="[9b]"></a>TMR_SR_cmdGetProtocolConfiguration</STRONG> (ARM, 1800 bytes, Stack size 312 bytes, serial_reader_l3.o(i.TMR_SR_cmdGetProtocolConfiguration))
<BR><BR>[Stack]<UL><LI>Max Depth = 352<LI>Call Chain = TMR_SR_cmdGetProtocolConfiguration &rArr; TMR_SR_convertFromEBV
</UL>
<BR>[Calls]<UL><LI><a href="#[9c]">&gt;&gt;</a>&nbsp;&nbsp;&nbsp;tm_memcpy
<LI><a href="#[86]">&gt;&gt;</a>&nbsp;&nbsp;&nbsp;TMR_SR_sendCmd
<LI><a href="#[9d]">&gt;&gt;</a>&nbsp;&nbsp;&nbsp;TMR_SR_convertFromEBV
</UL>
<BR>[Called By]<UL><LI><a href="#[1a]">&gt;&gt;</a>&nbsp;&nbsp;&nbsp;TMR_SR_paramSet
<LI><a href="#[1b]">&gt;&gt;</a>&nbsp;&nbsp;&nbsp;TMR_SR_paramGet
</UL>

<P><STRONG><a name="[9e]"></a>TMR_SR_cmdGetProtocolList</STRONG> (ARM, 304 bytes, Stack size 280 bytes, serial_reader_l3.o(i.TMR_SR_cmdGetProtocolList))
<BR><BR>[Stack]<UL><LI>Max Depth = 312<LI>Call Chain = TMR_SR_cmdGetProtocolList &rArr; TMR_SR_sendCmd &rArr; TMR_SR_send &rArr;  TMR_SR_sendTimeout (Cycle)
</UL>
<BR>[Calls]<UL><LI><a href="#[86]">&gt;&gt;</a>&nbsp;&nbsp;&nbsp;TMR_SR_sendCmd
</UL>
<BR>[Called By]<UL><LI><a href="#[1b]">&gt;&gt;</a>&nbsp;&nbsp;&nbsp;TMR_SR_paramGet
</UL>

<P><STRONG><a name="[9f]"></a>TMR_SR_cmdGetQuantizationStep</STRONG> (ARM, 36 bytes, Stack size 16 bytes, serial_reader_l3.o(i.TMR_SR_cmdGetQuantizationStep))
<BR><BR>[Stack]<UL><LI>Max Depth = 328<LI>Call Chain = TMR_SR_cmdGetQuantizationStep &rArr; TMR_SR_cmdGetFrequencyHopTableOption &rArr; TMR_SR_sendCmd &rArr; TMR_SR_send &rArr;  TMR_SR_sendTimeout (Cycle)
</UL>
<BR>[Calls]<UL><LI><a href="#[91]">&gt;&gt;</a>&nbsp;&nbsp;&nbsp;TMR_SR_cmdGetFrequencyHopTableOption
</UL>
<BR>[Called By]<UL><LI><a href="#[1b]">&gt;&gt;</a>&nbsp;&nbsp;&nbsp;TMR_SR_paramGet
</UL>

<P><STRONG><a name="[a0]"></a>TMR_SR_cmdGetReadTxPower</STRONG> (ARM, 36 bytes, Stack size 16 bytes, serial_reader_l3.o(i.TMR_SR_cmdGetReadTxPower))
<BR><BR>[Stack]<UL><LI>Max Depth = 328<LI>Call Chain = TMR_SR_cmdGetReadTxPower &rArr; TMR_SR_cmdGetReadWriteTxPower &rArr; TMR_SR_sendCmd &rArr; TMR_SR_send &rArr;  TMR_SR_sendTimeout (Cycle)
</UL>
<BR>[Calls]<UL><LI><a href="#[a1]">&gt;&gt;</a>&nbsp;&nbsp;&nbsp;TMR_SR_cmdGetReadWriteTxPower
</UL>
<BR>[Called By]<UL><LI><a href="#[1b]">&gt;&gt;</a>&nbsp;&nbsp;&nbsp;TMR_SR_paramGet
</UL>

<P><STRONG><a name="[a2]"></a>TMR_SR_cmdGetReadTxPowerWithLimits</STRONG> (ARM, 232 bytes, Stack size 280 bytes, serial_reader_l3.o(i.TMR_SR_cmdGetReadTxPowerWithLimits))
<BR><BR>[Stack]<UL><LI>Max Depth = 312<LI>Call Chain = TMR_SR_cmdGetReadTxPowerWithLimits &rArr; TMR_SR_sendCmd &rArr; TMR_SR_send &rArr;  TMR_SR_sendTimeout (Cycle)
</UL>
<BR>[Calls]<UL><LI><a href="#[86]">&gt;&gt;</a>&nbsp;&nbsp;&nbsp;TMR_SR_sendCmd
</UL>
<BR>[Called By]<UL><LI><a href="#[1b]">&gt;&gt;</a>&nbsp;&nbsp;&nbsp;TMR_SR_paramGet
</UL>

<P><STRONG><a name="[a1]"></a>TMR_SR_cmdGetReadWriteTxPower</STRONG> (ARM, 188 bytes, Stack size 280 bytes, serial_reader_l3.o(i.TMR_SR_cmdGetReadWriteTxPower))
<BR><BR>[Stack]<UL><LI>Max Depth = 312<LI>Call Chain = TMR_SR_cmdGetReadWriteTxPower &rArr; TMR_SR_sendCmd &rArr; TMR_SR_send &rArr;  TMR_SR_sendTimeout (Cycle)
</UL>
<BR>[Calls]<UL><LI><a href="#[86]">&gt;&gt;</a>&nbsp;&nbsp;&nbsp;TMR_SR_sendCmd
</UL>
<BR>[Called By]<UL><LI><a href="#[af]">&gt;&gt;</a>&nbsp;&nbsp;&nbsp;TMR_SR_cmdGetWriteTxPower
<LI><a href="#[a0]">&gt;&gt;</a>&nbsp;&nbsp;&nbsp;TMR_SR_cmdGetReadTxPower
</UL>

<P><STRONG><a name="[a3]"></a>TMR_SR_cmdGetReaderConfiguration</STRONG> (ARM, 576 bytes, Stack size 288 bytes, serial_reader_l3.o(i.TMR_SR_cmdGetReaderConfiguration))
<BR><BR>[Stack]<UL><LI>Max Depth = 320<LI>Call Chain = TMR_SR_cmdGetReaderConfiguration &rArr; TMR_SR_sendCmd &rArr; TMR_SR_send &rArr;  TMR_SR_sendTimeout (Cycle)
</UL>
<BR>[Calls]<UL><LI><a href="#[86]">&gt;&gt;</a>&nbsp;&nbsp;&nbsp;TMR_SR_sendCmd
</UL>
<BR>[Called By]<UL><LI><a href="#[1b]">&gt;&gt;</a>&nbsp;&nbsp;&nbsp;TMR_SR_paramGet
</UL>

<P><STRONG><a name="[a4]"></a>TMR_SR_cmdGetReaderStatistics</STRONG> (ARM, 680 bytes, Stack size 288 bytes, serial_reader_l3.o(i.TMR_SR_cmdGetReaderStatistics))
<BR><BR>[Stack]<UL><LI>Max Depth = 1648 + Unknown Stack Size
<LI>Call Chain = TMR_SR_cmdGetReaderStatistics &rArr; TMR_SR_sendTimeout &rArr; TMR_SR_getNextTag &rArr; TMR_SR_hasMoreTags &rArr; TMR_SR_cmdStopReading &rArr; TMR_SR_sendMessage &rArr; TMR_SR_sendBytes &rArr; TMR__notifyTransportListeners
</UL>
<BR>[Calls]<UL><LI><a href="#[88]">&gt;&gt;</a>&nbsp;&nbsp;&nbsp;TMR_SR_sendTimeout
</UL>
<BR>[Called By]<UL><LI><a href="#[1b]">&gt;&gt;</a>&nbsp;&nbsp;&nbsp;TMR_SR_paramGet
</UL>

<P><STRONG><a name="[a5]"></a>TMR_SR_cmdGetReaderStats</STRONG> (ARM, 784 bytes, Stack size 304 bytes, serial_reader_l3.o(i.TMR_SR_cmdGetReaderStats))
<BR><BR>[Stack]<UL><LI>Max Depth = 1664 + Unknown Stack Size
<LI>Call Chain = TMR_SR_cmdGetReaderStats &rArr; TMR_SR_sendTimeout &rArr; TMR_SR_getNextTag &rArr; TMR_SR_hasMoreTags &rArr; TMR_SR_cmdStopReading &rArr; TMR_SR_sendMessage &rArr; TMR_SR_sendBytes &rArr; TMR__notifyTransportListeners
</UL>
<BR>[Calls]<UL><LI><a href="#[a6]">&gt;&gt;</a>&nbsp;&nbsp;&nbsp;TMR_SR_convertToEBV
<LI><a href="#[9d]">&gt;&gt;</a>&nbsp;&nbsp;&nbsp;TMR_SR_convertFromEBV
<LI><a href="#[a7]">&gt;&gt;</a>&nbsp;&nbsp;&nbsp;parseEBVdata
<LI><a href="#[a8]">&gt;&gt;</a>&nbsp;&nbsp;&nbsp;TMR_fillReaderStats
<LI><a href="#[88]">&gt;&gt;</a>&nbsp;&nbsp;&nbsp;TMR_SR_sendTimeout
</UL>
<BR>[Called By]<UL><LI><a href="#[1b]">&gt;&gt;</a>&nbsp;&nbsp;&nbsp;TMR_SR_paramGet
</UL>

<P><STRONG><a name="[a9]"></a>TMR_SR_cmdGetReaderWriteTimeOut</STRONG> (ARM, 276 bytes, Stack size 288 bytes, serial_reader_l3.o(i.TMR_SR_cmdGetReaderWriteTimeOut))
<BR><BR>[Stack]<UL><LI>Max Depth = 320<LI>Call Chain = TMR_SR_cmdGetReaderWriteTimeOut &rArr; TMR_SR_sendCmd &rArr; TMR_SR_send &rArr;  TMR_SR_sendTimeout (Cycle)
</UL>
<BR>[Calls]<UL><LI><a href="#[86]">&gt;&gt;</a>&nbsp;&nbsp;&nbsp;TMR_SR_sendCmd
</UL>
<BR>[Called By]<UL><LI><a href="#[1a]">&gt;&gt;</a>&nbsp;&nbsp;&nbsp;TMR_SR_paramSet
<LI><a href="#[1b]">&gt;&gt;</a>&nbsp;&nbsp;&nbsp;TMR_SR_paramGet
</UL>

<P><STRONG><a name="[aa]"></a>TMR_SR_cmdGetRegion</STRONG> (ARM, 76 bytes, Stack size 272 bytes, serial_reader_l3.o(i.TMR_SR_cmdGetRegion))
<BR><BR>[Stack]<UL><LI>Max Depth = 328<LI>Call Chain = TMR_SR_cmdGetRegion &rArr; TMR_SR_callSendCmd &rArr; TMR_SR_sendCmd &rArr; TMR_SR_send &rArr;  TMR_SR_sendTimeout (Cycle)
</UL>
<BR>[Calls]<UL><LI><a href="#[85]">&gt;&gt;</a>&nbsp;&nbsp;&nbsp;TMR_SR_callSendCmd
</UL>
<BR>[Called By]<UL><LI><a href="#[d1]">&gt;&gt;</a>&nbsp;&nbsp;&nbsp;TMR_SR_cmdSetUserProfile
<LI><a href="#[1b]">&gt;&gt;</a>&nbsp;&nbsp;&nbsp;TMR_SR_paramGet
</UL>

<P><STRONG><a name="[ab]"></a>TMR_SR_cmdGetRegionConfiguration</STRONG> (ARM, 404 bytes, Stack size 288 bytes, serial_reader_l3.o(i.TMR_SR_cmdGetRegionConfiguration))
<BR><BR>[Stack]<UL><LI>Max Depth = 320<LI>Call Chain = TMR_SR_cmdGetRegionConfiguration &rArr; TMR_SR_sendCmd &rArr; TMR_SR_send &rArr;  TMR_SR_sendTimeout (Cycle)
</UL>
<BR>[Calls]<UL><LI><a href="#[86]">&gt;&gt;</a>&nbsp;&nbsp;&nbsp;TMR_SR_sendCmd
</UL>
<BR>[Called By]<UL><LI><a href="#[1b]">&gt;&gt;</a>&nbsp;&nbsp;&nbsp;TMR_SR_paramGet
</UL>

<P><STRONG><a name="[ac]"></a>TMR_SR_cmdGetTagsRemaining</STRONG> (ARM, 100 bytes, Stack size 272 bytes, serial_reader_l3.o(i.TMR_SR_cmdGetTagsRemaining))
<BR><BR>[Stack]<UL><LI>Max Depth = 328<LI>Call Chain = TMR_SR_cmdGetTagsRemaining &rArr; TMR_SR_callSendCmd &rArr; TMR_SR_sendCmd &rArr; TMR_SR_send &rArr;  TMR_SR_sendTimeout (Cycle)
</UL>
<BR>[Calls]<UL><LI><a href="#[85]">&gt;&gt;</a>&nbsp;&nbsp;&nbsp;TMR_SR_callSendCmd
</UL>
<BR>[Called By]<UL><LI><a href="#[b0]">&gt;&gt;</a>&nbsp;&nbsp;&nbsp;TMR_SR_cmdMultipleProtocolSearch
<LI><a href="#[f6]">&gt;&gt;</a>&nbsp;&nbsp;&nbsp;TMR_SR_read_internal
</UL>

<P><STRONG><a name="[ad]"></a>TMR_SR_cmdGetTemperature</STRONG> (ARM, 84 bytes, Stack size 272 bytes, serial_reader_l3.o(i.TMR_SR_cmdGetTemperature))
<BR><BR>[Stack]<UL><LI>Max Depth = 328<LI>Call Chain = TMR_SR_cmdGetTemperature &rArr; TMR_SR_callSendCmd &rArr; TMR_SR_sendCmd &rArr; TMR_SR_send &rArr;  TMR_SR_sendTimeout (Cycle)
</UL>
<BR>[Calls]<UL><LI><a href="#[85]">&gt;&gt;</a>&nbsp;&nbsp;&nbsp;TMR_SR_callSendCmd
</UL>
<BR>[Called By]<UL><LI><a href="#[1b]">&gt;&gt;</a>&nbsp;&nbsp;&nbsp;TMR_SR_paramGet
</UL>

<P><STRONG><a name="[ae]"></a>TMR_SR_cmdGetUserMode</STRONG> (ARM, 76 bytes, Stack size 272 bytes, serial_reader_l3.o(i.TMR_SR_cmdGetUserMode))
<BR><BR>[Stack]<UL><LI>Max Depth = 328<LI>Call Chain = TMR_SR_cmdGetUserMode &rArr; TMR_SR_callSendCmd &rArr; TMR_SR_sendCmd &rArr; TMR_SR_send &rArr;  TMR_SR_sendTimeout (Cycle)
</UL>
<BR>[Calls]<UL><LI><a href="#[85]">&gt;&gt;</a>&nbsp;&nbsp;&nbsp;TMR_SR_callSendCmd
</UL>
<BR>[Called By]<UL><LI><a href="#[1b]">&gt;&gt;</a>&nbsp;&nbsp;&nbsp;TMR_SR_paramGet
</UL>

<P><STRONG><a name="[af]"></a>TMR_SR_cmdGetWriteTxPower</STRONG> (ARM, 36 bytes, Stack size 16 bytes, serial_reader_l3.o(i.TMR_SR_cmdGetWriteTxPower))
<BR><BR>[Stack]<UL><LI>Max Depth = 328<LI>Call Chain = TMR_SR_cmdGetWriteTxPower &rArr; TMR_SR_cmdGetReadWriteTxPower &rArr; TMR_SR_sendCmd &rArr; TMR_SR_send &rArr;  TMR_SR_sendTimeout (Cycle)
</UL>
<BR>[Calls]<UL><LI><a href="#[a1]">&gt;&gt;</a>&nbsp;&nbsp;&nbsp;TMR_SR_cmdGetReadWriteTxPower
</UL>
<BR>[Called By]<UL><LI><a href="#[1b]">&gt;&gt;</a>&nbsp;&nbsp;&nbsp;TMR_SR_paramGet
</UL>

<P><STRONG><a name="[b0]"></a>TMR_SR_cmdMultipleProtocolSearch</STRONG> (ARM, 408 bytes, Stack size 312 bytes, serial_reader_l3.o(i.TMR_SR_cmdMultipleProtocolSearch))
<BR><BR>[Stack]<UL><LI>Max Depth = 1672 + Unknown Stack Size
<LI>Call Chain = TMR_SR_cmdMultipleProtocolSearch &rArr; TMR_SR_sendTimeout &rArr; TMR_SR_getNextTag &rArr; TMR_SR_hasMoreTags &rArr; TMR_SR_cmdStopReading &rArr; TMR_SR_sendMessage &rArr; TMR_SR_sendBytes &rArr; TMR__notifyTransportListeners
</UL>
<BR>[Calls]<UL><LI><a href="#[ac]">&gt;&gt;</a>&nbsp;&nbsp;&nbsp;TMR_SR_cmdGetTagsRemaining
<LI><a href="#[88]">&gt;&gt;</a>&nbsp;&nbsp;&nbsp;TMR_SR_sendTimeout
<LI><a href="#[b2]">&gt;&gt;</a>&nbsp;&nbsp;&nbsp;TMR_SR_sendMessage
<LI><a href="#[b1]">&gt;&gt;</a>&nbsp;&nbsp;&nbsp;TMR_SR_msgSetupMultipleProtocolSearch
</UL>
<BR>[Called By]<UL><LI><a href="#[f6]">&gt;&gt;</a>&nbsp;&nbsp;&nbsp;TMR_SR_read_internal
</UL>

<P><STRONG><a name="[b3]"></a>TMR_SR_cmdReadTagMultiple</STRONG> (ARM, 392 bytes, Stack size 312 bytes, serial_reader_l3.o(i.TMR_SR_cmdReadTagMultiple))
<BR><BR>[Stack]<UL><LI>Max Depth = 1672 + Unknown Stack Size
<LI>Call Chain = TMR_SR_cmdReadTagMultiple &rArr; TMR_SR_sendTimeout &rArr; TMR_SR_getNextTag &rArr; TMR_SR_hasMoreTags &rArr; TMR_SR_cmdStopReading &rArr; TMR_SR_sendMessage &rArr; TMR_SR_sendBytes &rArr; TMR__notifyTransportListeners
</UL>
<BR>[Calls]<UL><LI><a href="#[b4]">&gt;&gt;</a>&nbsp;&nbsp;&nbsp;TMR_SR_msgSetupReadTagMultiple
<LI><a href="#[88]">&gt;&gt;</a>&nbsp;&nbsp;&nbsp;TMR_SR_sendTimeout
<LI><a href="#[b2]">&gt;&gt;</a>&nbsp;&nbsp;&nbsp;TMR_SR_sendMessage
</UL>
<BR>[Called By]<UL><LI><a href="#[f6]">&gt;&gt;</a>&nbsp;&nbsp;&nbsp;TMR_SR_read_internal
</UL>

<P><STRONG><a name="[b5]"></a>TMR_SR_cmdResetReaderStatistics</STRONG> (ARM, 244 bytes, Stack size 280 bytes, serial_reader_l3.o(i.TMR_SR_cmdResetReaderStatistics))
<BR><BR>[Stack]<UL><LI>Max Depth = 1640 + Unknown Stack Size
<LI>Call Chain = TMR_SR_cmdResetReaderStatistics &rArr; TMR_SR_sendTimeout &rArr; TMR_SR_getNextTag &rArr; TMR_SR_hasMoreTags &rArr; TMR_SR_cmdStopReading &rArr; TMR_SR_sendMessage &rArr; TMR_SR_sendBytes &rArr; TMR__notifyTransportListeners
</UL>
<BR>[Calls]<UL><LI><a href="#[88]">&gt;&gt;</a>&nbsp;&nbsp;&nbsp;TMR_SR_sendTimeout
</UL>
<BR>[Called By]<UL><LI><a href="#[1a]">&gt;&gt;</a>&nbsp;&nbsp;&nbsp;TMR_SR_paramSet
</UL>

<P><STRONG><a name="[b6]"></a>TMR_SR_cmdResetReaderStats</STRONG> (ARM, 348 bytes, Stack size 280 bytes, serial_reader_l3.o(i.TMR_SR_cmdResetReaderStats))
<BR><BR>[Stack]<UL><LI>Max Depth = 1640 + Unknown Stack Size
<LI>Call Chain = TMR_SR_cmdResetReaderStats &rArr; TMR_SR_sendTimeout &rArr; TMR_SR_getNextTag &rArr; TMR_SR_hasMoreTags &rArr; TMR_SR_cmdStopReading &rArr; TMR_SR_sendMessage &rArr; TMR_SR_sendBytes &rArr; TMR__notifyTransportListeners
</UL>
<BR>[Calls]<UL><LI><a href="#[88]">&gt;&gt;</a>&nbsp;&nbsp;&nbsp;TMR_SR_sendTimeout
</UL>
<BR>[Called By]<UL><LI><a href="#[1a]">&gt;&gt;</a>&nbsp;&nbsp;&nbsp;TMR_SR_paramSet
</UL>

<P><STRONG><a name="[b7]"></a>TMR_SR_cmdSetAntennaPortPowersAndSettlingTime</STRONG> (ARM, 580 bytes, Stack size 280 bytes, serial_reader_l3.o(i.TMR_SR_cmdSetAntennaPortPowersAndSettlingTime))
<BR><BR>[Stack]<UL><LI>Max Depth = 312<LI>Call Chain = TMR_SR_cmdSetAntennaPortPowersAndSettlingTime &rArr; TMR_SR_sendCmd &rArr; TMR_SR_send &rArr;  TMR_SR_sendTimeout (Cycle)
</UL>
<BR>[Calls]<UL><LI><a href="#[86]">&gt;&gt;</a>&nbsp;&nbsp;&nbsp;TMR_SR_sendCmd
</UL>
<BR>[Called By]<UL><LI><a href="#[ee]">&gt;&gt;</a>&nbsp;&nbsp;&nbsp;setPortValues
</UL>

<P><STRONG><a name="[b8]"></a>TMR_SR_cmdSetAntennaSearchList</STRONG> (ARM, 328 bytes, Stack size 280 bytes, serial_reader_l3.o(i.TMR_SR_cmdSetAntennaSearchList))
<BR><BR>[Stack]<UL><LI>Max Depth = 312<LI>Call Chain = TMR_SR_cmdSetAntennaSearchList &rArr; TMR_SR_sendCmd &rArr; TMR_SR_send &rArr;  TMR_SR_sendTimeout (Cycle)
</UL>
<BR>[Calls]<UL><LI><a href="#[86]">&gt;&gt;</a>&nbsp;&nbsp;&nbsp;TMR_SR_sendCmd
</UL>
<BR>[Called By]<UL><LI><a href="#[11d]">&gt;&gt;</a>&nbsp;&nbsp;&nbsp;setAntennaList
</UL>

<P><STRONG><a name="[b9]"></a>TMR_SR_cmdSetBaudRate</STRONG> (ARM, 220 bytes, Stack size 272 bytes, serial_reader_l3.o(i.TMR_SR_cmdSetBaudRate))
<BR><BR>[Stack]<UL><LI>Max Depth = 304<LI>Call Chain = TMR_SR_cmdSetBaudRate &rArr; TMR_SR_sendCmd &rArr; TMR_SR_send &rArr;  TMR_SR_sendTimeout (Cycle)
</UL>
<BR>[Calls]<UL><LI><a href="#[86]">&gt;&gt;</a>&nbsp;&nbsp;&nbsp;TMR_SR_sendCmd
</UL>
<BR>[Called By]<UL><LI><a href="#[1a]">&gt;&gt;</a>&nbsp;&nbsp;&nbsp;TMR_SR_paramSet
</UL>

<P><STRONG><a name="[ba]"></a>TMR_SR_cmdSetFrequencyHopTable</STRONG> (ARM, 264 bytes, Stack size 280 bytes, serial_reader_l3.o(i.TMR_SR_cmdSetFrequencyHopTable))
<BR><BR>[Stack]<UL><LI>Max Depth = 312<LI>Call Chain = TMR_SR_cmdSetFrequencyHopTable &rArr; TMR_SR_sendCmd &rArr; TMR_SR_send &rArr;  TMR_SR_sendTimeout (Cycle)
</UL>
<BR>[Calls]<UL><LI><a href="#[86]">&gt;&gt;</a>&nbsp;&nbsp;&nbsp;TMR_SR_sendCmd
</UL>
<BR>[Called By]<UL><LI><a href="#[1a]">&gt;&gt;</a>&nbsp;&nbsp;&nbsp;TMR_SR_paramSet
</UL>

<P><STRONG><a name="[bb]"></a>TMR_SR_cmdSetFrequencyHopTableOption</STRONG> (ARM, 292 bytes, Stack size 280 bytes, serial_reader_l3.o(i.TMR_SR_cmdSetFrequencyHopTableOption))
<BR><BR>[Stack]<UL><LI>Max Depth = 312<LI>Call Chain = TMR_SR_cmdSetFrequencyHopTableOption &rArr; TMR_SR_sendCmd &rArr; TMR_SR_send &rArr;  TMR_SR_sendTimeout (Cycle)
</UL>
<BR>[Calls]<UL><LI><a href="#[86]">&gt;&gt;</a>&nbsp;&nbsp;&nbsp;TMR_SR_sendCmd
</UL>
<BR>[Called By]<UL><LI><a href="#[1a]">&gt;&gt;</a>&nbsp;&nbsp;&nbsp;TMR_SR_paramSet
</UL>

<P><STRONG><a name="[bc]"></a>TMR_SR_cmdSetGPIODirection</STRONG> (ARM, 320 bytes, Stack size 280 bytes, serial_reader_l3.o(i.TMR_SR_cmdSetGPIODirection))
<BR><BR>[Stack]<UL><LI>Max Depth = 312<LI>Call Chain = TMR_SR_cmdSetGPIODirection &rArr; TMR_SR_sendCmd &rArr; TMR_SR_send &rArr;  TMR_SR_sendTimeout (Cycle)
</UL>
<BR>[Calls]<UL><LI><a href="#[86]">&gt;&gt;</a>&nbsp;&nbsp;&nbsp;TMR_SR_sendCmd
</UL>
<BR>[Called By]<UL><LI><a href="#[1a]">&gt;&gt;</a>&nbsp;&nbsp;&nbsp;TMR_SR_paramSet
</UL>

<P><STRONG><a name="[bd]"></a>TMR_SR_cmdSetMode</STRONG> (ARM, 152 bytes, Stack size 280 bytes, serial_reader_l3.o(i.TMR_SR_cmdSetMode))
<BR><BR>[Stack]<UL><LI>Max Depth = 312<LI>Call Chain = TMR_SR_cmdSetMode &rArr; TMR_SR_sendCmd &rArr; TMR_SR_send &rArr;  TMR_SR_sendTimeout (Cycle)
</UL>
<BR>[Calls]<UL><LI><a href="#[86]">&gt;&gt;</a>&nbsp;&nbsp;&nbsp;TMR_SR_sendCmd
</UL>
<BR>[Called By]<UL><LI><a href="#[d0]">&gt;&gt;</a>&nbsp;&nbsp;&nbsp;TMR_SR_cmdSetUserMode
<LI><a href="#[c0]">&gt;&gt;</a>&nbsp;&nbsp;&nbsp;TMR_SR_cmdSetPowerMode
</UL>

<P><STRONG><a name="[c0]"></a>TMR_SR_cmdSetPowerMode</STRONG> (ARM, 36 bytes, Stack size 16 bytes, serial_reader_l3.o(i.TMR_SR_cmdSetPowerMode))
<BR><BR>[Stack]<UL><LI>Max Depth = 328<LI>Call Chain = TMR_SR_cmdSetPowerMode &rArr; TMR_SR_cmdSetMode &rArr; TMR_SR_sendCmd &rArr; TMR_SR_send &rArr;  TMR_SR_sendTimeout (Cycle)
</UL>
<BR>[Calls]<UL><LI><a href="#[bd]">&gt;&gt;</a>&nbsp;&nbsp;&nbsp;TMR_SR_cmdSetMode
</UL>
<BR>[Called By]<UL><LI><a href="#[1a]">&gt;&gt;</a>&nbsp;&nbsp;&nbsp;TMR_SR_paramSet
</UL>

<P><STRONG><a name="[c1]"></a>TMR_SR_cmdSetProtocol</STRONG> (ARM, 176 bytes, Stack size 272 bytes, serial_reader_l3.o(i.TMR_SR_cmdSetProtocol))
<BR><BR>[Stack]<UL><LI>Max Depth = 304<LI>Call Chain = TMR_SR_cmdSetProtocol &rArr; TMR_SR_sendCmd &rArr; TMR_SR_send &rArr;  TMR_SR_sendTimeout (Cycle)
</UL>
<BR>[Calls]<UL><LI><a href="#[86]">&gt;&gt;</a>&nbsp;&nbsp;&nbsp;TMR_SR_sendCmd
</UL>
<BR>[Called By]<UL><LI><a href="#[ef]">&gt;&gt;</a>&nbsp;&nbsp;&nbsp;setProtocol
</UL>

<P><STRONG><a name="[c2]"></a>TMR_SR_cmdSetProtocolConfiguration</STRONG> (ARM, 2652 bytes, Stack size 304 bytes, serial_reader_l3.o(i.TMR_SR_cmdSetProtocolConfiguration))
<BR><BR>[Stack]<UL><LI>Max Depth = 336<LI>Call Chain = TMR_SR_cmdSetProtocolConfiguration &rArr; TMR_SR_sendCmd &rArr; TMR_SR_send &rArr;  TMR_SR_sendTimeout (Cycle)
</UL>
<BR>[Calls]<UL><LI><a href="#[86]">&gt;&gt;</a>&nbsp;&nbsp;&nbsp;TMR_SR_sendCmd
<LI><a href="#[a6]">&gt;&gt;</a>&nbsp;&nbsp;&nbsp;TMR_SR_convertToEBV
</UL>
<BR>[Called By]<UL><LI><a href="#[1a]">&gt;&gt;</a>&nbsp;&nbsp;&nbsp;TMR_SR_paramSet
</UL>

<P><STRONG><a name="[c3]"></a>TMR_SR_cmdSetProtocolLicenseKey</STRONG> (ARM, 304 bytes, Stack size 288 bytes, serial_reader_l3.o(i.TMR_SR_cmdSetProtocolLicenseKey))
<BR><BR>[Stack]<UL><LI>Max Depth = 320<LI>Call Chain = TMR_SR_cmdSetProtocolLicenseKey &rArr; TMR_SR_sendCmd &rArr; TMR_SR_send &rArr;  TMR_SR_sendTimeout (Cycle)
</UL>
<BR>[Calls]<UL><LI><a href="#[9c]">&gt;&gt;</a>&nbsp;&nbsp;&nbsp;tm_memcpy
<LI><a href="#[86]">&gt;&gt;</a>&nbsp;&nbsp;&nbsp;TMR_SR_sendCmd
</UL>
<BR>[Called By]<UL><LI><a href="#[1a]">&gt;&gt;</a>&nbsp;&nbsp;&nbsp;TMR_SR_paramSet
</UL>

<P><STRONG><a name="[c4]"></a>TMR_SR_cmdSetProtocolList</STRONG> (ARM, 316 bytes, Stack size 280 bytes, serial_reader_l3.o(i.TMR_SR_cmdSetProtocolList))
<BR><BR>[Stack]<UL><LI>Max Depth = 312<LI>Call Chain = TMR_SR_cmdSetProtocolList &rArr; TMR_SR_sendCmd &rArr; TMR_SR_send &rArr;  TMR_SR_sendTimeout (Cycle)
</UL>
<BR>[Calls]<UL><LI><a href="#[86]">&gt;&gt;</a>&nbsp;&nbsp;&nbsp;TMR_SR_sendCmd
</UL>
<BR>[Called By]<UL><LI><a href="#[1a]">&gt;&gt;</a>&nbsp;&nbsp;&nbsp;TMR_SR_paramSet
</UL>

<P><STRONG><a name="[c5]"></a>TMR_SR_cmdSetReadTxPower</STRONG> (ARM, 36 bytes, Stack size 16 bytes, serial_reader_l3.o(i.TMR_SR_cmdSetReadTxPower))
<BR><BR>[Stack]<UL><LI>Max Depth = 328<LI>Call Chain = TMR_SR_cmdSetReadTxPower &rArr; TMR_SR_cmdSetReadWriteTxPower &rArr; TMR_SR_sendCmd &rArr; TMR_SR_send &rArr;  TMR_SR_sendTimeout (Cycle)
</UL>
<BR>[Calls]<UL><LI><a href="#[c6]">&gt;&gt;</a>&nbsp;&nbsp;&nbsp;TMR_SR_cmdSetReadWriteTxPower
</UL>
<BR>[Called By]<UL><LI><a href="#[1a]">&gt;&gt;</a>&nbsp;&nbsp;&nbsp;TMR_SR_paramSet
</UL>

<P><STRONG><a name="[c6]"></a>TMR_SR_cmdSetReadWriteTxPower</STRONG> (ARM, 192 bytes, Stack size 280 bytes, serial_reader_l3.o(i.TMR_SR_cmdSetReadWriteTxPower))
<BR><BR>[Stack]<UL><LI>Max Depth = 312<LI>Call Chain = TMR_SR_cmdSetReadWriteTxPower &rArr; TMR_SR_sendCmd &rArr; TMR_SR_send &rArr;  TMR_SR_sendTimeout (Cycle)
</UL>
<BR>[Calls]<UL><LI><a href="#[86]">&gt;&gt;</a>&nbsp;&nbsp;&nbsp;TMR_SR_sendCmd
</UL>
<BR>[Called By]<UL><LI><a href="#[d6]">&gt;&gt;</a>&nbsp;&nbsp;&nbsp;TMR_SR_cmdSetWriteTxPower
<LI><a href="#[c5]">&gt;&gt;</a>&nbsp;&nbsp;&nbsp;TMR_SR_cmdSetReadTxPower
</UL>

<P><STRONG><a name="[c7]"></a>TMR_SR_cmdSetReaderConfiguration</STRONG> (ARM, 764 bytes, Stack size 280 bytes, serial_reader_l3.o(i.TMR_SR_cmdSetReaderConfiguration))
<BR><BR>[Stack]<UL><LI>Max Depth = 312<LI>Call Chain = TMR_SR_cmdSetReaderConfiguration &rArr; TMR_SR_sendCmd &rArr; TMR_SR_send &rArr;  TMR_SR_sendTimeout (Cycle)
</UL>
<BR>[Calls]<UL><LI><a href="#[86]">&gt;&gt;</a>&nbsp;&nbsp;&nbsp;TMR_SR_sendCmd
</UL>
<BR>[Called By]<UL><LI><a href="#[1a]">&gt;&gt;</a>&nbsp;&nbsp;&nbsp;TMR_SR_paramSet
</UL>

<P><STRONG><a name="[c8]"></a>TMR_SR_cmdSetReaderWriteTimeOut</STRONG> (ARM, 348 bytes, Stack size 280 bytes, serial_reader_l3.o(i.TMR_SR_cmdSetReaderWriteTimeOut))
<BR><BR>[Stack]<UL><LI>Max Depth = 312<LI>Call Chain = TMR_SR_cmdSetReaderWriteTimeOut &rArr; TMR_SR_sendCmd &rArr; TMR_SR_send &rArr;  TMR_SR_sendTimeout (Cycle)
</UL>
<BR>[Calls]<UL><LI><a href="#[86]">&gt;&gt;</a>&nbsp;&nbsp;&nbsp;TMR_SR_sendCmd
</UL>
<BR>[Called By]<UL><LI><a href="#[1a]">&gt;&gt;</a>&nbsp;&nbsp;&nbsp;TMR_SR_paramSet
</UL>

<P><STRONG><a name="[c9]"></a>TMR_SR_cmdSetRegion</STRONG> (ARM, 812 bytes, Stack size 272 bytes, serial_reader_l3.o(i.TMR_SR_cmdSetRegion))
<BR><BR>[Stack]<UL><LI>Max Depth = 304<LI>Call Chain = TMR_SR_cmdSetRegion &rArr; TMR_SR_sendCmd &rArr; TMR_SR_send &rArr;  TMR_SR_sendTimeout (Cycle)
</UL>
<BR>[Calls]<UL><LI><a href="#[86]">&gt;&gt;</a>&nbsp;&nbsp;&nbsp;TMR_SR_sendCmd
</UL>
<BR>[Called By]<UL><LI><a href="#[1a]">&gt;&gt;</a>&nbsp;&nbsp;&nbsp;TMR_SR_paramSet
</UL>

<P><STRONG><a name="[ca]"></a>TMR_SR_cmdSetRegionDwellTime</STRONG> (ARM, 352 bytes, Stack size 280 bytes, serial_reader_l3.o(i.TMR_SR_cmdSetRegionDwellTime))
<BR><BR>[Stack]<UL><LI>Max Depth = 312<LI>Call Chain = TMR_SR_cmdSetRegionDwellTime &rArr; TMR_SR_sendCmd &rArr; TMR_SR_send &rArr;  TMR_SR_sendTimeout (Cycle)
</UL>
<BR>[Calls]<UL><LI><a href="#[86]">&gt;&gt;</a>&nbsp;&nbsp;&nbsp;TMR_SR_sendCmd
</UL>
<BR>[Called By]<UL><LI><a href="#[1a]">&gt;&gt;</a>&nbsp;&nbsp;&nbsp;TMR_SR_paramSet
[...]
<BR>[Address Reference Count : 1]<UL><LI> startup.o(RESET)
</UL>
<P><STRONG><a name="[11]"></a>IRQ_Handler</STRONG> (ARM, 4 bytes, Stack size unknown bytes, startup.o(RESET))
<BR><BR>[Calls]<UL><LI><a href="#[11]">&gt;&gt;</a>&nbsp;&nbsp;&nbsp;IRQ_Handler
</UL>
<BR>[Called By]<UL><LI><a href="#[11]">&gt;&gt;</a>&nbsp;&nbsp;&nbsp;IRQ_Handler
</UL>
<BR>[Address Reference Count : 1]<UL><LI> startup.o(RESET)
</UL>
<P><STRONG><a name="[12]"></a>FIQ_Handler</STRONG> (ARM, 4 bytes, Stack size unknown bytes, startup.o(RESET))
<BR><BR>[Stack]<UL><LI>Max Depth = 32 + Unknown Stack Size
<LI>Call Chain = FIQ_Handler &rArr; TIMER_irq &rArr; TIMER_SOFTWARE_ModX
</UL>
<BR>[Calls]<UL><LI><a href="#[24]">&gt;&gt;</a>&nbsp;&nbsp;&nbsp;TIMER_irq
</UL>
<BR>[Address Reference Count : 1]<UL><LI> startup.o(RESET)
</UL>
<P><STRONG><a name="[68]"></a>UpdateIndexAtomic</STRONG> (ARM, 44 bytes, Stack size 0 bytes, ringbuf.o(i.UpdateIndexAtomic))
<BR><BR>[Called By]<UL><LI><a href="#[69]">&gt;&gt;</a>&nbsp;&nbsp;&nbsp;RingBufWriteOne
<LI><a href="#[67]">&gt;&gt;</a>&nbsp;&nbsp;&nbsp;RingBufReadOne
</UL>

<P><STRONG><a name="[99]"></a>TMR_SR_cmdGetPerAntennaTime</STRONG> (ARM, 280 bytes, Stack size 280 bytes, serial_reader.o(i.TMR_SR_cmdGetPerAntennaTime))
<BR><BR>[Stack]<UL><LI>Max Depth = 312<LI>Call Chain = TMR_SR_cmdGetPerAntennaTime &rArr; TMR_SR_sendCmd &rArr; TMR_SR_send &rArr;  TMR_SR_sendTimeout (Cycle)
</UL>
<BR>[Calls]<UL><LI><a href="#[86]">&gt;&gt;</a>&nbsp;&nbsp;&nbsp;TMR_SR_sendCmd
</UL>
<BR>[Called By]<UL><LI><a href="#[1b]">&gt;&gt;</a>&nbsp;&nbsp;&nbsp;TMR_SR_paramGet
</UL>

<P><STRONG><a name="[be]"></a>TMR_SR_cmdSetPerAntennaTime</STRONG> (ARM, 580 bytes, Stack size 288 bytes, serial_reader.o(i.TMR_SR_cmdSetPerAntennaTime))
<BR><BR>[Stack]<UL><LI>Max Depth = 752<LI>Call Chain = TMR_SR_cmdSetPerAntennaTime &rArr; initTxRxMapFromPorts &rArr; TMR_SR_cmdAntennaDetect &rArr; TMR_SR_sendCmd &rArr; TMR_SR_send &rArr;  TMR_SR_sendTimeout (Cycle)
</UL>
<BR>[Calls]<UL><LI><a href="#[86]">&gt;&gt;</a>&nbsp;&nbsp;&nbsp;TMR_SR_sendCmd
<LI><a href="#[bf]">&gt;&gt;</a>&nbsp;&nbsp;&nbsp;initTxRxMapFromPorts
</UL>
<BR>[Called By]<UL><LI><a href="#[11f]">&gt;&gt;</a>&nbsp;&nbsp;&nbsp;setAntennaReadTimeList
<LI><a href="#[1a]">&gt;&gt;</a>&nbsp;&nbsp;&nbsp;TMR_SR_paramSet
</UL>

<P><STRONG><a name="[1b]"></a>TMR_SR_paramGet</STRONG> (ARM, 5868 bytes, Stack size 248 bytes, serial_reader.o(i.TMR_SR_paramGet))
<BR><BR>[Stack]<UL><LI>Max Depth = 1912 + Unknown Stack Size
<LI>Call Chain = TMR_SR_paramGet &rArr; TMR_SR_cmdGetReaderStats &rArr; TMR_SR_sendTimeout &rArr; TMR_SR_getNextTag &rArr; TMR_SR_hasMoreTags &rArr; TMR_SR_cmdStopReading &rArr; TMR_SR_sendMessage &rArr; TMR_SR_sendBytes &rArr; TMR__notifyTransportListeners
</UL>
<BR>[Calls]<UL><LI><a href="#[ec]">&gt;&gt;</a>&nbsp;&nbsp;&nbsp;TMR_hexDottedQuad
<LI><a href="#[e7]">&gt;&gt;</a>&nbsp;&nbsp;&nbsp;TMR_stringCopy
<LI><a href="#[af]">&gt;&gt;</a>&nbsp;&nbsp;&nbsp;TMR_SR_cmdGetWriteTxPower
<LI><a href="#[ae]">&gt;&gt;</a>&nbsp;&nbsp;&nbsp;TMR_SR_cmdGetUserMode
<LI><a href="#[ad]">&gt;&gt;</a>&nbsp;&nbsp;&nbsp;TMR_SR_cmdGetTemperature
<LI><a href="#[ab]">&gt;&gt;</a>&nbsp;&nbsp;&nbsp;TMR_SR_cmdGetRegionConfiguration
<LI><a href="#[aa]">&gt;&gt;</a>&nbsp;&nbsp;&nbsp;TMR_SR_cmdGetRegion
<LI><a href="#[a9]">&gt;&gt;</a>&nbsp;&nbsp;&nbsp;TMR_SR_cmdGetReaderWriteTimeOut
<LI><a href="#[a5]">&gt;&gt;</a>&nbsp;&nbsp;&nbsp;TMR_SR_cmdGetReaderStats
<LI><a href="#[a4]">&gt;&gt;</a>&nbsp;&nbsp;&nbsp;TMR_SR_cmdGetReaderStatistics
<LI><a href="#[a3]">&gt;&gt;</a>&nbsp;&nbsp;&nbsp;TMR_SR_cmdGetReaderConfiguration
<LI><a href="#[a2]">&gt;&gt;</a>&nbsp;&nbsp;&nbsp;TMR_SR_cmdGetReadTxPowerWithLimits
<LI><a href="#[a0]">&gt;&gt;</a>&nbsp;&nbsp;&nbsp;TMR_SR_cmdGetReadTxPower
<LI><a href="#[9f]">&gt;&gt;</a>&nbsp;&nbsp;&nbsp;TMR_SR_cmdGetQuantizationStep
<LI><a href="#[9e]">&gt;&gt;</a>&nbsp;&nbsp;&nbsp;TMR_SR_cmdGetProtocolList
<LI><a href="#[9b]">&gt;&gt;</a>&nbsp;&nbsp;&nbsp;TMR_SR_cmdGetProtocolConfiguration
<LI><a href="#[9a]">&gt;&gt;</a>&nbsp;&nbsp;&nbsp;TMR_SR_cmdGetPowerMode
<LI><a href="#[98]">&gt;&gt;</a>&nbsp;&nbsp;&nbsp;TMR_SR_cmdGetMinimumFrequency
<LI><a href="#[96]">&gt;&gt;</a>&nbsp;&nbsp;&nbsp;TMR_SR_cmdGetGPIODirection
<LI><a href="#[93]">&gt;&gt;</a>&nbsp;&nbsp;&nbsp;TMR_SR_cmdGetGPIO
<LI><a href="#[92]">&gt;&gt;</a>&nbsp;&nbsp;&nbsp;TMR_SR_cmdGetFrequencyHopTime
<LI><a href="#[90]">&gt;&gt;</a>&nbsp;&nbsp;&nbsp;TMR_SR_cmdGetFrequencyHopTable
<LI><a href="#[8f]">&gt;&gt;</a>&nbsp;&nbsp;&nbsp;TMR_SR_cmdGetCurrentProtocol
<LI><a href="#[8e]">&gt;&gt;</a>&nbsp;&nbsp;&nbsp;TMR_SR_cmdGetAvailableRegions
<LI><a href="#[8d]">&gt;&gt;</a>&nbsp;&nbsp;&nbsp;TMR_SR_cmdGetAvailableProtocols
<LI><a href="#[8c]">&gt;&gt;</a>&nbsp;&nbsp;&nbsp;TMR_SR_cmdGetAntennaReturnLoss
<LI><a href="#[87]">&gt;&gt;</a>&nbsp;&nbsp;&nbsp;TMR_SR_cmdAntennaDetect
<LI><a href="#[e9]">&gt;&gt;</a>&nbsp;&nbsp;&nbsp;updateTxRxMapData
<LI><a href="#[bf]">&gt;&gt;</a>&nbsp;&nbsp;&nbsp;initTxRxMapFromPorts
<LI><a href="#[eb]">&gt;&gt;</a>&nbsp;&nbsp;&nbsp;getSerialNumber
<LI><a href="#[e8]">&gt;&gt;</a>&nbsp;&nbsp;&nbsp;getPortValues
<LI><a href="#[ea]">&gt;&gt;</a>&nbsp;&nbsp;&nbsp;getHardwareInfo
<LI><a href="#[99]">&gt;&gt;</a>&nbsp;&nbsp;&nbsp;TMR_SR_cmdGetPerAntennaTime
<LI><a href="#[94]">&gt;&gt;</a>&nbsp;&nbsp;&nbsp;__aeabi_memclr4
<LI><a href="#[4e]">&gt;&gt;</a>&nbsp;&nbsp;&nbsp;__aeabi_memcpy
<LI><a href="#[e6]">&gt;&gt;</a>&nbsp;&nbsp;&nbsp;strlen (via Veneer)
</UL>
<BR>[Address Reference Count : 1]<UL><LI> serial_reader.o(i.TMR_SR_SerialReader_init)
</UL>
<P><STRONG><a name="[1a]"></a>TMR_SR_paramSet</STRONG> (ARM, 4664 bytes, Stack size 104 bytes, serial_reader.o(i.TMR_SR_paramSet))
<BR><BR>[Stack]<UL><LI>Max Depth = 2536 + Unknown Stack Size
<LI>Call Chain = TMR_SR_paramSet &rArr; TMR_SR_cmdSetUserProfile &rArr; TMR_SR_getVersion &rArr; TMR_SR_cmdVersion &rArr; TMR_SR_sendTimeout &rArr; TMR_SR_getNextTag &rArr; TMR_SR_hasMoreTags &rArr; TMR_SR_cmdStopReading &rArr; TMR_SR_sendMessage &rArr; TMR_SR_sendBytes &rArr; TMR__notifyTransportListeners
</UL>
<BR>[Calls]<UL><LI><a href="#[f0]">&gt;&gt;</a>&nbsp;&nbsp;&nbsp;validateReadPlan
<LI><a href="#[ed]">&gt;&gt;</a>&nbsp;&nbsp;&nbsp;TMR_paramProbe
<LI><a href="#[d6]">&gt;&gt;</a>&nbsp;&nbsp;&nbsp;TMR_SR_cmdSetWriteTxPower
<LI><a href="#[d1]">&gt;&gt;</a>&nbsp;&nbsp;&nbsp;TMR_SR_cmdSetUserProfile
<LI><a href="#[d0]">&gt;&gt;</a>&nbsp;&nbsp;&nbsp;TMR_SR_cmdSetUserMode
<LI><a href="#[cf]">&gt;&gt;</a>&nbsp;&nbsp;&nbsp;TMR_SR_cmdSetTxRxPorts
<LI><a href="#[ce]">&gt;&gt;</a>&nbsp;&nbsp;&nbsp;TMR_SR_cmdSetRegionLbtThreshold
<LI><a href="#[cd]">&gt;&gt;</a>&nbsp;&nbsp;&nbsp;TMR_SR_cmdSetRegionLbt
<LI><a href="#[cb]">&gt;&gt;</a>&nbsp;&nbsp;&nbsp;TMR_SR_cmdSetRegionDwellTimeEnable
<LI><a href="#[ca]">&gt;&gt;</a>&nbsp;&nbsp;&nbsp;TMR_SR_cmdSetRegionDwellTime
<LI><a href="#[c9]">&gt;&gt;</a>&nbsp;&nbsp;&nbsp;TMR_SR_cmdSetRegion
<LI><a href="#[c8]">&gt;&gt;</a>&nbsp;&nbsp;&nbsp;TMR_SR_cmdSetReaderWriteTimeOut
<LI><a href="#[c7]">&gt;&gt;</a>&nbsp;&nbsp;&nbsp;TMR_SR_cmdSetReaderConfiguration
<LI><a href="#[c5]">&gt;&gt;</a>&nbsp;&nbsp;&nbsp;TMR_SR_cmdSetReadTxPower
<LI><a href="#[c4]">&gt;&gt;</a>&nbsp;&nbsp;&nbsp;TMR_SR_cmdSetProtocolList
<LI><a href="#[c3]">&gt;&gt;</a>&nbsp;&nbsp;&nbsp;TMR_SR_cmdSetProtocolLicenseKey
<LI><a href="#[c2]">&gt;&gt;</a>&nbsp;&nbsp;&nbsp;TMR_SR_cmdSetProtocolConfiguration
<LI><a href="#[c0]">&gt;&gt;</a>&nbsp;&nbsp;&nbsp;TMR_SR_cmdSetPowerMode
<LI><a href="#[bc]">&gt;&gt;</a>&nbsp;&nbsp;&nbsp;TMR_SR_cmdSetGPIODirection
<LI><a href="#[bb]">&gt;&gt;</a>&nbsp;&nbsp;&nbsp;TMR_SR_cmdSetFrequencyHopTableOption
<LI><a href="#[ba]">&gt;&gt;</a>&nbsp;&nbsp;&nbsp;TMR_SR_cmdSetFrequencyHopTable
<LI><a href="#[b9]">&gt;&gt;</a>&nbsp;&nbsp;&nbsp;TMR_SR_cmdSetBaudRate
<LI><a href="#[b6]">&gt;&gt;</a>&nbsp;&nbsp;&nbsp;TMR_SR_cmdResetReaderStats
<LI><a href="#[b5]">&gt;&gt;</a>&nbsp;&nbsp;&nbsp;TMR_SR_cmdResetReaderStatistics
<LI><a href="#[a9]">&gt;&gt;</a>&nbsp;&nbsp;&nbsp;TMR_SR_cmdGetReaderWriteTimeOut
<LI><a href="#[9b]">&gt;&gt;</a>&nbsp;&nbsp;&nbsp;TMR_SR_cmdGetProtocolConfiguration
<LI><a href="#[d3]">&gt;&gt;</a>&nbsp;&nbsp;&nbsp;prepForSearch
<LI><a href="#[bf]">&gt;&gt;</a>&nbsp;&nbsp;&nbsp;initTxRxMapFromPorts
<LI><a href="#[ef]">&gt;&gt;</a>&nbsp;&nbsp;&nbsp;setProtocol
<LI><a href="#[ee]">&gt;&gt;</a>&nbsp;&nbsp;&nbsp;setPortValues
<LI><a href="#[be]">&gt;&gt;</a>&nbsp;&nbsp;&nbsp;TMR_SR_cmdSetPerAntennaTime
<LI><a href="#[4c]">&gt;&gt;</a>&nbsp;&nbsp;&nbsp;__aeabi_memcpy4
<LI><a href="#[4e]">&gt;&gt;</a>&nbsp;&nbsp;&nbsp;__aeabi_memcpy
</UL>
<BR>[Address Reference Count : 1]<UL><LI> serial_reader.o(i.TMR_SR_SerialReader_init)
</UL>
<P><STRONG><a name="[f6]"></a>TMR_SR_read_internal</STRONG> (ARM, 1364 bytes, Stack size 336 bytes, serial_reader.o(i.TMR_SR_read_internal))
<BR><BR>[Stack]<UL><LI>Max Depth = 2016 + Unknown Stack Size
<LI>Call Chain = TMR_SR_read_internal &rArr; TMR_SR_executeEmbeddedRead &rArr; TMR_SR_sendTimeout &rArr; TMR_SR_getNextTag &rArr; TMR_SR_hasMoreTags &rArr; TMR_SR_cmdStopReading &rArr; TMR_SR_sendMessage &rArr; TMR_SR_sendBytes &rArr; TMR__notifyTransportListeners
</UL>
<BR>[Calls]<UL><LI><a href="#[f7]">&gt;&gt;</a>&nbsp;&nbsp;&nbsp;tm_gettime_consistent
<LI><a href="#[db]">&gt;&gt;</a>&nbsp;&nbsp;&nbsp;TMR_SR_executeEmbeddedRead
<LI><a href="#[b3]">&gt;&gt;</a>&nbsp;&nbsp;&nbsp;TMR_SR_cmdReadTagMultiple
<LI><a href="#[b0]">&gt;&gt;</a>&nbsp;&nbsp;&nbsp;TMR_SR_cmdMultipleProtocolSearch
<LI><a href="#[ac]">&gt;&gt;</a>&nbsp;&nbsp;&nbsp;TMR_SR_cmdGetTagsRemaining
<LI><a href="#[d3]">&gt;&gt;</a>&nbsp;&nbsp;&nbsp;prepForSearch
<LI><a href="#[72]">&gt;&gt;</a>&nbsp;&nbsp;&nbsp;TMR_SR_addTagOp
<LI><a href="#[ef]">&gt;&gt;</a>&nbsp;&nbsp;&nbsp;setProtocol
</UL>
<BR>[Called By]<UL><LI><a href="#[f5]">&gt;&gt;</a>&nbsp;&nbsp;&nbsp;TMR_SR_read
</UL>

<P><STRONG><a name="[ea]"></a>getHardwareInfo</STRONG> (ARM, 76 bytes, Stack size 280 bytes, serial_reader.o(i.getHardwareInfo))
<BR><BR>[Stack]<UL><LI>Max Depth = 300<LI>Call Chain = getHardwareInfo &rArr; TMR_stringCopy &rArr; tm_memcpy
</UL>
<BR>[Calls]<UL><LI><a href="#[ec]">&gt;&gt;</a>&nbsp;&nbsp;&nbsp;TMR_hexDottedQuad
<LI><a href="#[e7]">&gt;&gt;</a>&nbsp;&nbsp;&nbsp;TMR_stringCopy
<LI><a href="#[e6]">&gt;&gt;</a>&nbsp;&nbsp;&nbsp;strlen (via Veneer)
</UL>
<BR>[Called By]<UL><LI><a href="#[1b]">&gt;&gt;</a>&nbsp;&nbsp;&nbsp;TMR_SR_paramGet
</UL>

<P><STRONG><a name="[e8]"></a>getPortValues</STRONG> (ARM, 332 bytes, Stack size 552 bytes, serial_reader.o(i.getPortValues))
<BR><BR>[Stack]<UL><LI>Max Depth = 1016<LI>Call Chain = getPortValues &rArr; initTxRxMapFromPorts &rArr; TMR_SR_cmdAntennaDetect &rArr; TMR_SR_sendCmd &rArr; TMR_SR_send &rArr;  TMR_SR_sendTimeout (Cycle)
</UL>
<BR>[Calls]<UL><LI><a href="#[8b]">&gt;&gt;</a>&nbsp;&nbsp;&nbsp;TMR_SR_cmdGetAntennaPortPowersAndSettlingTime
<LI><a href="#[bf]">&gt;&gt;</a>&nbsp;&nbsp;&nbsp;initTxRxMapFromPorts
</UL>
<BR>[Called By]<UL><LI><a href="#[1b]">&gt;&gt;</a>&nbsp;&nbsp;&nbsp;TMR_SR_paramGet
</UL>

<P><STRONG><a name="[eb]"></a>getSerialNumber</STRONG> (ARM, 224 bytes, Stack size 96 bytes, serial_reader.o(i.getSerialNumber))
<BR><BR>[Stack]<UL><LI>Max Depth = 416<LI>Call Chain = getSerialNumber &rArr; TMR_SR_cmdGetHardwareVersion &rArr; TMR_SR_sendCmd &rArr; TMR_SR_send &rArr;  TMR_SR_sendTimeout (Cycle)
</UL>
<BR>[Calls]<UL><LI><a href="#[e7]">&gt;&gt;</a>&nbsp;&nbsp;&nbsp;TMR_stringCopy
<LI><a href="#[97]">&gt;&gt;</a>&nbsp;&nbsp;&nbsp;TMR_SR_cmdGetHardwareVersion
</UL>
<BR>[Called By]<UL><LI><a href="#[1b]">&gt;&gt;</a>&nbsp;&nbsp;&nbsp;TMR_SR_paramGet
</UL>

<P><STRONG><a name="[73]"></a>prepEmbReadTagMultiple</STRONG> (ARM, 168 bytes, Stack size 56 bytes, serial_reader.o(i.prepEmbReadTagMultiple))
<BR><BR>[Stack]<UL><LI>Max Depth = 272<LI>Call Chain = prepEmbReadTagMultiple &rArr; TMR_SR_msgSetupReadTagMultiple &rArr; TMR_SR_msgSetupReadTagMultipleWithMetadata &rArr; filterbytes &rArr;  filterbytes (Cycle)
</UL>
<BR>[Calls]<UL><LI><a href="#[b4]">&gt;&gt;</a>&nbsp;&nbsp;&nbsp;TMR_SR_msgSetupReadTagMultiple
</UL>
<BR>[Called By]<UL><LI><a href="#[72]">&gt;&gt;</a>&nbsp;&nbsp;&nbsp;TMR_SR_addTagOp
</UL>

<P><STRONG><a name="[11d]"></a>setAntennaList</STRONG> (ARM, 208 bytes, Stack size 96 bytes, serial_reader.o(i.setAntennaList))
<BR><BR>[Stack]<UL><LI>Max Depth = 408<LI>Call Chain = setAntennaList &rArr; TMR_SR_cmdSetAntennaSearchList &rArr; TMR_SR_sendCmd &rArr; TMR_SR_send &rArr;  TMR_SR_sendTimeout (Cycle)
</UL>
<BR>[Calls]<UL><LI><a href="#[b8]">&gt;&gt;</a>&nbsp;&nbsp;&nbsp;TMR_SR_cmdSetAntennaSearchList
</UL>
<BR>[Called By]<UL><LI><a href="#[d3]">&gt;&gt;</a>&nbsp;&nbsp;&nbsp;prepForSearch
</UL>

<P><STRONG><a name="[ee]"></a>setPortValues</STRONG> (ARM, 280 bytes, Stack size 552 bytes, serial_reader.o(i.setPortValues))
<BR><BR>[Stack]<UL><LI>Max Depth = 1016<LI>Call Chain = setPortValues &rArr; initTxRxMapFromPorts &rArr; TMR_SR_cmdAntennaDetect &rArr; TMR_SR_sendCmd &rArr; TMR_SR_send &rArr;  TMR_SR_sendTimeout (Cycle)
</UL>
<BR>[Calls]<UL><LI><a href="#[b7]">&gt;&gt;</a>&nbsp;&nbsp;&nbsp;TMR_SR_cmdSetAntennaPortPowersAndSettlingTime
<LI><a href="#[bf]">&gt;&gt;</a>&nbsp;&nbsp;&nbsp;initTxRxMapFromPorts
</UL>
<BR>[Called By]<UL><LI><a href="#[1a]">&gt;&gt;</a>&nbsp;&nbsp;&nbsp;TMR_SR_paramSet
</UL>

<P><STRONG><a name="[ef]"></a>setProtocol</STRONG> (ARM, 76 bytes, Stack size 16 bytes, serial_reader.o(i.setProtocol))
<BR><BR>[Stack]<UL><LI>Max Depth = 320<LI>Call Chain = setProtocol &rArr; TMR_SR_cmdSetProtocol &rArr; TMR_SR_sendCmd &rArr; TMR_SR_send &rArr;  TMR_SR_sendTimeout (Cycle)
</UL>
<BR>[Calls]<UL><LI><a href="#[c1]">&gt;&gt;</a>&nbsp;&nbsp;&nbsp;TMR_SR_cmdSetProtocol
</UL>
<BR>[Called By]<UL><LI><a href="#[f6]">&gt;&gt;</a>&nbsp;&nbsp;&nbsp;TMR_SR_read_internal
<LI><a href="#[1a]">&gt;&gt;</a>&nbsp;&nbsp;&nbsp;TMR_SR_paramSet
</UL>

<P><STRONG><a name="[e3]"></a>filterbytes</STRONG> (ARM, 2176 bytes, Stack size 72 bytes, serial_reader_l3.o(i.filterbytes))
<BR><BR>[Stack]<UL><LI>Max Depth = 96 + In Cycle
<LI>Call Chain = filterbytes &rArr;  filterbytes (Cycle)
</UL>
<BR>[Calls]<UL><LI><a href="#[f2]">&gt;&gt;</a>&nbsp;&nbsp;&nbsp;tm_u8s_per_bits
<LI><a href="#[a6]">&gt;&gt;</a>&nbsp;&nbsp;&nbsp;TMR_SR_convertToEBV
<LI><a href="#[e3]">&gt;&gt;</a>&nbsp;&nbsp;&nbsp;filterbytes
</UL>
<BR>[Called By]<UL><LI><a href="#[79]">&gt;&gt;</a>&nbsp;&nbsp;&nbsp;TMR_SR_msgAddGEN2BlockWrite
<LI><a href="#[7a]">&gt;&gt;</a>&nbsp;&nbsp;&nbsp;TMR_SR_msgAddGEN2BlockPermaLock
<LI><a href="#[7b]">&gt;&gt;</a>&nbsp;&nbsp;&nbsp;TMR_SR_msgAddGEN2BlockErase
<LI><a href="#[e4]">&gt;&gt;</a>&nbsp;&nbsp;&nbsp;TMR_SR_msgSetupReadTagMultipleWithMetadata
<LI><a href="#[e3]">&gt;&gt;</a>&nbsp;&nbsp;&nbsp;filterbytes
</UL>

<P><STRONG><a name="[fa]"></a>tm_crc</STRONG> (ARM, 116 bytes, Stack size 8 bytes, serial_reader_l3.o(i.tm_crc))
<BR><BR>[Stack]<UL><LI>Max Depth = 8<LI>Call Chain = tm_crc
</UL>
<BR>[Called By]<UL><LI><a href="#[e0]">&gt;&gt;</a>&nbsp;&nbsp;&nbsp;TMR_SR_receiveMessage
<LI><a href="#[b2]">&gt;&gt;</a>&nbsp;&nbsp;&nbsp;TMR_SR_sendMessage
</UL>

<P><STRONG><a name="[21]"></a>s_flush</STRONG> (ARM, 40 bytes, Stack size 8 bytes, serial_transport_dummy.o(i.s_flush))
<BR><BR>[Stack]<UL><LI>Max Depth = 16<LI>Call Chain = s_flush &rArr; UART1_flush
</UL>
<BR>[Calls]<UL><LI><a href="#[105]">&gt;&gt;</a>&nbsp;&nbsp;&nbsp;UART1_flush
</UL>
<BR>[Address Reference Count : 1]<UL><LI> serial_transport_dummy.o(i.TMR_SR_SerialTransportDummyInit)
</UL>
<P><STRONG><a name="[1c]"></a>s_open</STRONG> (ARM, 12 bytes, Stack size 0 bytes, serial_transport_dummy.o(i.s_open))
<BR>[Address Reference Count : 1]<UL><LI> serial_transport_dummy.o(i.TMR_SR_SerialTransportDummyInit)
</UL>
<P><STRONG><a name="[1e]"></a>s_receiveBytes</STRONG> (ARM, 72 bytes, Stack size 24 bytes, serial_transport_dummy.o(i.s_receiveBytes))
<BR><BR>[Stack]<UL><LI>Max Depth = 200 + Unknown Stack Size
<LI>Call Chain = s_receiveBytes &rArr; UART1_receivebuffer &rArr; __2printf &rArr; _printf_char_file &rArr; _printf_char_common &rArr; __printf
</UL>
<BR>[Calls]<UL><LI><a href="#[108]">&gt;&gt;</a>&nbsp;&nbsp;&nbsp;UART1_receivebuffer
</UL>
<BR>[Address Reference Count : 1]<UL><LI> serial_transport_dummy.o(i.TMR_SR_SerialTransportDummyInit)
</UL>
<P><STRONG><a name="[1d]"></a>s_sendBytes</STRONG> (ARM, 64 bytes, Stack size 24 bytes, serial_transport_dummy.o(i.s_sendBytes))
<BR><BR>[Stack]<UL><LI>Max Depth = 184 + Unknown Stack Size
<LI>Call Chain = s_sendBytes &rArr; UART1_sendbuffer &rArr; __2printf &rArr; _printf_char_file &rArr; _printf_char_common &rArr; __printf
</UL>
<BR>[Calls]<UL><LI><a href="#[110]">&gt;&gt;</a>&nbsp;&nbsp;&nbsp;UART1_sendbuffer
</UL>
<BR>[Address Reference Count : 1]<UL><LI> serial_transport_dummy.o(i.TMR_SR_SerialTransportDummyInit)
</UL>
<P><STRONG><a name="[1f]"></a>s_setBaudRate</STRONG> (ARM, 12 bytes, Stack size 0 bytes, serial_transport_dummy.o(i.s_setBaudRate))
<BR>[Address Reference Count : 1]<UL><LI> serial_transport_dummy.o(i.TMR_SR_SerialTransportDummyInit)
</UL>
<P><STRONG><a name="[20]"></a>s_shutdown</STRONG> (ARM, 12 bytes, Stack size 0 bytes, serial_transport_dummy.o(i.s_shutdown))
<BR>[Address Reference Count : 1]<UL><LI> serial_transport_dummy.o(i.TMR_SR_SerialTransportDummyInit)
</UL>
<P><STRONG><a name="[101]"></a>TMR_initSerialTransportTable</STRONG> (ARM, 272 bytes, Stack size 16 bytes, tm_reader.o(i.TMR_initSerialTransportTable))
<BR><BR>[Stack]<UL><LI>Max Depth = 36<LI>Call Chain = TMR_initSerialTransportTable &rArr; TMR_stringCopy &rArr; tm_memcpy
</UL>
<BR>[Calls]<UL><LI><a href="#[e7]">&gt;&gt;</a>&nbsp;&nbsp;&nbsp;TMR_stringCopy
<LI><a href="#[94]">&gt;&gt;</a>&nbsp;&nbsp;&nbsp;__aeabi_memclr4
</UL>
<BR>[Called By]<UL><LI><a href="#[ff]">&gt;&gt;</a>&nbsp;&nbsp;&nbsp;TMR_create
</UL>

<P><STRONG><a name="[62]"></a>__arm_div8</STRONG> (ARM, 0 bytes, Stack size unknown bytes, aeabi_sdiv.o(.text))
<BR><BR>[Called By]<UL><LI><a href="#[5f]">&gt;&gt;</a>&nbsp;&nbsp;&nbsp;__aeabi_uidivmod
</UL>

<P><STRONG><a name="[61]"></a>__arm_div5</STRONG> (ARM, 0 bytes, Stack size unknown bytes, aeabi_sdiv.o(.text))
<BR><BR>[Called By]<UL><LI><a href="#[5f]">&gt;&gt;</a>&nbsp;&nbsp;&nbsp;__aeabi_uidivmod
</UL>

<P><STRONG><a name="[60]"></a>__arm_div2</STRONG> (ARM, 0 bytes, Stack size unknown bytes, aeabi_sdiv.o(.text))
<BR><BR>[Called By]<UL><LI><a href="#[5f]">&gt;&gt;</a>&nbsp;&nbsp;&nbsp;__aeabi_uidivmod
</UL>

<P><STRONG><a name="[63]"></a>__arm_div_large</STRONG> (ARM, 0 bytes, Stack size unknown bytes, aeabi_sdiv.o(.text))
<BR><BR>[Called By]<UL><LI><a href="#[5f]">&gt;&gt;</a>&nbsp;&nbsp;&nbsp;__aeabi_uidivmod
</UL>

<P><STRONG><a name="[16]"></a>_printf_input_char</STRONG> (Thumb, 10 bytes, Stack size 0 bytes, _printf_char_common.o(.text))
<BR>[Address Reference Count : 1]<UL><LI> _printf_char_common.o(.text)
</UL><P>
<H3>
Undefined Global Symbols
</H3>
<P><STRONG><a name="[5d]"></a>_call_atexit_fns</STRONG> (ARM, 0 bytes, Stack size 0 bytes, UNDEFINED)
<BR><BR>[Called By]<UL><LI><a href="#[34]">&gt;&gt;</a>&nbsp;&nbsp;&nbsp;exit
</UL>

<P><STRONG><a name="[55]"></a>_printf_mbtowc</STRONG> (ARM, 0 bytes, Stack size 0 bytes, UNDEFINED)
<BR><BR>[Called By]<UL><LI><a href="#[54]">&gt;&gt;</a>&nbsp;&nbsp;&nbsp;_printf_cs_common
</UL>

<P><STRONG><a name="[41]"></a>_printf_truncate_signed</STRONG> (ARM, 0 bytes, Stack size 0 bytes, UNDEFINED)
<BR><BR>[Called By]<UL><LI><a href="#[2a]">&gt;&gt;</a>&nbsp;&nbsp;&nbsp;_printf_int_dec
</UL>

<P><STRONG><a name="[42]"></a>_printf_truncate_unsigned</STRONG> (ARM, 0 bytes, Stack size 0 bytes, UNDEFINED)
<BR><BR>[Called By]<UL><LI><a href="#[2c]">&gt;&gt;</a>&nbsp;&nbsp;&nbsp;_printf_int_hex
<LI><a href="#[2a]">&gt;&gt;</a>&nbsp;&nbsp;&nbsp;_printf_int_dec
</UL>
<HR></body></html>
