<html>
<body>
<pre>
<h1>µVision Build Log</h1>
<h2>Tool Versions:</h2>
IDE-Version: µVision V5.29.0.0
Copyright (C) 2019 ARM Ltd and ARM Germany GmbH. All rights reserved.
License Information: Anjali apanchal, Qvantel, LIC=----
 
Tool Versions:
Toolchain:       MDK-Lite  Version: 5.29.0.0
Toolchain Path:  C:\Keil_v5\ARM\ARMCLANG\Bin
C Compiler:      ArmClang.exe V6.13.1
Assembler:       Armasm.exe V6.13.1
Linker/Locator:  ArmLink.exe V6.13.1
Library Manager: ArmAr.exe V6.13.1
Hex Converter:   FromElf.exe V6.13.1
CPU DLL:         SARMCM3.DLL V5.29.0.0
Dialog DLL:      DCM.DLL V1.17.3.0
Target DLL:      UL2CM3.DLL V1.163.0.0
Dialog DLL:      TCM.DLL V1.36.5.0
 
<h2>Project:</h2>
C:\Users\apanchal\Desktop\SVN\BILBO\tm\modules\mercuryapi\c\baremetal_proj\stm32_proj\STM32L476VG\stm32l476_bare_metal_api.uvprojx
Project File Date:  05/12/2023

<h2>Output:</h2>
*** Using Compiler 'V6.13.1', folder: 'C:\Keil_v5\ARM\ARMCLANG\Bin'
Build target 'stm32l476_bare_metal_api'
assembling startup_stm32l476xx.s...
compiling osdep_stm32L476VG.c...
compiling stm32l4xx_it.c...
compiling hex_bytes.c...
compiling serial_transport_stm32L476VG.c...
compiling tmr_strerror.c...
compiling tmr_param.c...
compiling tm_reader_async.c...
compiling tm_reader.c...
compiling tmr_utils.c...
compiling serial_reader.c...
compiling read.c...
compiling stm32l4xx_ll_exti.c...
compiling stm32l4xx_ll_utils.c...
compiling stm32l4xx_ll_gpio.c...
compiling stm32l4xx_ll_pwr.c...
compiling system_stm32l4xx.c...
compiling stm32l4xx_ll_dma.c...
compiling stm32l4xx_ll_usart.c...
compiling stm32l4xx_ll_rcc.c...
compiling serial_reader_l3.c...
linking...
Program Size: Code=30940 RO-data=652 RW-data=8 ZI-data=17552  
FromELF: creating hex file...
".\Object\stm32l476_bare_metal_api.axf" - 0 Error(s), 0 Warning(s).

<h2>Software Packages used:</h2>

Package Vendor: ARM
                http://www.keil.com/pack/ARM.CMSIS.5.6.0.pack
                ARM.CMSIS.5.6.0
                CMSIS (Cortex Microcontroller Software Interface Standard)
   * Component: CORE Version: 5.3.0

Package Vendor: Keil
                http://www.keil.com/pack/Keil.STM32L4xx_DFP.2.5.0.pack
                Keil.STM32L4xx_DFP.2.5.0
                STMicroelectronics STM32L4 Series Device Support, Drivers and Examples

<h2>Collection of Component include folders:</h2>
  .\RTE\_stm32l476_bare_metal_api
  C:\Users\apanchal\AppData\Local\Arm\Packs\ARM\CMSIS\5.6.0\CMSIS\Core\Include
  C:\Users\apanchal\AppData\Local\Arm\Packs\Keil\STM32L4xx_DFP\2.5.0\Drivers\CMSIS\Device\ST\STM32L4xx\Include

<h2>Collection of Component Files used:</h2>

   * Component: ARM::CMSIS:CORE:5.3.0
Build Time Elapsed:  00:00:06
</pre>
</body>
</html>
