<html>
<body>
<pre>
<h1>µVision Build Log</h1>
<h2>Project:</h2>
D:\work\coretx_motherboard\TestMemory\memorytest.uvproj
Project File Date:  09/04/2012

<h2>Output:</h2>
Build target 'Target 1'
compiling main.c...
Code\main.c(96): warning:  #177-D: variable "result" was declared but never referenced
Code\main.c(130): warning:  #177-D: variable "result" was declared but never referenced
Code\main.c(171): warning:  #111-D: statement is unreachable
compiling flash_stm29w320db.c...
linking...
Program Size: Code=3620 RO-data=92 RW-data=176 ZI-data=14888  
FromELF: creating hex file...
"memorytest.axf" - 0 Error(s), 3 Warning(s).
Load "D:\\work\\coretx_motherboard\\TestMemory\\memorytest.AXF" 
Erase Done.
Programming Done.
Verify OK.
Application running ...
Build target 'Target 1'
compiling main.c...
Code\main.c(171): warning:  #111-D: statement is unreachable
linking...
Program Size: Code=3888 RO-data=92 RW-data=176 ZI-data=14888  
FromELF: creating hex file...
"memorytest.axf" - 0 Error(s), 1 Warning(s).
Load "D:\\work\\coretx_motherboard\\TestMemory\\memorytest.AXF" 
Erase Done.
Programming Done.
Verify OK.
Application running ...
Build target 'Target 1'
compiling main.c...
Code\main.c(171): warning:  #111-D: statement is unreachable
compiling flash_stm29w320db.c...
Code\Flash_STM29W320DB\flash_stm29w320db.c(182): warning:  #1-D: last line of file ends without a newline
linking...
Program Size: Code=3920 RO-data=92 RW-data=176 ZI-data=14888  
FromELF: creating hex file...
"memorytest.axf" - 0 Error(s), 2 Warning(s).
Build target 'Target 1'
compiling flash_stm29w320db.c...
linking...
Program Size: Code=3920 RO-data=92 RW-data=176 ZI-data=14888  
FromELF: creating hex file...
"memorytest.axf" - 0 Error(s), 0 Warning(s).
Build target 'Target 1'
compiling flash_stm29w320db.c...
Code\Flash_STM29W320DB\flash_stm29w320db.c(175): error:  #20: identifier "inline" is undefined
Code\Flash_STM29W320DB\flash_stm29w320db.c(175): error:  #101: "uint32_t" has already been declared in the current scope
Code\Flash_STM29W320DB\flash_stm29w320db.c(175): error:  #65: expected a ";"
Code\Flash_STM29W320DB\flash_stm29w320db.c(182): warning: At end of source:  #12-D: parsing restarts here after previous syntax error
Target not created
Build target 'Target 1'
compiling flash_stm29w320db.c...
Code\Flash_STM29W320DB\flash_stm29w320db.c(175): error:  #65: expected a ";"
Code\Flash_STM29W320DB\flash_stm29w320db.c(182): warning: At end of source:  #12-D: parsing restarts here after previous syntax error
Target not created
Build target 'Target 1'
compiling main.c...
.\Code\Flash_STM29W320DB/flash_stm29w320db.h(29): error:  #20: identifier "inline" is undefined
.\Code\Flash_STM29W320DB/flash_stm29w320db.h(29): error:  #101: "uint32_t" has already been declared in the current scope
.\Code\Flash_STM29W320DB/flash_stm29w320db.h(29): error:  #65: expected a ";"
.\Code\Flash_STM29W320DB/flash_stm29w320db.h(33): error:  #757: variable "uint32_t" is not a type name
Code\main.c(99): error:  #65: expected a ";"
Code\main.c(102): error:  #20: identifier "i" is undefined
Code\main.c(104): error:  #165: too few arguments in function call
Code\main.c(104): error:  #18: expected a ")"
Code\main.c(129): error:  #65: expected a ";"
Code\main.c(130): error:  #268: declaration may not appear after executable statement in block
Code\main.c(131): error:  #20: identifier "manufacturerID" is undefined
Code\main.c(132): error:  #20: identifier "deviceID" is undefined
Code\main.c(171): warning:  #111-D: statement is unreachable
compiling flash_stm29w320db.c...
Code\Flash_STM29W320DB\flash_stm29w320db.h(29): error:  #20: identifier "inline" is undefined
Code\Flash_STM29W320DB\flash_stm29w320db.h(29): error:  #101: "uint32_t" has already been declared in the current scope
Code\Flash_STM29W320DB\flash_stm29w320db.h(29): error:  #65: expected a ";"
Code\Flash_STM29W320DB\flash_stm29w320db.h(33): error:  #757: variable "uint32_t" is not a type name
Code\Flash_STM29W320DB\flash_stm29w320db.c(112): error:  #757: variable "uint32_t" is not a type name
Code\Flash_STM29W320DB\flash_stm29w320db.c(175): error:  #757: variable "uint32_t" is not a type name
Target not created
Build target 'Target 1'
compiling main.c...
Code\main.c(171): warning:  #111-D: statement is unreachable
compiling flash_stm29w320db.c...
linking...
Program Size: Code=3920 RO-data=92 RW-data=176 ZI-data=14888  
FromELF: creating hex file...
"memorytest.axf" - 0 Error(s), 1 Warning(s).
Build target 'Target 1'
compiling flash_stm29w320db.c...
Code\Flash_STM29W320DB\flash_stm29w320db.c(190): warning:  #940-D: missing return statement at end of non-void function "FLASH_ST_GetBlockNumber"
linking...
Program Size: Code=3964 RO-data=92 RW-data=176 ZI-data=14888  
FromELF: creating hex file...
"memorytest.axf" - 0 Error(s), 1 Warning(s).
Build target 'Target 1'
compiling main.c...
Code\main.c(171): warning:  #111-D: statement is unreachable
compiling flash_stm29w320db.c...
linking...
Program Size: Code=3976 RO-data=92 RW-data=176 ZI-data=14888  
FromELF: creating hex file...
"memorytest.axf" - 0 Error(s), 1 Warning(s).
Build target 'Target 1'
compiling main.c...
Code\main.c(171): warning:  #111-D: statement is unreachable
compiling flash_stm29w320db.c...
linking...
Program Size: Code=3976 RO-data=92 RW-data=176 ZI-data=14888  
FromELF: creating hex file...
"memorytest.axf" - 0 Error(s), 1 Warning(s).
Load "D:\\work\\coretx_motherboard\\TestMemory\\memorytest.AXF" 
Erase Done.
Programming Done.
Verify OK.
Application running ...
Build target 'Target 1'
compiling main.c...
Code\main.c(171): warning:  #111-D: statement is unreachable
compiling flash_stm29w320db.c...
linking...
Program Size: Code=3976 RO-data=92 RW-data=208 ZI-data=14888  
FromELF: creating hex file...
"memorytest.axf" - 0 Error(s), 1 Warning(s).
