Component: ARM Compiler 5.06 update 6 (build 750) Tool: armlink [4d35ed]

==============================================================================

Section Cross References

    startup.o(STACK) refers (Special) to heapauxi.o(.text) for __use_two_region_memory
    startup.o(HEAP) refers (Special) to heapauxi.o(.text) for __use_two_region_memory
    startup.o(RESET) refers (Special) to heapauxi.o(.text) for __use_two_region_memory
    startup.o(RESET) refers to isr_manager.o(i.TIMER_irq) for TIMER_irq
    startup.o(RESET) refers to startup.o(STACK) for Stack_Top
    startup.o(RESET) refers to __main.o(!!!main) for __main
    startup.o(.text) refers (Special) to heapauxi.o(.text) for __use_two_region_memory
    startup.o(.text) refers to startup.o(HEAP) for Heap_Mem
    startup.o(.text) refers to startup.o(STACK) for Stack_Mem
    main.o(i.main) refers to noretval__2printf.o(.text) for __2printf
    main.o(i.main) refers to timer_software.o(i.TIMER_SOFTWARE_init) for TIMER_SOFTWARE_init
    main.o(i.main) refers to timer.o(i.TIMER_Init) for TIMER_Init
    main.o(i.main) refers to uart0.o(i.UART0_Init) for UART0_Init
    main.o(i.main) refers to isr_manager.o(i.InitInterrupt) for InitInterrupt
    main.o(i.main) refers to uart1.o(i.UART1_Init) for UART1_Init
    main.o(i.main) refers to uart1.o(i.UART1_sendbuffer) for UART1_sendbuffer
    main.o(i.main) refers to timer_software.o(i.TIMER_SOFTWARE_start_timer) for TIMER_SOFTWARE_start_timer
    main.o(i.setCompleteMetadataFlag) refers to tm_reader.o(i.TMR_paramSet) for TMR_paramSet
    main.o(i.setCompleteMetadataFlag) refers to main.o(.bss) for reader
    main.o(i.setReadPlan_Simple) refers to tm_reader.o(i.TMR_RP_init_simple) for TMR_RP_init_simple
    main.o(i.setReadPlan_Simple) refers to tm_reader.o(i.TMR_paramSet) for TMR_paramSet
    main.o(i.setReadPlan_Simple) refers to main.o(.bss) for reader
    main.o(i.setRegion_NA2) refers to tm_reader.o(i.TMR_paramSet) for TMR_paramSet
    main.o(i.setRegion_NA2) refers to main.o(.bss) for reader
    retarget.o(i._sys_exit) refers (Special) to use_no_semi.o(.text) for __use_no_semihosting_swi
    retarget.o(i._ttywrch) refers (Special) to use_no_semi.o(.text) for __use_no_semihosting_swi
    retarget.o(i._ttywrch) refers to uart0.o(i.UART0_sendchar) for UART0_sendchar
    retarget.o(i.ferror) refers (Special) to use_no_semi.o(.text) for __use_no_semihosting_swi
    retarget.o(i.fputc) refers (Special) to use_no_semi.o(.text) for __use_no_semihosting_swi
    retarget.o(i.fputc) refers to uart0.o(i.UART0_sendchar) for UART0_sendchar
    retarget.o(.data) refers (Special) to use_no_semi.o(.text) for __use_no_semihosting_swi
    ringbuf.o(i.RingBufAdvanceRead) refers to ringbuf.o(i.RingBufUsed) for RingBufUsed
    ringbuf.o(i.RingBufAdvanceRead) refers to ringbuf.o(i.UpdateIndexAtomic) for UpdateIndexAtomic
    ringbuf.o(i.RingBufAdvanceWrite) refers to ringbuf.o(i.RingBufFree) for RingBufFree
    ringbuf.o(i.RingBufFree) refers to ringbuf.o(i.RingBufUsed) for RingBufUsed
    ringbuf.o(i.RingBufFull) refers to aeabi_sdiv.o(.text_udiv) for __aeabi_uidivmod
    ringbuf.o(i.RingBufRead) refers to ringbuf.o(i.RingBufReadOne) for RingBufReadOne
    ringbuf.o(i.RingBufReadOne) refers to ringbuf.o(i.UpdateIndexAtomic) for UpdateIndexAtomic
    ringbuf.o(i.RingBufWrite) refers to ringbuf.o(i.RingBufWriteOne) for RingBufWriteOne
    ringbuf.o(i.RingBufWriteOne) refers to ringbuf.o(i.UpdateIndexAtomic) for UpdateIndexAtomic
    timer_software.o(i.TIMER_SOFTWARE_ModX) refers to timer_software.o(.bss) for timers
    timer_software.o(i.TIMER_SOFTWARE_Wait) refers to timer_software.o(i.TIMER_SOFTWARE_stop_timer) for TIMER_SOFTWARE_stop_timer
    timer_software.o(i.TIMER_SOFTWARE_Wait) refers to timer_software.o(i.TIMER_SOFTWARE_configure_timer) for TIMER_SOFTWARE_configure_timer
    timer_software.o(i.TIMER_SOFTWARE_Wait) refers to timer_software.o(i.TIMER_SOFTWARE_start_timer) for TIMER_SOFTWARE_start_timer
    timer_software.o(i.TIMER_SOFTWARE_Wait) refers to timer_software.o(.data) for wait_timer
    timer_software.o(i.TIMER_SOFTWARE_Wait) refers to timer_software.o(.bss) for timers
    timer_software.o(i.TIMER_SOFTWARE_clear_interrupt) refers to timer_software.o(.bss) for timers
    timer_software.o(i.TIMER_SOFTWARE_configure_timer) refers to timer_software.o(.bss) for timers
    timer_software.o(i.TIMER_SOFTWARE_disable_timer) refers to timer_software.o(.bss) for timers
    timer_software.o(i.TIMER_SOFTWARE_enable_timer) refers to timer_software.o(.bss) for timers
    timer_software.o(i.TIMER_SOFTWARE_init) refers to timer_software.o(i.TIMER_SOFTWARE_request_timer) for TIMER_SOFTWARE_request_timer
    timer_software.o(i.TIMER_SOFTWARE_init) refers to timer_software.o(.bss) for timers
    timer_software.o(i.TIMER_SOFTWARE_init) refers to timer_software.o(.data) for wait_timer
[...]
    Removing timer_software.o(i.TIMER_SOFTWARE_disable_timer), (92 bytes).
    Removing timer_software.o(i.TIMER_SOFTWARE_interrupt_pending), (36 bytes).
    Removing timer_software.o(i.TIMER_SOFTWARE_release_timer), (116 bytes).
    Removing timer_software.o(i.TIMER_SOFTWARE_reset_timer), (28 bytes).
    Removing timer_software.o(i.TIMER_SOFTWARE_set_callback), (80 bytes).
    Removing timer_software.o(i.TIMER_SOFTWARE_stop_timer), (100 bytes).
    Removing uart1.o(i.UART1_flush), (32 bytes).
    Removing uart1.o(i.UART1_receivebuffer), (188 bytes).
    Removing hex_bytes.o(i.TMR_bytesToHex), (68 bytes).
    Removing hex_bytes.o(i.TMR_hexDottedQuad), (88 bytes).
    Removing hex_bytes.o(i.TMR_hexDottedQuadToUint32), (128 bytes).
    Removing hex_bytes.o(i.TMR_hexToBytes), (256 bytes).
    Removing hex_bytes.o(.data), (17 bytes).
    Removing osdep_dummy.o(i.tmr_gettime), (12 bytes).
    Removing osdep_dummy.o(i.tmr_gettime_high), (8 bytes).
    Removing osdep_dummy.o(i.tmr_gettime_low), (8 bytes).
    Removing osdep_dummy.o(i.tmr_gettimestructure), (68 bytes).
    Removing osdep_dummy.o(i.tmr_sleep), (4 bytes).
    Removing serial_reader.o(i.TMR_SR_SerialReader_init), (396 bytes).
    Removing serial_reader.o(i.TMR_SR_addTagOp), (3568 bytes).
    Removing serial_reader.o(i.TMR_SR_boot), (224 bytes).
    Removing serial_reader.o(i.TMR_SR_cmdGetPerAntennaTime), (284 bytes).
    Removing serial_reader.o(i.TMR_SR_cmdProbeBaudRate), (516 bytes).
    Removing serial_reader.o(i.TMR_SR_cmdSetPerAntennaTime), (592 bytes).
    Removing serial_reader.o(i.TMR_SR_connect), (248 bytes).
    Removing serial_reader.o(i.TMR_SR_destroy), (52 bytes).
    Removing serial_reader.o(i.TMR_SR_executeTagOp), (2548 bytes).
    Removing serial_reader.o(i.TMR_SR_getConfigWord), (148 bytes).
    Removing serial_reader.o(i.TMR_SR_getNextTag), (672 bytes).
    Removing serial_reader.o(i.TMR_SR_getVersion), (260 bytes).
    Removing serial_reader.o(i.TMR_SR_gpiGet), (236 bytes).
    Removing serial_reader.o(i.TMR_SR_gpoSet), (88 bytes).
    Removing serial_reader.o(i.TMR_SR_hasMoreTags), (1032 bytes).
    Removing serial_reader.o(i.TMR_SR_killTag), (80 bytes).
    Removing serial_reader.o(i.TMR_SR_lockTag), (112 bytes).
    Removing serial_reader.o(i.TMR_SR_modifyFlash), (60 bytes).
    Removing serial_reader.o(i.TMR_SR_paramGet), (5884 bytes).
    Removing serial_reader.o(i.TMR_SR_paramSet), (4668 bytes).
    Removing serial_reader.o(i.TMR_SR_read), (152 bytes).
    Removing serial_reader.o(i.TMR_SR_readAfterWriteTagMemWords), (244 bytes).
    Removing serial_reader.o(i.TMR_SR_readTagMemBytes), (204 bytes).
    Removing serial_reader.o(i.TMR_SR_readTagMemBytesUnaligned), (208 bytes).
    Removing serial_reader.o(i.TMR_SR_readTagMemWords), (156 bytes).
    Removing serial_reader.o(i.TMR_SR_read_internal), (1400 bytes).
    Removing serial_reader.o(i.TMR_SR_reboot), (32 bytes).
    Removing serial_reader.o(i.TMR_SR_updateBaseTimeStamp), (200 bytes).
    Removing serial_reader.o(i.TMR_SR_writeTag), (80 bytes).
    Removing serial_reader.o(i.TMR_SR_writeTagMemBytes), (396 bytes).
    Removing serial_reader.o(i.TMR_SR_writeTagMemWords), (104 bytes).
    Removing serial_reader.o(i.TMR_stopStreaming), (244 bytes).
    Removing serial_reader.o(i.compareAntennas), (280 bytes).
    Removing serial_reader.o(i.fillStaticTxRxMapData), (136 bytes).
    Removing serial_reader.o(i.getHardwareInfo), (76 bytes).
    Removing serial_reader.o(i.getPortValues), (332 bytes).
    Removing serial_reader.o(i.getReadExtParams), (756 bytes).
    Removing serial_reader.o(i.getSerialNumber), (228 bytes).
    Removing serial_reader.o(i.getWriteExtParams), (1128 bytes).
    Removing serial_reader.o(i.initTxRxMapFromPorts), (108 bytes).
    Removing serial_reader.o(i.isTagTypeFilterAvail), (116 bytes).
    Removing serial_reader.o(i.prepEmbReadTagMultiple), (172 bytes).
    Removing serial_reader.o(i.prepForSearch), (300 bytes).
    Removing serial_reader.o(i.setAntennaList), (212 bytes).
    Removing serial_reader.o(i.setAntennaReadTimeHelper), (708 bytes).
    Removing serial_reader.o(i.setAntennaReadTimeList), (132 bytes).
    Removing serial_reader.o(i.setPortValues), (284 bytes).
    Removing serial_reader.o(i.setProtocol), (76 bytes).
    Removing serial_reader.o(i.updateTxRxMapData), (168 bytes).
    Removing serial_reader.o(i.validateParams), (376 bytes).
    Removing serial_reader.o(.constdata), (32 bytes).
    Removing serial_reader.o(.data), (21 bytes).
    Removing serial_reader_l3.o(i.TMR_SR_antennaDecoding), (328 bytes).
    Removing serial_reader_l3.o(i.TMR_SR_callSendCmd), (96 bytes).
    Removing serial_reader_l3.o(i.TMR_SR_cmdAntennaDetect), (304 bytes).
    Removing serial_reader_l3.o(i.TMR_SR_cmdAuthReqResponse), (780 bytes).
    Removing serial_reader_l3.o(i.TMR_SR_cmdBlockErase), (112 bytes).
    Removing serial_reader_l3.o(i.TMR_SR_cmdBlockPermaLock), (960 bytes).
    Removing serial_reader_l3.o(i.TMR_SR_cmdBlockWrite), (848 bytes).
    Removing serial_reader_l3.o(i.TMR_SR_cmdBootBootloader), (48 bytes).
    Removing serial_reader_l3.o(i.TMR_SR_cmdBootFirmware), (144 bytes).
    Removing serial_reader_l3.o(i.TMR_SR_cmdClearTagBuffer), (40 bytes).
    Removing serial_reader_l3.o(i.TMR_SR_cmdEM4325GetSensorData), (244 bytes).
    Removing serial_reader_l3.o(i.TMR_SR_cmdEM4325ResetAlarms), (148 bytes).
    Removing serial_reader_l3.o(i.TMR_SR_cmdEraseFlash), (312 bytes).
    Removing serial_reader_l3.o(i.TMR_SR_cmdFDNAuth), (252 bytes).
    Removing serial_reader_l3.o(i.TMR_SR_cmdFDNLoadREG), (244 bytes).
    Removing serial_reader_l3.o(i.TMR_SR_cmdFDNMeasure), (252 bytes).
    Removing serial_reader_l3.o(i.TMR_SR_cmdFDNReadMEM), (252 bytes).
    Removing serial_reader_l3.o(i.TMR_SR_cmdFDNReadREG), (244 bytes).
    Removing serial_reader_l3.o(i.TMR_SR_cmdFDNStartStopLOG), (252 bytes).
    Removing serial_reader_l3.o(i.TMR_SR_cmdFDNStateCheck), (252 bytes).
    Removing serial_reader_l3.o(i.TMR_SR_cmdFDNWriteMEM), (260 bytes).
    Removing serial_reader_l3.o(i.TMR_SR_cmdFDNWriteREG), (252 bytes).
    Removing serial_reader_l3.o(i.TMR_SR_cmdFrameHeader), (296 bytes).
    Removing serial_reader_l3.o(i.TMR_SR_cmdGEN2LockTag), (204 bytes).
    Removing serial_reader_l3.o(i.TMR_SR_cmdGEN2ReadAfterWriteTagData), (672 bytes).
    Removing serial_reader_l3.o(i.TMR_SR_cmdGEN2ReadTagData), (660 bytes).
    Removing serial_reader_l3.o(i.TMR_SR_cmdGEN2WriteTagData), (424 bytes).
    Removing serial_reader_l3.o(i.TMR_SR_cmdGen2v2NXPAuthenticate), (324 bytes).
    Removing serial_reader_l3.o(i.TMR_SR_cmdGen2v2NXPReadBuffer), (324 bytes).
    Removing serial_reader_l3.o(i.TMR_SR_cmdGen2v2NXPUntraceable), (172 bytes).
    Removing serial_reader_l3.o(i.TMR_SR_cmdGetAntennaPortPowersAndSettlingTime), (576 bytes).
    Removing serial_reader_l3.o(i.TMR_SR_cmdGetAntennaReturnLoss), (312 bytes).
    Removing serial_reader_l3.o(i.TMR_SR_cmdGetAvailableProtocols), (248 bytes).
    Removing serial_reader_l3.o(i.TMR_SR_cmdGetAvailableRegions), (168 bytes).
    Removing serial_reader_l3.o(i.TMR_SR_cmdGetCurrentProgram), (60 bytes).
    Removing serial_reader_l3.o(i.TMR_SR_cmdGetCurrentProtocol), (84 bytes).
    Removing serial_reader_l3.o(i.TMR_SR_cmdGetFrequencyHopTable), (200 bytes).
    Removing serial_reader_l3.o(i.TMR_SR_cmdGetFrequencyHopTableOption), (216 bytes).
    Removing serial_reader_l3.o(i.TMR_SR_cmdGetFrequencyHopTime), (36 bytes).
    Removing serial_reader_l3.o(i.TMR_SR_cmdGetGPIO), (400 bytes).
    Removing serial_reader_l3.o(i.TMR_SR_cmdGetGPIODirection), (208 bytes).
    Removing serial_reader_l3.o(i.TMR_SR_cmdGetHardwareVersion), (300 bytes).
    Removing serial_reader_l3.o(i.TMR_SR_cmdGetMinimumFrequency), (36 bytes).
    Removing serial_reader_l3.o(i.TMR_SR_cmdGetPowerMode), (76 bytes).
    Removing serial_reader_l3.o(i.TMR_SR_cmdGetProtocolConfiguration), (1812 bytes).
    Removing serial_reader_l3.o(i.TMR_SR_cmdGetProtocolList), (308 bytes).
    Removing serial_reader_l3.o(i.TMR_SR_cmdGetQuantizationStep), (36 bytes).
    Removing serial_reader_l3.o(i.TMR_SR_cmdGetReadTxPower), (36 bytes).
    Removing serial_reader_l3.o(i.TMR_SR_cmdGetReadTxPowerWithLimits), (236 bytes).
    Removing serial_reader_l3.o(i.TMR_SR_cmdGetReadWriteTxPower), (192 bytes).
    Removing serial_reader_l3.o(i.TMR_SR_cmdGetReaderConfiguration), (584 bytes).
    Removing serial_reader_l3.o(i.TMR_SR_cmdGetReaderStatistics), (684 bytes).
    Removing serial_reader_l3.o(i.TMR_SR_cmdGetReaderStats), (792 bytes).
    Removing serial_reader_l3.o(i.TMR_SR_cmdGetReaderWriteTimeOut), (280 bytes).
    Removing serial_reader_l3.o(i.TMR_SR_cmdGetRegion), (76 bytes).
    Removing serial_reader_l3.o(i.TMR_SR_cmdGetRegionConfiguration), (412 bytes).
    Removing serial_reader_l3.o(i.TMR_SR_cmdGetTagsRemaining), (100 bytes).
    Removing serial_reader_l3.o(i.TMR_SR_cmdGetTemperature), (84 bytes).
    Removing serial_reader_l3.o(i.TMR_SR_cmdGetUserMode), (76 bytes).
    Removing serial_reader_l3.o(i.TMR_SR_cmdGetUserProfile), (276 bytes).
    Removing serial_reader_l3.o(i.TMR_SR_cmdGetWriteTxPower), (36 bytes).
    Removing serial_reader_l3.o(i.TMR_SR_cmdHiggs2FullLoadImage), (128 bytes).
    Removing serial_reader_l3.o(i.TMR_SR_cmdHiggs2PartialLoadImage), (132 bytes).
    Removing serial_reader_l3.o(i.TMR_SR_cmdHiggs3BlockReadLock), (120 bytes).
    Removing serial_reader_l3.o(i.TMR_SR_cmdHiggs3FastLoadImage), (128 bytes).
    Removing serial_reader_l3.o(i.TMR_SR_cmdHiggs3LoadImage), (128 bytes).
    Removing serial_reader_l3.o(i.TMR_SR_cmdIAVDenatranCustomActivateSiniavMode), (284 bytes).
    Removing serial_reader_l3.o(i.TMR_SR_cmdIAVDenatranCustomGetTokenId), (268 bytes).
    Removing serial_reader_l3.o(i.TMR_SR_cmdIAVDenatranCustomOp), (268 bytes).
    Removing serial_reader_l3.o(i.TMR_SR_cmdIAVDenatranCustomReadFromMemMap), (276 bytes).
    Removing serial_reader_l3.o(i.TMR_SR_cmdIAVDenatranCustomReadSec), (276 bytes).
    Removing serial_reader_l3.o(i.TMR_SR_cmdIAVDenatranCustomWriteSec), (284 bytes).
    Removing serial_reader_l3.o(i.TMR_SR_cmdIAVDenatranCustomWriteToMemMap), (304 bytes).
    Removing serial_reader_l3.o(i.TMR_SR_cmdILIANTagSelect), (144 bytes).
    Removing serial_reader_l3.o(i.TMR_SR_cmdKillTag), (192 bytes).
    Removing serial_reader_l3.o(i.TMR_SR_cmdModifyFlashSector), (488 bytes).
    Removing serial_reader_l3.o(i.TMR_SR_cmdMonza4QTReadWrite), (228 bytes).
    Removing serial_reader_l3.o(i.TMR_SR_cmdMonza6MarginRead), (140 bytes).
    Removing serial_reader_l3.o(i.TMR_SR_cmdMultipleProtocolSearch), (420 bytes).
    Removing serial_reader_l3.o(i.TMR_SR_cmdNxpCalibrate), (248 bytes).
    Removing serial_reader_l3.o(i.TMR_SR_cmdNxpChangeConfig), (276 bytes).
    Removing serial_reader_l3.o(i.TMR_SR_cmdNxpChangeEas), (124 bytes).
    Removing serial_reader_l3.o(i.TMR_SR_cmdNxpEasAlarm), (232 bytes).
    Removing serial_reader_l3.o(i.TMR_SR_cmdNxpResetReadProtect), (120 bytes).
    Removing serial_reader_l3.o(i.TMR_SR_cmdNxpSetReadProtect), (120 bytes).
    Removing serial_reader_l3.o(i.TMR_SR_cmdNxpUcode7ChangeConfig), (228 bytes).
    Removing serial_reader_l3.o(i.TMR_SR_cmdPassThrough), (536 bytes).
    Removing serial_reader_l3.o(i.TMR_SR_cmdReadAfterWriteGen2TagEpc), (960 bytes).
    Removing serial_reader_l3.o(i.TMR_SR_cmdReadMemory), (660 bytes).
    Removing serial_reader_l3.o(i.TMR_SR_cmdReadTagMultiple), (396 bytes).
    Removing serial_reader_l3.o(i.TMR_SR_cmdResetReaderStatistics), (248 bytes).
    Removing serial_reader_l3.o(i.TMR_SR_cmdResetReaderStats), (360 bytes).
    Removing serial_reader_l3.o(i.TMR_SR_cmdSL900aAccessFifoRead), (268 bytes).
    Removing serial_reader_l3.o(i.TMR_SR_cmdSL900aAccessFifoStatus), (260 bytes).
    Removing serial_reader_l3.o(i.TMR_SR_cmdSL900aAccessFifoWrite), (268 bytes).
    Removing serial_reader_l3.o(i.TMR_SR_cmdSL900aEndLog), (124 bytes).
    Removing serial_reader_l3.o(i.TMR_SR_cmdSL900aGetBatteryLevel), (260 bytes).
    Removing serial_reader_l3.o(i.TMR_SR_cmdSL900aGetCalibrationData), (252 bytes).
    Removing serial_reader_l3.o(i.TMR_SR_cmdSL900aGetLogState), (252 bytes).
    Removing serial_reader_l3.o(i.TMR_SR_cmdSL900aGetMeasurementSetup), (252 bytes).
    Removing serial_reader_l3.o(i.TMR_SR_cmdSL900aGetSensorValue), (260 bytes).
    Removing serial_reader_l3.o(i.TMR_SR_cmdSL900aInitialize), (128 bytes).
    Removing serial_reader_l3.o(i.TMR_SR_cmdSL900aSetCalibrationData), (144 bytes).
    Removing serial_reader_l3.o(i.TMR_SR_cmdSL900aSetLogLimit), (144 bytes).
    Removing serial_reader_l3.o(i.TMR_SR_cmdSL900aSetLogMode), (168 bytes).
    Removing serial_reader_l3.o(i.TMR_SR_cmdSL900aSetPassword), (128 bytes).
    Removing serial_reader_l3.o(i.TMR_SR_cmdSL900aSetSfeParameters), (120 bytes).
    Removing serial_reader_l3.o(i.TMR_SR_cmdSL900aSetShelfLife), (128 bytes).
    Removing serial_reader_l3.o(i.TMR_SR_cmdSL900aStartLog), (120 bytes).
    Removing serial_reader_l3.o(i.TMR_SR_cmdSetAntennaPortPowersAndSettlingTime), (584 bytes).
    Removing serial_reader_l3.o(i.TMR_SR_cmdSetAntennaSearchList), (332 bytes).
    Removing serial_reader_l3.o(i.TMR_SR_cmdSetBaudRate), (224 bytes).
    Removing serial_reader_l3.o(i.TMR_SR_cmdSetFrequencyHopTable), (272 bytes).
    Removing serial_reader_l3.o(i.TMR_SR_cmdSetFrequencyHopTableOption), (296 bytes).
    Removing serial_reader_l3.o(i.TMR_SR_cmdSetGPIO), (212 bytes).
    Removing serial_reader_l3.o(i.TMR_SR_cmdSetGPIODirection), (324 bytes).
    Removing serial_reader_l3.o(i.TMR_SR_cmdSetMinimumFrequency), (36 bytes).
    Removing serial_reader_l3.o(i.TMR_SR_cmdSetMode), (156 bytes).
    Removing serial_reader_l3.o(i.TMR_SR_cmdSetPowerMode), (36 bytes).
    Removing serial_reader_l3.o(i.TMR_SR_cmdSetProtocol), (180 bytes).
    Removing serial_reader_l3.o(i.TMR_SR_cmdSetProtocolConfiguration), (2668 bytes).
    Removing serial_reader_l3.o(i.TMR_SR_cmdSetProtocolLicenseKey), (308 bytes).
    Removing serial_reader_l3.o(i.TMR_SR_cmdSetProtocolList), (324 bytes).
    Removing serial_reader_l3.o(i.TMR_SR_cmdSetReadTxPower), (36 bytes).
    Removing serial_reader_l3.o(i.TMR_SR_cmdSetReadWriteTxPower), (196 bytes).
    Removing serial_reader_l3.o(i.TMR_SR_cmdSetReaderConfiguration), (772 bytes).
    Removing serial_reader_l3.o(i.TMR_SR_cmdSetReaderWriteTimeOut), (352 bytes).
    Removing serial_reader_l3.o(i.TMR_SR_cmdSetRegion), (836 bytes).
    Removing serial_reader_l3.o(i.TMR_SR_cmdSetRegionDwellTime), (356 bytes).
    Removing serial_reader_l3.o(i.TMR_SR_cmdSetRegionDwellTimeEnable), (44 bytes).
    Removing serial_reader_l3.o(i.TMR_SR_cmdSetRegionDwellTimeLbtEnable), (300 bytes).
    Removing serial_reader_l3.o(i.TMR_SR_cmdSetRegionLbt), (44 bytes).
    Removing serial_reader_l3.o(i.TMR_SR_cmdSetRegionLbtThreshold), (324 bytes).
    Removing serial_reader_l3.o(i.TMR_SR_cmdSetTxRxPorts), (224 bytes).
    Removing serial_reader_l3.o(i.TMR_SR_cmdSetUserMode), (36 bytes).
    Removing serial_reader_l3.o(i.TMR_SR_cmdSetUserProfile), (1200 bytes).
    Removing serial_reader_l3.o(i.TMR_SR_cmdSetWriteTxPower), (36 bytes).
    Removing serial_reader_l3.o(i.TMR_SR_cmdStopReading), (268 bytes).
    Removing serial_reader_l3.o(i.TMR_SR_cmdTestSendCw), (216 bytes).
    Removing serial_reader_l3.o(i.TMR_SR_cmdTestSendPrbs), (232 bytes).
    Removing serial_reader_l3.o(i.TMR_SR_cmdTestSetFrequency), (224 bytes).
    Removing serial_reader_l3.o(i.TMR_SR_cmdVersion), (160 bytes).
    Removing serial_reader_l3.o(i.TMR_SR_cmdWriteFlashSector), (496 bytes).
    Removing serial_reader_l3.o(i.TMR_SR_cmdWriteGen2TagEpc), (524 bytes).
    Removing serial_reader_l3.o(i.TMR_SR_cmdWriteMemory), (500 bytes).
    Removing serial_reader_l3.o(i.TMR_SR_cmdrebootReader), (72 bytes).
    Removing serial_reader_l3.o(i.TMR_SR_executeEmbeddedRead), (1108 bytes).
    Removing serial_reader_l3.o(i.TMR_SR_msgAddAccessPassword), (148 bytes).
    Removing serial_reader_l3.o(i.TMR_SR_msgAddEM4325GetSensorData), (560 bytes).
    Removing serial_reader_l3.o(i.TMR_SR_msgAddEM4325ResetAlarms), (560 bytes).
    Removing serial_reader_l3.o(i.TMR_SR_msgAddExtendedParams), (212 bytes).
    Removing serial_reader_l3.o(i.TMR_SR_msgAddFDNAuth), (684 bytes).
    Removing serial_reader_l3.o(i.TMR_SR_msgAddFDNLoadREG), (560 bytes).
    Removing serial_reader_l3.o(i.TMR_SR_msgAddFDNMeasure), (612 bytes).
    Removing serial_reader_l3.o(i.TMR_SR_msgAddFDNReadMEM), (668 bytes).
    Removing serial_reader_l3.o(i.TMR_SR_msgAddFDNReadREG), (588 bytes).
    Removing serial_reader_l3.o(i.TMR_SR_msgAddFDNStartStopLOG), (684 bytes).
    Removing serial_reader_l3.o(i.TMR_SR_msgAddFDNStateCheck), (576 bytes).
    Removing serial_reader_l3.o(i.TMR_SR_msgAddFDNWriteMEM), (708 bytes).
    Removing serial_reader_l3.o(i.TMR_SR_msgAddFDNWriteREG), (668 bytes).
    Removing serial_reader_l3.o(i.TMR_SR_msgAddGEN2BlockErase), (464 bytes).
    Removing serial_reader_l3.o(i.TMR_SR_msgAddGEN2BlockPermaLock), (804 bytes).
    Removing serial_reader_l3.o(i.TMR_SR_msgAddGEN2BlockWrite), (856 bytes).
    Removing serial_reader_l3.o(i.TMR_SR_msgAddGEN2DataRead), (412 bytes).
    Removing serial_reader_l3.o(i.TMR_SR_msgAddGEN2DataWrite), (492 bytes).
    Removing serial_reader_l3.o(i.TMR_SR_msgAddGEN2KillTag), (284 bytes).
    Removing serial_reader_l3.o(i.TMR_SR_msgAddGEN2LockTag), (392 bytes).
    Removing serial_reader_l3.o(i.TMR_SR_msgAddGEN2WriteTagEPC), (268 bytes).
    Removing serial_reader_l3.o(i.TMR_SR_msgAddGen2v2NxpAuthenticate), (928 bytes).
    Removing serial_reader_l3.o(i.TMR_SR_msgAddGen2v2NxpReadBuffer), (1088 bytes).
    Removing serial_reader_l3.o(i.TMR_SR_msgAddGen2v2NxpUntraceable), (984 bytes).
    Removing serial_reader_l3.o(i.TMR_SR_msgAddHiggs2FullLoadImage), (788 bytes).
    Removing serial_reader_l3.o(i.TMR_SR_msgAddHiggs2PartialLoadImage), (636 bytes).
    Removing serial_reader_l3.o(i.TMR_SR_msgAddHiggs3BlockReadLock), (712 bytes).
    Removing serial_reader_l3.o(i.TMR_SR_msgAddHiggs3FastLoadImage), (1020 bytes).
    Removing serial_reader_l3.o(i.TMR_SR_msgAddHiggs3LoadImage), (1020 bytes).
    Removing serial_reader_l3.o(i.TMR_SR_msgAddIAVDenatranCustomActivateSiniavMode), (180 bytes).
    Removing serial_reader_l3.o(i.TMR_SR_msgAddIAVDenatranCustomGetTokenId), (536 bytes).
    Removing serial_reader_l3.o(i.TMR_SR_msgAddIAVDenatranCustomOp), (584 bytes).
    Removing serial_reader_l3.o(i.TMR_SR_msgAddIAVDenatranCustomReadFromMemMap), (156 bytes).
    Removing serial_reader_l3.o(i.TMR_SR_msgAddIAVDenatranCustomReadSec), (156 bytes).
    Removing serial_reader_l3.o(i.TMR_SR_msgAddIAVDenatranCustomWriteSec), (248 bytes).
    Removing serial_reader_l3.o(i.TMR_SR_msgAddIAVDenatranCustomWriteToMemMap), (408 bytes).
    Removing serial_reader_l3.o(i.TMR_SR_msgAddILIANTagSelect), (512 bytes).
    Removing serial_reader_l3.o(i.TMR_SR_msgAddIdsSL900aAccessFifoRead), (768 bytes).
    Removing serial_reader_l3.o(i.TMR_SR_msgAddIdsSL900aAccessFifoStatus), (760 bytes).
    Removing serial_reader_l3.o(i.TMR_SR_msgAddIdsSL900aAccessFifoWrite), (808 bytes).
    Removing serial_reader_l3.o(i.TMR_SR_msgAddIdsSL900aEndLog), (708 bytes).
    Removing serial_reader_l3.o(i.TMR_SR_msgAddIdsSL900aGetBatteryLevel), (760 bytes).
    Removing serial_reader_l3.o(i.TMR_SR_msgAddIdsSL900aGetCalibrationData), (708 bytes).
    Removing serial_reader_l3.o(i.TMR_SR_msgAddIdsSL900aGetLogState), (708 bytes).
    Removing serial_reader_l3.o(i.TMR_SR_msgAddIdsSL900aGetMeasurementSetup), (708 bytes).
    Removing serial_reader_l3.o(i.TMR_SR_msgAddIdsSL900aGetSensorValue), (760 bytes).
    Removing serial_reader_l3.o(i.TMR_SR_msgAddIdsSL900aInitialize), (872 bytes).
    Removing serial_reader_l3.o(i.TMR_SR_msgAddIdsSL900aSetCalibrationData), (828 bytes).
    Removing serial_reader_l3.o(i.TMR_SR_msgAddIdsSL900aSetLogLimit), (1080 bytes).
    Removing serial_reader_l3.o(i.TMR_SR_msgAddIdsSL900aSetLogMode), (928 bytes).
    Removing serial_reader_l3.o(i.TMR_SR_msgAddIdsSL900aSetPassword), (884 bytes).
    Removing serial_reader_l3.o(i.TMR_SR_msgAddIdsSL900aSetSfeParameters), (788 bytes).
    Removing serial_reader_l3.o(i.TMR_SR_msgAddIdsSL900aSetShelfLife), (960 bytes).
    Removing serial_reader_l3.o(i.TMR_SR_msgAddIdsSL900aStartLog), (832 bytes).
    Removing serial_reader_l3.o(i.TMR_SR_msgAddMonza4QTReadWrite), (660 bytes).
    Removing serial_reader_l3.o(i.TMR_SR_msgAddMonza6MarginRead), (816 bytes).
    Removing serial_reader_l3.o(i.TMR_SR_msgAddNXPCalibrate), (660 bytes).
    Removing serial_reader_l3.o(i.TMR_SR_msgAddNXPChangeConfig), (660 bytes).
    Removing serial_reader_l3.o(i.TMR_SR_msgAddNXPChangeEAS), (772 bytes).
    Removing serial_reader_l3.o(i.TMR_SR_msgAddNXPEASAlarm), (592 bytes).
    Removing serial_reader_l3.o(i.TMR_SR_msgAddNXPResetReadProtect), (660 bytes).
    Removing serial_reader_l3.o(i.TMR_SR_msgAddNXPSetReadProtect), (660 bytes).
    Removing serial_reader_l3.o(i.TMR_SR_msgAddNXPUCODE7ChangeConfig), (608 bytes).
    Removing serial_reader_l3.o(i.TMR_SR_msgAddReadMemory), (576 bytes).
    Removing serial_reader_l3.o(i.TMR_SR_msgAddWriteMemory), (440 bytes).
    Removing serial_reader_l3.o(i.TMR_SR_msgSetupMultipleProtocolSearch), (1664 bytes).
    Removing serial_reader_l3.o(i.TMR_SR_msgSetupReadTagMultiple), (80 bytes).
    Removing serial_reader_l3.o(i.TMR_SR_msgSetupReadTagMultipleWithMetadata), (1508 bytes).
    Removing serial_reader_l3.o(i.TMR_SR_parseMetadataFromMessage), (556 bytes).
    Removing serial_reader_l3.o(i.TMR_SR_parseMetadataOnly), (1200 bytes).
    Removing serial_reader_l3.o(i.TMR_SR_postprocessReaderSpecificMetadata), (416 bytes).
    Removing serial_reader_l3.o(i.TMR_SR_receiveAutonomousReading), (748 bytes).
    Removing serial_reader_l3.o(i.TMR_SR_receiveMessage), (1156 bytes).
    Removing serial_reader_l3.o(i.TMR_SR_regionConfiguration), (128 bytes).
    Removing serial_reader_l3.o(i.TMR_SR_send), (36 bytes).
    Removing serial_reader_l3.o(i.TMR_SR_sendBytes), (104 bytes).
    Removing serial_reader_l3.o(i.TMR_SR_sendCmd), (44 bytes).
    Removing serial_reader_l3.o(i.TMR_SR_sendMessage), (384 bytes).
    Removing serial_reader_l3.o(i.TMR_SR_sendTimeout), (292 bytes).
    Removing serial_reader_l3.o(i.TMR_fillReaderStats), (1148 bytes).
    Removing serial_reader_l3.o(i.TMR_flush), (184 bytes).
    Removing serial_reader_l3.o(i.TMR_iso18000BBLFValToInt), (76 bytes).
    Removing serial_reader_l3.o(i.TMR_parseTagStats), (520 bytes).
    Removing serial_reader_l3.o(i.extractGen2MemoryBankValues), (288 bytes).
    Removing serial_reader_l3.o(i.fillVersionInfo), (268 bytes).
    Removing serial_reader_l3.o(i.filterbytes), (2196 bytes).
    Removing serial_reader_l3.o(i.getCmdBitCount), (52 bytes).
    Removing serial_reader_l3.o(i.getCmdProfileOffset), (68 bytes).
    Removing serial_reader_l3.o(i.getCmdProtModeBlockCount), (56 bytes).
    Removing serial_reader_l3.o(i.getCmdWordPointer), (52 bytes).
    Removing serial_reader_l3.o(i.parseEBVdata), (124 bytes).
    Removing serial_reader_l3.o(i.tm_crc), (124 bytes).
    Removing serial_reader_l3.o(.data), (60 bytes).
    Removing serial_transport_dummy.o(i.TMR_SR_SerialTransportDummyInit), (88 bytes).
    Removing serial_transport_dummy.o(i.TMR_SR_SerialTransportNativeInit), (44 bytes).
    Removing serial_transport_dummy.o(i.s_flush), (44 bytes).
    Removing serial_transport_dummy.o(i.s_open), (24 bytes).
    Removing serial_transport_dummy.o(i.s_receiveBytes), (76 bytes).
    Removing serial_transport_dummy.o(i.s_sendBytes), (68 bytes).
    Removing serial_transport_dummy.o(i.s_setBaudRate), (12 bytes).
    Removing serial_transport_dummy.o(i.s_shutdown), (12 bytes).
    Removing tm_reader.o(i.TMR_GEN2_init_BapParams), (20 bytes).
    Removing tm_reader.o(i.TMR_GPITR_init_enable), (16 bytes).
    Removing tm_reader.o(i.TMR_RP_init_multi), (44 bytes).
    Removing tm_reader.o(i.TMR_RP_init_simple), (92 bytes).
    Removing tm_reader.o(i.TMR_RP_set_enableAutonomousRead), (16 bytes).
    Removing tm_reader.o(i.TMR_RP_set_enableTriggerRead), (60 bytes).
    Removing tm_reader.o(i.TMR_RP_set_filter), (40 bytes).
    Removing tm_reader.o(i.TMR_RP_set_stopTrigger), (48 bytes).
    Removing tm_reader.o(i.TMR_RP_set_tagop), (40 bytes).
    Removing tm_reader.o(i.TMR_RP_set_useFastSearch), (40 bytes).
    Removing tm_reader.o(i.TMR_SR_convertFromEBV), (760 bytes).
    Removing tm_reader.o(i.TMR_SR_convertToEBV), (832 bytes).
    Removing tm_reader.o(i.TMR_STATS_copy), (64 bytes).
    Removing tm_reader.o(i.TMR_STATS_init), (72 bytes).
    Removing tm_reader.o(i.TMR_TA_init_gen2), (20 bytes).
    Removing tm_reader.o(i.TMR_TA_init_gen2_Denatran_IAV_writeCredentials), (184 bytes).
    Removing tm_reader.o(i.TMR_TA_init_gen2_Denatran_IAV_writeSecCredentials), (184 bytes).
    Removing tm_reader.o(i.TMR_TF_init_gen2_select), (68 bytes).
    Removing tm_reader.o(i.TMR_TF_init_tag), (48 bytes).
    Removing tm_reader.o(i.TMR_TF_init_tagtype_select), (28 bytes).
    Removing tm_reader.o(i.TMR_TF_init_uid_select), (68 bytes).
    Removing tm_reader.o(i.TMR_TF_match), (260 bytes).
    Removing tm_reader.o(i.TMR_TLA_init_gen2), (24 bytes).
    Removing tm_reader.o(i.TMR_TRD_MEMBANK_init_data), (24 bytes).
    Removing tm_reader.o(i.TMR_TRD_init), (192 bytes).
    Removing tm_reader.o(i.TMR_TRD_init_data), (24 bytes).
    Removing tm_reader.o(i.TMR_TagOp_init_GEN2_BlockErase), (32 bytes).
    Removing tm_reader.o(i.TMR_TagOp_init_GEN2_BlockPermaLock), (68 bytes).
    Removing tm_reader.o(i.TMR_TagOp_init_GEN2_BlockWrite), (60 bytes).
    Removing tm_reader.o(i.TMR_TagOp_init_GEN2_EM4325_GetSensorData), (104 bytes).
    Removing tm_reader.o(i.TMR_TagOp_init_GEN2_EM4325_ResetAlarms), (48 bytes).
    Removing tm_reader.o(i.TMR_TagOp_init_GEN2_ILN_TagSelectCommand), (40 bytes).
    Removing tm_reader.o(i.TMR_TagOp_init_GEN2_Kill), (24 bytes).
    Removing tm_reader.o(i.TMR_TagOp_init_GEN2_Lock), (32 bytes).
    Removing tm_reader.o(i.TMR_TagOp_init_GEN2_ReadData), (32 bytes).
    Removing tm_reader.o(i.TMR_TagOp_init_GEN2_SecurePassWord), (48 bytes).
    Removing tm_reader.o(i.TMR_TagOp_init_GEN2_SecureReadData), (56 bytes).
    Removing tm_reader.o(i.TMR_TagOp_init_GEN2_WriteData), (48 bytes).
    Removing tm_reader.o(i.TMR_TagOp_init_GEN2_WriteTag), (20 bytes).
    Removing tm_reader.o(i.TMR_TagOp_init_GEN2_fdn_Auth), (56 bytes).
    Removing tm_reader.o(i.TMR_TagOp_init_GEN2_fdn_LoadREG), (44 bytes).
    Removing tm_reader.o(i.TMR_TagOp_init_GEN2_fdn_Measure), (56 bytes).
    Removing tm_reader.o(i.TMR_TagOp_init_GEN2_fdn_ReadMEM), (52 bytes).
    Removing tm_reader.o(i.TMR_TagOp_init_GEN2_fdn_ReadREG), (44 bytes).
    Removing tm_reader.o(i.TMR_TagOp_init_GEN2_fdn_StartStopLOG), (56 bytes).
    Removing tm_reader.o(i.TMR_TagOp_init_GEN2_fdn_StateCheck), (44 bytes).
    Removing tm_reader.o(i.TMR_TagOp_init_GEN2_fdn_WriteMEM), (56 bytes).
    Removing tm_reader.o(i.TMR_TagOp_init_GEN2_fdn_WriteREG), (56 bytes).
    Removing tm_reader.o(i.TMR_TagOp_init_ISO180006B_Lock), (24 bytes).
    Removing tm_reader.o(i.TMR_TagOp_init_ISO180006B_ReadData), (28 bytes).
    Removing tm_reader.o(i.TMR_TagOp_init_ISO180006B_WriteData), (44 bytes).
    Removing tm_reader.o(i.TMR_TagOp_init_PassThrough), (60 bytes).
    Removing tm_reader.o(i.TMR_TagOp_init_ReadMemory), (44 bytes).
    Removing tm_reader.o(i.TMR_TagOp_init_WriteMemory), (68 bytes).
    Removing tm_reader.o(i.TMR__notifyTransportListeners), (88 bytes).
    Removing tm_reader.o(i.TMR_addTransportListener), (24 bytes).
    Removing tm_reader.o(i.TMR_create), (464 bytes).
    Removing tm_reader.o(i.TMR_create_alloc), (72 bytes).
    Removing tm_reader.o(i.TMR_findDupTag), (260 bytes).
    Removing tm_reader.o(i.TMR_idleHandler), (28 bytes).
    Removing tm_reader.o(i.TMR_initSerialTransportTable), (300 bytes).
    Removing tm_reader.o(i.TMR_init_UserConfigOp), (24 bytes).
    Removing tm_reader.o(i.TMR_memoryProvider), (120 bytes).
    Removing tm_reader.o(i.TMR_paramGet), (176 bytes).
    Removing tm_reader.o(i.TMR_paramList), (180 bytes).
    Removing tm_reader.o(i.TMR_paramProbe), (192 bytes).
    Removing tm_reader.o(i.TMR_paramSet), (236 bytes).
    Removing tm_reader.o(i.TMR_readIntoArray), (880 bytes).
    Removing tm_reader.o(i.TMR_reader_init_internal), (240 bytes).
    Removing tm_reader.o(i.TMR_receiveAutonomousReading), (76 bytes).
    Removing tm_reader.o(i.TMR_removeTransportListener), (88 bytes).
    Removing tm_reader.o(i.TMR_setSerialTransport), (324 bytes).
    Removing tm_reader.o(i.TMR_set_accessPassword), (16 bytes).
    Removing tm_reader.o(i.TMR_updateDupTag), (96 bytes).
    Removing tm_reader.o(i.checkForAvailableFeatures), (132 bytes).
    Removing tm_reader.o(i.checkForAvailableReaderFeatures), (4 bytes).
    Removing tm_reader.o(i.getAddrByteExtEnabledVersion), (80 bytes).
    Removing tm_reader.o(i.validateReadPlan), (92 bytes).
    Removing tm_reader.o(i.versionCompare), (204 bytes).
    Removing tm_reader.o(.bss), (560 bytes).
    Removing tm_reader.o(.data), (12 bytes).
    Removing tm_reader_async.o(i.TMR_addReadExceptionListener), (44 bytes).
    Removing tm_reader_async.o(i.TMR_addReadListener), (44 bytes).
    Removing tm_reader_async.o(i.TMR_addStatsListener), (44 bytes).
    Removing tm_reader_async.o(i.TMR_isReadStopped), (12 bytes).
    Removing tm_reader_async.o(i.TMR_startReading), (100 bytes).
    Removing tm_reader_async.o(i.TMR_stopReading), (180 bytes).
    Removing tm_reader_async.o(i.notify_exception_listeners), (72 bytes).
    Removing tm_reader_async.o(i.notify_read_listeners), (72 bytes).
    Removing tm_reader_async.o(i.notify_stats_listeners), (80 bytes).
    Removing tm_reader_async.o(i.reset_continuous_reading), (44 bytes).
    Removing tm_reader_async.o(i.restart_reading), (180 bytes).
    Removing tm_reader_async.o(.data), (1 bytes).
    Removing tmr_utils.o(i.TMR_byteArrayToInt), (52 bytes).
    Removing tmr_utils.o(i.TMR_byteArrayToLong), (80 bytes).
    Removing tmr_utils.o(i.TMR_byteArrayToShort), (52 bytes).
    Removing tmr_utils.o(i.TMR_bytesToWords), (156 bytes).
    Removing tmr_utils.o(i.TMR_makeBitMask), (120 bytes).
    Removing tmr_utils.o(i.TMR_stringCopy), (88 bytes).
    Removing tmr_utils.o(i.TMR_wordsToBytes), (68 bytes).
    Removing tmr_utils.o(i.tm_gettime_consistent), (68 bytes).
    Removing tmr_utils.o(i.tm_memcpy), (52 bytes).
    Removing tmr_utils.o(i.tm_strcasecmp), (152 bytes).
    Removing tmr_utils.o(i.tm_strchr), (60 bytes).
    Removing tmr_utils.o(i.tm_strcpy), (36 bytes).
    Removing tmr_utils.o(i.tm_time_subtract), (36 bytes).
    Removing tmr_utils.o(i.tm_u8s_per_bits), (36 bytes).

445 unused section(s) (total 148187 bytes) removed from the image.

==============================================================================

Adding Veneers to the image

    Adding TA veneer (4 bytes, Inline) for call to '_printf_percent' from __printf.o(.text).
    Adding AT veneer (8 bytes, Inline) for call to '__rt_lib_init' from __rtentry2.o(.ARM.Collect$$rtentry$$0000000A).
    Adding AT veneer (8 bytes, Inline) for call to '__rt_lib_shutdown' from rtexit2.o(.ARM.Collect$$rtexit$$00000003).
    Adding TA veneer (4 bytes, Inline) for call to '__rt_exit' from exit.o(.text).
    Adding AT veneer (8 bytes, Inline) for call to '__2printf' from isr_manager.o(i.UART1_irq).
    Adding AT veneer (8 bytes, Inline) for call to '_printf_int_hex' from _printf_x.o(.ARM.Collect$$_printf_percent$$0000000C).
    Adding TA veneer (4 bytes, Inline) for call to 'ferror' from _printf_char_file.o(.text).

7 Veneer(s) (total 44 bytes) added to the image.

==============================================================================

Image Stack Usage Information.

Maximum stack usage for Image.

Maximum Stack Usage for UART1_irq 0xa0 bytes.
Call chain for maximum stack usage:
UART1_irq => __2printf

Maximum stack usage per global function.

Maximum Stack Usage for InitInterrupt 0x8 bytes.
Call chain for maximum stack usage:
InitInterrupt

Maximum Stack Usage for RingBufWriteOne 0x10 bytes.
Call chain for maximum stack usage:
RingBufWriteOne

Maximum Stack Usage for TIMER_SOFTWARE_ModX 0x8 bytes.
Call chain for maximum stack usage:
TIMER_SOFTWARE_ModX

Maximum Stack Usage for TIMER_SOFTWARE_init 0x8 bytes.
Call chain for maximum stack usage:
TIMER_SOFTWARE_init

Maximum Stack Usage for TIMER_SOFTWARE_start_timer 0x8 bytes.
Call chain for maximum stack usage:
TIMER_SOFTWARE_start_timer

Maximum Stack Usage for TIMER_irq 0x20 bytes.
Call chain for maximum stack usage:
TIMER_irq => TIMER_SOFTWARE_ModX

Maximum Stack Usage for UART1_irq 0xa0 bytes.
Call chain for maximum stack usage:
UART1_irq => __2printf

Maximum Stack Usage for UART1_sendbuffer 0x98 bytes.
Call chain for maximum stack usage:
UART1_sendbuffer => __2printf

Maximum Stack Usage for fputc 0x10 bytes.
Call chain for maximum stack usage:
fputc

Maximum Stack Usage for main 0xa0 bytes.
Call chain for maximum stack usage:
main => UART1_sendbuffer => __2printf


Potential Stack Usage Inaccuracies.

Functions with no stack size information.

 * Reset_Handler
 * __user_initial_stackheap
 * Undef_Handler
 * SWI_Handler
 * PAbt_Handler
 * DAbt_Handler
 * IRQ_Handler
 * FIQ_Handler

Mutually recursive functions.

 * Undef_Handler => Undef_Handler
 * SWI_Handler => SWI_Handler
 * PAbt_Handler => PAbt_Handler
 * DAbt_Handler => DAbt_Handler
 * IRQ_Handler => IRQ_Handler

Untraceable function pointers.

 * DAbt_Handler from startup.o(RESET) referenced from startup.o(RESET)
 * FIQ_Handler from startup.o(RESET) referenced from startup.o(RESET)
 * IRQ_Handler from startup.o(RESET) referenced from startup.o(RESET)
 * PAbt_Handler from startup.o(RESET) referenced from startup.o(RESET)
 * Reset_Handler from startup.o(RESET) referenced from startup.o(RESET)
 * SWI_Handler from startup.o(RESET) referenced from startup.o(RESET)
 * UART1_irq from isr_manager.o(i.UART1_irq) referenced from isr_manager.o(i.InitInterrupt)
 * Undef_Handler from startup.o(RESET) referenced from startup.o(RESET)
 * __main from __main.o(!!!main) referenced from startup.o(RESET)
 * _printf_input_char from _printf_char_common.o(.text) referenced from _printf_char_common.o(.text)
 * fputc from retarget.o(i.fputc) referenced from _printf_char_file.o(.text)
 * main from main.o(i.main) referenced from __rtentry2.o(.ARM.Collect$$rtentry$$0000000D)

==============================================================================

Image Symbol Table

    Local Symbols

    Symbol Name                              Value     Ov Type        Size  Object(Section)

    RESET                                    0x00000000   Section      272  startup.o(RESET)
    ../clib/angel/boardlib.s                 0x00000000   Number         0  boardinit1.o ABSOLUTE
    ../clib/angel/boardlib.s                 0x00000000   Number         0  boardinit2.o ABSOLUTE
    ../clib/angel/boardlib.s                 0x00000000   Number         0  boardshut.o ABSOLUTE
    ../clib/angel/boardlib.s                 0x00000000   Number         0  boardinit3.o ABSOLUTE
    ../clib/angel/handlers.s                 0x00000000   Number         0  __scatter_zi.o ABSOLUTE
    ../clib/angel/handlers.s                 0x00000000   Number         0  __scatter_copy.o ABSOLUTE
    ../clib/angel/kernel.s                   0x00000000   Number         0  __rtentry2.o ABSOLUTE
    ../clib/angel/kernel.s                   0x00000000   Number         0  rtexit.o ABSOLUTE
    ../clib/angel/kernel.s                   0x00000000   Number         0  __rtentry4.o ABSOLUTE
    ../clib/angel/kernel.s                   0x00000000   Number         0  rtexit2.o ABSOLUTE
    ../clib/angel/kernel.s                   0x00000000   Number         0  __rtentry.o ABSOLUTE
    ../clib/angel/rt.s                       0x00000000   Number         0  rt_div0.o ABSOLUTE
    ../clib/angel/rt.s                       0x00000000   Number         0  aeabi_idiv0_sigfpe.o ABSOLUTE
    ../clib/angel/rt.s                       0x00000000   Number         0  rt_heap_descriptor.o ABSOLUTE
    ../clib/angel/rt.s                       0x00000000   Number         0  aeabi_idiv0.o ABSOLUTE
    ../clib/angel/rt.s                       0x00000000   Number         0  rt_raise.o ABSOLUTE
    ../clib/angel/rt.s                       0x00000000   Number         0  rt_heap_descriptor_intlibspace.o ABSOLUTE
    ../clib/angel/scatter.s                  0x00000000   Number         0  __scatter.o ABSOLUTE
    ../clib/angel/startup.s                  0x00000000   Number         0  __main.o ABSOLUTE
    ../clib/angel/sys.s                      0x00000000   Number         0  indicate_semi.o ABSOLUTE
    ../clib/angel/sys.s                      0x00000000   Number         0  sys_stackheap_outer.o ABSOLUTE
    ../clib/angel/sys.s                      0x00000000   Number         0  libspace.o ABSOLUTE
    ../clib/angel/sys.s                      0x00000000   Number         0  use_no_semi.o ABSOLUTE
    ../clib/angel/sys.s                      0x00000000   Number         0  mutex_dummy.o ABSOLUTE
    ../clib/angel/sysapp.c                   0x00000000   Number         0  sys_command.o ABSOLUTE
    ../clib/armsys.c                         0x00000000   Number         0  _get_argv.o ABSOLUTE
    ../clib/armsys.c                         0x00000000   Number         0  no_argv.o ABSOLUTE
    ../clib/armsys.c                         0x00000000   Number         0  argv_veneer.o ABSOLUTE
    ../clib/armsys.c                         0x00000000   Number         0  argv_veneer.o ABSOLUTE
    ../clib/armsys.c                         0x00000000   Number         0  _get_argv_nomalloc.o ABSOLUTE
    ../clib/division.s                       0x00000000   Number         0  rtudiv10.o ABSOLUTE
    ../clib/division.s                       0x00000000   Number         0  aeabi_sdiv_div0.o ABSOLUTE
    ../clib/division.s                       0x00000000   Number         0  aeabi_sdiv.o ABSOLUTE
    ../clib/divrt.s                          0x00000000   Number         0  divrt_7tdmi_div0.o ABSOLUTE
    ../clib/divrt.s                          0x00000000   Number         0  divrt_7tdmi.o ABSOLUTE
    ../clib/heap1.c                          0x00000000   Number         0  h1_free.o ABSOLUTE
    ../clib/heap1.c                          0x00000000   Number         0  h1_final_mt.o ABSOLUTE
    ../clib/heap1.c                          0x00000000   Number         0  h1_init.o ABSOLUTE
    ../clib/heap1.c                          0x00000000   Number         0  h1_realloc_mt.o ABSOLUTE
    ../clib/heap1.c                          0x00000000   Number         0  h1_final.o ABSOLUTE
    ../clib/heap1.c                          0x00000000   Number         0  h1_init_mt.o ABSOLUTE
    ../clib/heap1.c                          0x00000000   Number         0  h1_extend_mt.o ABSOLUTE
    ../clib/heap1.c                          0x00000000   Number         0  h1_extend.o ABSOLUTE
    ../clib/heap1.c                          0x00000000   Number         0  h1_free_mt.o ABSOLUTE
    ../clib/heap1.c                          0x00000000   Number         0  h1_alloc.o ABSOLUTE
    ../clib/heap1.c                          0x00000000   Number         0  h1_realloc.o ABSOLUTE
    ../clib/heap1.c                          0x00000000   Number         0  h1_alloc_mt.o ABSOLUTE
    ../clib/heap2.c                          0x00000000   Number         0  fdtree.o ABSOLUTE
    ../clib/heap2.c                          0x00000000   Number         0  heap2.o ABSOLUTE
    ../clib/heap2.c                          0x00000000   Number         0  heap2mt.o ABSOLUTE
    ../clib/heapalloc.c                      0x00000000   Number         0  init_alloc.o ABSOLUTE
    ../clib/heapalloc.c                      0x00000000   Number         0  term_alloc.o ABSOLUTE
    ../clib/heapalloc.c                      0x00000000   Number         0  hrguard.o ABSOLUTE
    ../clib/heapalloc.c                      0x00000000   Number         0  heapstubs.o ABSOLUTE
    ../clib/heapalloc.c                      0x00000000   Number         0  free.o ABSOLUTE
    ../clib/heapalloc.c                      0x00000000   Number         0  maybetermalloc2.o ABSOLUTE
    ../clib/heapalloc.c                      0x00000000   Number         0  maybetermalloc2.o ABSOLUTE
    ../clib/heapalloc.c                      0x00000000   Number         0  malloc.o ABSOLUTE
    ../clib/heapalloc.c                      0x00000000   Number         0  maybetermalloc1.o ABSOLUTE
    ../clib/heapalloc.c                      0x00000000   Number         0  hguard.o ABSOLUTE
    ../clib/heapalloc.c                      0x00000000   Number         0  realloc.o ABSOLUTE
    ../clib/heapalloc.c                      0x00000000   Number         0  maybetermalloc1.o ABSOLUTE
    ../clib/heapaux.c                        0x00000000   Number         0  heapauxi.o ABSOLUTE
    ../clib/heapaux.c                        0x00000000   Number         0  heapauxa.o ABSOLUTE
    ../clib/libinit.s                        0x00000000   Number         0  libshutdown.o ABSOLUTE
    ../clib/libinit.s                        0x00000000   Number         0  libinit2.o ABSOLUTE
    ../clib/libinit.s                        0x00000000   Number         0  libshutdown2.o ABSOLUTE
    ../clib/libinit.s                        0x00000000   Number         0  libinit.o ABSOLUTE
    ../clib/longlong.s                       0x00000000   Number         0  llshl.o ABSOLUTE
    ../clib/memcpset.s                       0x00000000   Number         0  strcmp.o ABSOLUTE
    ../clib/memcpset.s                       0x00000000   Number         0  strncpy.o ABSOLUTE
    ../clib/memcpset.s                       0x00000000   Number         0  rt_memmove_w.o ABSOLUTE
    ../clib/memcpset.s                       0x00000000   Number         0  rt_memcpy.o ABSOLUTE
    ../clib/memcpset.s                       0x00000000   Number         0  rt_memmove.o ABSOLUTE
    ../clib/memcpset.s                       0x00000000   Number         0  rt_memcpy_w.o ABSOLUTE
    ../clib/memcpset.s                       0x00000000   Number         0  rt_memclr.o ABSOLUTE
    ../clib/memcpset.s                       0x00000000   Number         0  rt_memclr_w.o ABSOLUTE
    ../clib/printf.c                         0x00000000   Number         0  _printf_intcommon.o ABSOLUTE
    ../clib/printf.c                         0x00000000   Number         0  _printf_char_common.o ABSOLUTE
    ../clib/printf.c                         0x00000000   Number         0  _sputc.o ABSOLUTE
    ../clib/printf.c                         0x00000000   Number         0  _printf_char.o ABSOLUTE
    ../clib/printf.c                         0x00000000   Number         0  _printf_char_file.o ABSOLUTE
    ../clib/printf.c                         0x00000000   Number         0  __printf_nopercent.o ABSOLUTE
    ../clib/printf.c                         0x00000000   Number         0  __2printf.o ABSOLUTE
    ../clib/printf.c                         0x00000000   Number         0  __2sprintf.o ABSOLUTE
    ../clib/printf.c                         0x00000000   Number         0  noretval__2printf.o ABSOLUTE
    ../clib/printf.c                         0x00000000   Number         0  noretval__2sprintf.o ABSOLUTE
    ../clib/printf.c                         0x00000000   Number         0  __printf.o ABSOLUTE
    ../clib/printf.c                         0x00000000   Number         0  _printf_str.o ABSOLUTE
    ../clib/printf.c                         0x00000000   Number         0  _printf_dec.o ABSOLUTE
    ../clib/printf.c                         0x00000000   Number         0  _printf_hex_ll.o ABSOLUTE
    ../clib/printf.c                         0x00000000   Number         0  _printf_hex_int.o ABSOLUTE
    ../clib/printf.c                         0x00000000   Number         0  _printf_hex_int_ll.o ABSOLUTE
    ../clib/printf.c                         0x00000000   Number         0  _printf_hex_ptr.o ABSOLUTE
    ../clib/printf.c                         0x00000000   Number         0  _printf_hex_int_ptr.o ABSOLUTE
    ../clib/printf.c                         0x00000000   Number         0  _printf_hex_ll_ptr.o ABSOLUTE
    ../clib/printf.c                         0x00000000   Number         0  _printf_hex_int_ll_ptr.o ABSOLUTE
    ../clib/printf.c                         0x00000000   Number         0  __printf_flags.o ABSOLUTE
    ../clib/printf.c                         0x00000000   Number         0  __printf_ss.o ABSOLUTE
    ../clib/printf.c                         0x00000000   Number         0  __printf_flags_ss.o ABSOLUTE
    ../clib/printf.c                         0x00000000   Number         0  __printf_wp.o ABSOLUTE
    ../clib/printf.c                         0x00000000   Number         0  __printf_flags_wp.o ABSOLUTE
    ../clib/printf.c                         0x00000000   Number         0  __printf_flags_ss_wp.o ABSOLUTE
    ../clib/printf.c                         0x00000000   Number         0  __printf_ss_wp.o ABSOLUTE
    ../clib/printf_percent.s                 0x00000000   Number         0  _printf_x.o ABSOLUTE
    ../clib/printf_percent.s                 0x00000000   Number         0  _printf_percent_end.o ABSOLUTE
    ../clib/printf_percent.s                 0x00000000   Number         0  _printf_d.o ABSOLUTE
    ../clib/printf_percent.s                 0x00000000   Number         0  _printf_s.o ABSOLUTE
    ../clib/printf_percent.s                 0x00000000   Number         0  _printf_percent.o ABSOLUTE
    ../clib/signal.c                         0x00000000   Number         0  defsig_fpe_outer.o ABSOLUTE
    ../clib/signal.c                         0x00000000   Number         0  defsig_stak_inner.o ABSOLUTE
    ../clib/signal.c                         0x00000000   Number         0  defsig_rtmem_outer.o ABSOLUTE
    ../clib/signal.c                         0x00000000   Number         0  defsig_rtred_inner.o ABSOLUTE
    ../clib/signal.c                         0x00000000   Number         0  defsig_abrt_inner.o ABSOLUTE
    ../clib/signal.c                         0x00000000   Number         0  defsig_rtmem_formal.o ABSOLUTE
    ../clib/signal.c                         0x00000000   Number         0  defsig_pvfn_inner.o ABSOLUTE
    ../clib/signal.c                         0x00000000   Number         0  defsig_cppl_inner.o ABSOLUTE
    ../clib/signal.c                         0x00000000   Number         0  defsig_segv_inner.o ABSOLUTE
    ../clib/signal.c                         0x00000000   Number         0  defsig_rtmem_inner.o ABSOLUTE
    ../clib/signal.c                         0x00000000   Number         0  defsig_fpe_formal.o ABSOLUTE
    ../clib/signal.c                         0x00000000   Number         0  defsig_other.o ABSOLUTE
    ../clib/signal.c                         0x00000000   Number         0  defsig_exit.o ABSOLUTE
    ../clib/signal.c                         0x00000000   Number         0  defsig_fpe_inner.o ABSOLUTE
    ../clib/signal.c                         0x00000000   Number         0  __raise.o ABSOLUTE
    ../clib/signal.c                         0x00000000   Number         0  defsig_general.o ABSOLUTE
    ../clib/signal.s                         0x00000000   Number         0  defsig.o ABSOLUTE
    ../clib/stdlib.c                         0x00000000   Number         0  exit.o ABSOLUTE
    ../clib/string.c                         0x00000000   Number         0  strtok_int.o ABSOLUTE
    ../clib/string.c                         0x00000000   Number         0  strlen.o ABSOLUTE
    ../clib/string.c                         0x00000000   Number         0  strcspn.o ABSOLUTE
    ../clib/string.c                         0x00000000   Number         0  strspn.o ABSOLUTE
    ../clib/string.c                         0x00000000   Number         0  strncmp.o ABSOLUTE
    ../clib/string.c                         0x00000000   Number         0  strtok.o ABSOLUTE
    ../clib/string.c                         0x00000000   Number         0  memcmp.o ABSOLUTE
    ../fplib/fpinit.s                        0x00000000   Number         0  fpinit.o ABSOLUTE
    Retarget.c                               0x00000000   Number         0  retarget.o ABSOLUTE
    Startup.s                                0x00000000   Number         0  startup.o ABSOLUTE
    dc.s                                     0x00000000   Number         0  dc.o ABSOLUTE
    hal\ISR_manager.c                        0x00000000   Number         0  isr_manager.o ABSOLUTE
    hal\timer.c                              0x00000000   Number         0  timer.o ABSOLUTE
    hal\uart0.c                              0x00000000   Number         0  uart0.o ABSOLUTE
    hal\uart1.c                              0x00000000   Number         0  uart1.o ABSOLUTE
    main.c                                   0x00000000   Number         0  main.o ABSOLUTE
    mercuryapi-1.37.1.44\c\src\api\hex_bytes.c 0x00000000   Number         0  hex_bytes.o ABSOLUTE
    mercuryapi-1.37.1.44\c\src\api\osdep_dummy.c 0x00000000   Number         0  osdep_dummy.o ABSOLUTE
    mercuryapi-1.37.1.44\c\src\api\serial_reader.c 0x00000000   Number         0  serial_reader.o ABSOLUTE
    mercuryapi-1.37.1.44\c\src\api\serial_reader_l3.c 0x00000000   Number         0  serial_reader_l3.o ABSOLUTE
    mercuryapi-1.37.1.44\c\src\api\serial_transport_dummy.c 0x00000000   Number         0  serial_transport_dummy.o ABSOLUTE
    mercuryapi-1.37.1.44\c\src\api\tm_reader.c 0x00000000   Number         0  tm_reader.o ABSOLUTE
    mercuryapi-1.37.1.44\c\src\api\tm_reader_async.c 0x00000000   Number         0  tm_reader_async.o ABSOLUTE
    mercuryapi-1.37.1.44\c\src\api\tmr_param.c 0x00000000   Number         0  tmr_param.o ABSOLUTE
    mercuryapi-1.37.1.44\c\src\api\tmr_strerror.c 0x00000000   Number         0  tmr_strerror.o ABSOLUTE
    mercuryapi-1.37.1.44\c\src\api\tmr_utils.c 0x00000000   Number         0  tmr_utils.o ABSOLUTE
    utils\ringbuf.c                          0x00000000   Number         0  ringbuf.o ABSOLUTE
    utils\timer_software.c                   0x00000000   Number         0  timer_software.o ABSOLUTE
    Undef_Handler                            0x00000040   ARM Code       4  startup.o(RESET)
    SWI_Handler                              0x00000044   ARM Code       4  startup.o(RESET)
    PAbt_Handler                             0x00000048   ARM Code       4  startup.o(RESET)
    DAbt_Handler                             0x0000004c   ARM Code       4  startup.o(RESET)
    IRQ_Handler                              0x00000050   ARM Code       4  startup.o(RESET)
    FIQ_Handler                              0x00000054   ARM Code       4  startup.o(RESET)
    !!!main                                  0x00000110   Section        8  __main.o(!!!main)
    !!!scatter                               0x00000118   Section       60  __scatter.o(!!!scatter)
    !!handler_copy                           0x00000154   Section       40  __scatter_copy.o(!!handler_copy)
    !!handler_zi                             0x0000017c   Section       44  __scatter_zi.o(!!handler_zi)
    .ARM.Collect$$_printf_percent$$00000000  0x000001ac   Section        0  _printf_percent.o(.ARM.Collect$$_printf_percent$$00000000)
    .ARM.Collect$$_printf_percent$$0000000C  0x000001ac   Section        8  _printf_x.o(.ARM.Collect$$_printf_percent$$0000000C)
    .ARM.Collect$$_printf_percent$$00000017  0x000001b4   Section        8  _printf_percent_end.o(.ARM.Collect$$_printf_percent$$00000017)
    .ARM.Collect$$libinit$$00000000          0x000001c4   Section        2  libinit.o(.ARM.Collect$$libinit$$00000000)
    .ARM.Collect$$libinit$$00000002          0x000001c6   Section        0  libinit2.o(.ARM.Collect$$libinit$$00000002)
    .ARM.Collect$$libinit$$00000004          0x000001c6   Section        0  libinit2.o(.ARM.Collect$$libinit$$00000004)
    .ARM.Collect$$libinit$$0000000A          0x000001c6   Section        0  libinit2.o(.ARM.Collect$$libinit$$0000000A)
    .ARM.Collect$$libinit$$0000000C          0x000001c6   Section        0  libinit2.o(.ARM.Collect$$libinit$$0000000C)
    .ARM.Collect$$libinit$$0000000E          0x000001c6   Section        0  libinit2.o(.ARM.Collect$$libinit$$0000000E)
    .ARM.Collect$$libinit$$00000011          0x000001c6   Section        0  libinit2.o(.ARM.Collect$$libinit$$00000011)
    .ARM.Collect$$libinit$$00000013          0x000001c6   Section        0  libinit2.o(.ARM.Collect$$libinit$$00000013)
    .ARM.Collect$$libinit$$00000015          0x000001c6   Section        0  libinit2.o(.ARM.Collect$$libinit$$00000015)
    .ARM.Collect$$libinit$$00000017          0x000001c6   Section        0  libinit2.o(.ARM.Collect$$libinit$$00000017)
    .ARM.Collect$$libinit$$00000019          0x000001c6   Section        0  libinit2.o(.ARM.Collect$$libinit$$00000019)
    .ARM.Collect$$libinit$$0000001B          0x000001c6   Section        0  libinit2.o(.ARM.Collect$$libinit$$0000001B)
    .ARM.Collect$$libinit$$0000001D          0x000001c6   Section        0  libinit2.o(.ARM.Collect$$libinit$$0000001D)
    .ARM.Collect$$libinit$$0000001F          0x000001c6   Section        0  libinit2.o(.ARM.Collect$$libinit$$0000001F)
    .ARM.Collect$$libinit$$00000021          0x000001c6   Section        0  libinit2.o(.ARM.Collect$$libinit$$00000021)
    .ARM.Collect$$libinit$$00000023          0x000001c6   Section        0  libinit2.o(.ARM.Collect$$libinit$$00000023)
    .ARM.Collect$$libinit$$00000025          0x000001c6   Section        0  libinit2.o(.ARM.Collect$$libinit$$00000025)
    .ARM.Collect$$libinit$$0000002C          0x000001c6   Section        0  libinit2.o(.ARM.Collect$$libinit$$0000002C)
    .ARM.Collect$$libinit$$0000002E          0x000001c6   Section        0  libinit2.o(.ARM.Collect$$libinit$$0000002E)
    .ARM.Collect$$libinit$$00000030          0x000001c6   Section        0  libinit2.o(.ARM.Collect$$libinit$$00000030)
    .ARM.Collect$$libinit$$00000032          0x000001c6   Section        0  libinit2.o(.ARM.Collect$$libinit$$00000032)
    .ARM.Collect$$libinit$$00000033          0x000001c6   Section       12  libinit2.o(.ARM.Collect$$libinit$$00000033)
    .ARM.Collect$$libshutdown$$00000000      0x000001dc   Section        4  libshutdown.o(.ARM.Collect$$libshutdown$$00000000)
    .ARM.Collect$$libshutdown$$00000002      0x000001e0   Section        0  libshutdown2.o(.ARM.Collect$$libshutdown$$00000002)
    .ARM.Collect$$libshutdown$$00000004      0x000001e0   Section        0  libshutdown2.o(.ARM.Collect$$libshutdown$$00000004)
    .ARM.Collect$$libshutdown$$00000007      0x000001e0   Section        0  libshutdown2.o(.ARM.Collect$$libshutdown$$00000007)
    .ARM.Collect$$libshutdown$$0000000A      0x000001e0   Section        0  libshutdown2.o(.ARM.Collect$$libshutdown$$0000000A)
    .ARM.Collect$$libshutdown$$0000000C      0x000001e0   Section        0  libshutdown2.o(.ARM.Collect$$libshutdown$$0000000C)
    .ARM.Collect$$libshutdown$$0000000F      0x000001e0   Section        0  libshutdown2.o(.ARM.Collect$$libshutdown$$0000000F)
    .ARM.Collect$$libshutdown$$00000010      0x000001e0   Section        6  libshutdown2.o(.ARM.Collect$$libshutdown$$00000010)
    .ARM.Collect$$rtentry$$00000000          0x000001e8   Section        0  __rtentry.o(.ARM.Collect$$rtentry$$00000000)
    .ARM.Collect$$rtentry$$00000002          0x000001e8   Section        0  __rtentry2.o(.ARM.Collect$$rtentry$$00000002)
    .ARM.Collect$$rtentry$$00000004          0x000001e8   Section        8  __rtentry4.o(.ARM.Collect$$rtentry$$00000004)
    .ARM.Collect$$rtentry$$00000009          0x000001f0   Section        0  __rtentry2.o(.ARM.Collect$$rtentry$$00000009)
    .ARM.Collect$$rtentry$$0000000A          0x000001f0   Section        4  __rtentry2.o(.ARM.Collect$$rtentry$$0000000A)
    .ARM.Collect$$rtentry$$0000000C          0x000001f4   Section        0  __rtentry2.o(.ARM.Collect$$rtentry$$0000000C)
    .ARM.Collect$$rtentry$$0000000D          0x000001f4   Section       40  __rtentry2.o(.ARM.Collect$$rtentry$$0000000D)
    .ARM.Collect$$rtexit$$00000000           0x00000220   Section        4  rtexit.o(.ARM.Collect$$rtexit$$00000000)
    .ARM.Collect$$rtexit$$00000002           0x00000224   Section        0  rtexit2.o(.ARM.Collect$$rtexit$$00000002)
    .ARM.Collect$$rtexit$$00000003           0x00000224   Section        4  rtexit2.o(.ARM.Collect$$rtexit$$00000003)
    .ARM.Collect$$rtexit$$00000004           0x00000228   Section        8  rtexit2.o(.ARM.Collect$$rtexit$$00000004)
    .text                                    0x00000230   Section       32  startup.o(.text)
    .text                                    0x00000250   Section        4  use_no_semi.o(.text)
    .text                                    0x0000025c   Section        0  noretval__2printf.o(.text)
    .text                                    0x00000278   Section        0  __printf.o(.text)
    .text                                    0x000002f8   Section        0  _printf_hex_int.o(.text)
    .text                                    0x00000354   Section        0  heapauxi.o(.text)
    .text                                    0x0000035a   Section        0  _printf_intcommon.o(.text)
    .text                                    0x00000414   Section        0  _printf_char_common.o(.text)
    _printf_input_char                       0x00000415   Thumb Code    10  _printf_char_common.o(.text)
    .text                                    0x00000444   Section        0  _printf_char_file.o(.text)
    .text                                    0x00000470   Section       12  libspace.o(.text)
    .text                                    0x0000047c   Section       96  sys_stackheap_outer.o(.text)
    .text                                    0x000004dc   Section        0  exit.o(.text)
    i.InitInterrupt                          0x000004f0   Section        0  isr_manager.o(i.InitInterrupt)
    i.RingBufFlush                           0x0000054c   Section        0  ringbuf.o(i.RingBufFlush)
    i.RingBufInit                            0x00000558   Section        0  ringbuf.o(i.RingBufInit)
    i.RingBufWriteOne                        0x00000570   Section        0  ringbuf.o(i.RingBufWriteOne)
    i.TIMER_Init                             0x000005a0   Section        0  timer.o(i.TIMER_Init)
    i.TIMER_SOFTWARE_ModX                    0x000005cc   Section        0  timer_software.o(i.TIMER_SOFTWARE_ModX)
    i.TIMER_SOFTWARE_enable_timer            0x00000904   Section        0  timer_software.o(i.TIMER_SOFTWARE_enable_timer)
    i.TIMER_SOFTWARE_init                    0x00000988   Section        0  timer_software.o(i.TIMER_SOFTWARE_init)
    i.TIMER_SOFTWARE_request_timer           0x00000a20   Section        0  timer_software.o(i.TIMER_SOFTWARE_request_timer)
    i.TIMER_SOFTWARE_start_timer             0x00000ae8   Section        0  timer_software.o(i.TIMER_SOFTWARE_start_timer)
    i.TIMER_irq                              0x00000b80   Section        0  isr_manager.o(i.TIMER_irq)
    i.UART0_Init                             0x00000bbc   Section        0  uart0.o(i.UART0_Init)
    i.UART0_sendchar                         0x00000bfc   Section        0  uart0.o(i.UART0_sendchar)
    i.UART1_Init                             0x00000c2c   Section        0  uart1.o(i.UART1_Init)
    i.UART1_irq                              0x00000c70   Section        0  isr_manager.o(i.UART1_irq)
    i.UART1_sendbuffer                       0x00000cc8   Section        0  uart1.o(i.UART1_sendbuffer)
    i.UART1_sendchar                         0x00000d54   Section        0  uart1.o(i.UART1_sendchar)
    i.UpdateIndexAtomic                      0x00000d84   Section        0  ringbuf.o(i.UpdateIndexAtomic)
    UpdateIndexAtomic                        0x00000d84   ARM Code      44  ringbuf.o(i.UpdateIndexAtomic)
    i.__ARM_common_call_via_r1               0x00000db0   Section        0  __printf.o(i.__ARM_common_call_via_r1)
    i.__ARM_common_call_via_r2               0x00000db2   Section        0  __printf.o(i.__ARM_common_call_via_r2)
    i._sys_exit                              0x00000db4   Section        0  retarget.o(i._sys_exit)
    i.ferror                                 0x00000dbc   Section        0  retarget.o(i.ferror)
    i.fputc                                  0x00000dc8   Section        0  retarget.o(i.fputc)
    i.main                                   0x00000de4   Section        0  main.o(i.main)
    .constdata                               0x00000e40   Section       40  _printf_hex_int.o(.constdata)
    uc_hextab                                0x00000e40   Data          20  _printf_hex_int.o(.constdata)
    lc_hextab                                0x00000e54   Data          20  _printf_hex_int.o(.constdata)
    .data                                    0x40000000   Section        4  retarget.o(.data)
    .data                                    0x40000004   Section        2  timer_software.o(.data)
    .bss                                     0x40000008   Section       40  timer_software.o(.bss)
    .bss                                     0x40000030   Section     1040  isr_manager.o(.bss)
    uart1_buffer                             0x40000030   Data        1024  isr_manager.o(.bss)
    .bss                                     0x40000440   Section       96  libspace.o(.bss)
    HEAP                                     0x400004a0   Section        0  startup.o(HEAP)
    STACK                                    0x400004a0   Section     8328  startup.o(STACK)
    Heap_Mem                                 0x400004a0   Data           0  startup.o(HEAP)
    Stack_Mem                                0x400004a0   Data        8192  startup.o(STACK)
    Stack_Top                                0x40002528   Data           0  startup.o(STACK)

    Global Symbols

    Symbol Name                              Value     Ov Type        Size  Object(Section)

    BuildAttributes$$THM_ISAv1$ARM_ISAv4$S$PE$A:L22$X:L11$S22$IEEE1$IW$USESV6$~STKCKD$USESV7$~SHL$OTIME$ROPI$EBA8$UX$STANDARDLIB$REQ8$PRES8$EABIv2 0x00000000   Number         0  anon$$obj.o ABSOLUTE
    __ARM_use_no_argv                        0x00000000   Number         0  main.o ABSOLUTE
    __ARM_exceptions_init                     - Undefined Weak Reference
    __alloca_initialize                       - Undefined Weak Reference
    __arm_preinit_                            - Undefined Weak Reference
    __cpp_initialize__aeabi_                  - Undefined Weak Reference
    __cxa_finalize                            - Undefined Weak Reference
    __rt_locale                               - Undefined Weak Reference
    __sigvec_lookup                           - Undefined Weak Reference
    __user_heap_extent                        - Undefined Weak Reference
    _atexit_init                              - Undefined Weak Reference
    _call_atexit_fns                          - Undefined Weak Reference
    _clock_init                               - Undefined Weak Reference
    _fp_trap_init                             - Undefined Weak Reference
    _fp_trap_shutdown                         - Undefined Weak Reference
    _get_lc_collate                           - Undefined Weak Reference
    _get_lc_ctype                             - Undefined Weak Reference
    _get_lc_monetary                          - Undefined Weak Reference
    _get_lc_numeric                           - Undefined Weak Reference
    _get_lc_time                              - Undefined Weak Reference
    _getenv_init                              - Undefined Weak Reference
    _handle_redirection                       - Undefined Weak Reference
    _initio                                   - Undefined Weak Reference
    _mutex_acquire                            - Undefined Weak Reference
    _mutex_free                               - Undefined Weak Reference
    _mutex_release                            - Undefined Weak Reference
    _printf_mbtowc                            - Undefined Weak Reference
    _printf_post_padding                      - Undefined Weak Reference
    _printf_pre_padding                       - Undefined Weak Reference
    _printf_truncate_signed                   - Undefined Weak Reference
    _printf_truncate_unsigned                 - Undefined Weak Reference
    _rand_init                                - Undefined Weak Reference
    _signal_finish                            - Undefined Weak Reference
    _signal_init                              - Undefined Weak Reference
    _terminateio                              - Undefined Weak Reference
    Reset_Handler                            0x00000058   ARM Code       0  startup.o(RESET)
    __main                                   0x00000110   ARM Code       8  __main.o(!!!main)
    __scatterload                            0x00000118   ARM Code       0  __scatter.o(!!!scatter)
    __scatterload_rt2                        0x00000118   ARM Code      52  __scatter.o(!!!scatter)
    __scatterload_null                       0x0000012c   ARM Code       0  __scatter.o(!!!scatter)
    __scatterload_copy                       0x00000154   ARM Code      40  __scatter_copy.o(!!handler_copy)
    __scatterload_zeroinit                   0x0000017c   ARM Code      44  __scatter_zi.o(!!handler_zi)
    Inline Thumb to ARM Veneer to _printf_percent 0x000001a9   Thumb Code     4  _printf_percent.o(.ARM.Collect$$_printf_percent$$00000000)
    _printf_percent                          0x000001ac   ARM Code       0  _printf_percent.o(.ARM.Collect$$_printf_percent$$00000000)
    _printf_x                                0x000001ac   ARM Code       0  _printf_x.o(.ARM.Collect$$_printf_percent$$0000000C)
    _printf_percent_end                      0x000001b4   ARM Code       0  _printf_percent_end.o(.ARM.Collect$$_printf_percent$$00000017)
    Inline ARM to Thumb Veneer to __rt_lib_init 0x000001bc   ARM Code       8  libinit.o(.ARM.Collect$$libinit$$00000000)
    __rt_lib_init                            0x000001c5   Thumb Code     0  libinit.o(.ARM.Collect$$libinit$$00000000)
    __rt_lib_init_alloca_1                   0x000001c7   Thumb Code     0  libinit2.o(.ARM.Collect$$libinit$$0000002E)
    __rt_lib_init_argv_1                     0x000001c7   Thumb Code     0  libinit2.o(.ARM.Collect$$libinit$$0000002C)
    __rt_lib_init_atexit_1                   0x000001c7   Thumb Code     0  libinit2.o(.ARM.Collect$$libinit$$0000001B)
    __rt_lib_init_clock_1                    0x000001c7   Thumb Code     0  libinit2.o(.ARM.Collect$$libinit$$00000021)
    __rt_lib_init_cpp_1                      0x000001c7   Thumb Code     0  libinit2.o(.ARM.Collect$$libinit$$00000032)
    __rt_lib_init_exceptions_1               0x000001c7   Thumb Code     0  libinit2.o(.ARM.Collect$$libinit$$00000030)
    __rt_lib_init_fp_1                       0x000001c7   Thumb Code     0  libinit2.o(.ARM.Collect$$libinit$$00000002)
    __rt_lib_init_fp_trap_1                  0x000001c7   Thumb Code     0  libinit2.o(.ARM.Collect$$libinit$$0000001F)
    __rt_lib_init_getenv_1                   0x000001c7   Thumb Code     0  libinit2.o(.ARM.Collect$$libinit$$00000023)
    __rt_lib_init_heap_1                     0x000001c7   Thumb Code     0  libinit2.o(.ARM.Collect$$libinit$$0000000A)
    __rt_lib_init_lc_collate_1               0x000001c7   Thumb Code     0  libinit2.o(.ARM.Collect$$libinit$$00000011)
    __rt_lib_init_lc_ctype_1                 0x000001c7   Thumb Code     0  libinit2.o(.ARM.Collect$$libinit$$00000013)
    __rt_lib_init_lc_monetary_1              0x000001c7   Thumb Code     0  libinit2.o(.ARM.Collect$$libinit$$00000015)
    __rt_lib_init_lc_numeric_1               0x000001c7   Thumb Code     0  libinit2.o(.ARM.Collect$$libinit$$00000017)
    __rt_lib_init_lc_time_1                  0x000001c7   Thumb Code     0  libinit2.o(.ARM.Collect$$libinit$$00000019)
    __rt_lib_init_preinit_1                  0x000001c7   Thumb Code     0  libinit2.o(.ARM.Collect$$libinit$$00000004)
    __rt_lib_init_rand_1                     0x000001c7   Thumb Code     0  libinit2.o(.ARM.Collect$$libinit$$0000000E)
    __rt_lib_init_return                     0x000001c7   Thumb Code     0  libinit2.o(.ARM.Collect$$libinit$$00000033)
    __rt_lib_init_signal_1                   0x000001c7   Thumb Code     0  libinit2.o(.ARM.Collect$$libinit$$0000001D)
    __rt_lib_init_stdio_1                    0x000001c7   Thumb Code     0  libinit2.o(.ARM.Collect$$libinit$$00000025)
    __rt_lib_init_user_alloc_1               0x000001c7   Thumb Code     0  libinit2.o(.ARM.Collect$$libinit$$0000000C)
    Inline ARM to Thumb Veneer to __rt_lib_shutdown 0x000001d4   ARM Code       8  libshutdown.o(.ARM.Collect$$libshutdown$$00000000)
    __rt_lib_shutdown                        0x000001dd   Thumb Code     0  libshutdown.o(.ARM.Collect$$libshutdown$$00000000)
    __rt_lib_shutdown_cpp_1                  0x000001e1   Thumb Code     0  libshutdown2.o(.ARM.Collect$$libshutdown$$00000002)
    __rt_lib_shutdown_fp_trap_1              0x000001e1   Thumb Code     0  libshutdown2.o(.ARM.Collect$$libshutdown$$00000007)
    __rt_lib_shutdown_heap_1                 0x000001e1   Thumb Code     0  libshutdown2.o(.ARM.Collect$$libshutdown$$0000000F)
    __rt_lib_shutdown_return                 0x000001e1   Thumb Code     0  libshutdown2.o(.ARM.Collect$$libshutdown$$00000010)
    __rt_lib_shutdown_signal_1               0x000001e1   Thumb Code     0  libshutdown2.o(.ARM.Collect$$libshutdown$$0000000A)
    __rt_lib_shutdown_stdio_1                0x000001e1   Thumb Code     0  libshutdown2.o(.ARM.Collect$$libshutdown$$00000004)
    __rt_lib_shutdown_user_alloc_1           0x000001e1   Thumb Code     0  libshutdown2.o(.ARM.Collect$$libshutdown$$0000000C)
    __rt_entry                               0x000001e8   ARM Code       0  __rtentry.o(.ARM.Collect$$rtentry$$00000000)
    __rt_entry_presh_1                       0x000001e8   ARM Code       0  __rtentry2.o(.ARM.Collect$$rtentry$$00000002)
    __rt_entry_sh                            0x000001e8   ARM Code       0  __rtentry4.o(.ARM.Collect$$rtentry$$00000004)
    __rt_entry_li                            0x000001f0   ARM Code       0  __rtentry2.o(.ARM.Collect$$rtentry$$0000000A)
    __rt_entry_postsh_1                      0x000001f0   ARM Code       0  __rtentry2.o(.ARM.Collect$$rtentry$$00000009)
    __rt_entry_main                          0x000001f4   ARM Code       0  __rtentry2.o(.ARM.Collect$$rtentry$$0000000D)
    __rt_entry_postli_1                      0x000001f4   ARM Code       0  __rtentry2.o(.ARM.Collect$$rtentry$$0000000C)
    Inline Thumb to ARM Veneer to __rt_exit  0x0000021d   Thumb Code     4  rtexit.o(.ARM.Collect$$rtexit$$00000000)
    __rt_exit                                0x00000220   ARM Code       0  rtexit.o(.ARM.Collect$$rtexit$$00000000)
    __rt_exit_ls                             0x00000224   ARM Code       0  rtexit2.o(.ARM.Collect$$rtexit$$00000003)
    __rt_exit_prels_1                        0x00000224   ARM Code       0  rtexit2.o(.ARM.Collect$$rtexit$$00000002)
    __rt_exit_exit                           0x00000228   ARM Code       0  rtexit2.o(.ARM.Collect$$rtexit$$00000004)
    __user_initial_stackheap                 0x00000230   ARM Code       0  startup.o(.text)
    __I$use$semihosting                      0x00000250   ARM Code       0  use_no_semi.o(.text)
    __use_no_semihosting_swi                 0x00000250   ARM Code       4  use_no_semi.o(.text)
    Inline ARM to Thumb Veneer to __2printf  0x00000254   ARM Code       8  noretval__2printf.o(.text)
    __2printf                                0x0000025d   Thumb Code    22  noretval__2printf.o(.text)
    __printf                                 0x00000279   Thumb Code   118  __printf.o(.text)
    Inline ARM to Thumb Veneer to _printf_int_hex 0x000002f0   ARM Code       8  _printf_hex_int.o(.text)
    _printf_int_hex                          0x000002f9   Thumb Code    88  _printf_hex_int.o(.text)
    _printf_longlong_hex                     0x000002f9   Thumb Code     0  _printf_hex_int.o(.text)
    __use_two_region_memory                  0x00000355   Thumb Code     2  heapauxi.o(.text)
    __rt_heap_escrow                         0x00000357   Thumb Code     2  heapauxi.o(.text)
    __rt_heap_expand                         0x00000359   Thumb Code     2  heapauxi.o(.text)
    _printf_int_common                       0x0000035b   Thumb Code   186  _printf_intcommon.o(.text)
    _printf_char_common                      0x0000041f   Thumb Code    34  _printf_char_common.o(.text)
    _printf_char_file                        0x00000445   Thumb Code    38  _printf_char_file.o(.text)
    __user_libspace                          0x00000470   ARM Code      12  libspace.o(.text)
    __user_perproc_libspace                  0x00000470   ARM Code       0  libspace.o(.text)
    __user_perthread_libspace                0x00000470   ARM Code       0  libspace.o(.text)
    __user_setup_stackheap                   0x0000047c   ARM Code      96  sys_stackheap_outer.o(.text)
    exit                                     0x000004dd   Thumb Code    20  exit.o(.text)
    InitInterrupt                            0x000004f0   ARM Code      80  isr_manager.o(i.InitInterrupt)
    RingBufFlush                             0x0000054c   ARM Code      12  ringbuf.o(i.RingBufFlush)
    RingBufInit                              0x00000558   ARM Code      24  ringbuf.o(i.RingBufInit)
    RingBufWriteOne                          0x00000570   ARM Code      48  ringbuf.o(i.RingBufWriteOne)
    TIMER_Init                               0x000005a0   ARM Code      36  timer.o(i.TIMER_Init)
    TIMER_SOFTWARE_ModX                      0x000005cc   ARM Code     820  timer_software.o(i.TIMER_SOFTWARE_ModX)
    TIMER_SOFTWARE_enable_timer              0x00000904   ARM Code     128  timer_software.o(i.TIMER_SOFTWARE_enable_timer)
    TIMER_SOFTWARE_init                      0x00000988   ARM Code     144  timer_software.o(i.TIMER_SOFTWARE_init)
    TIMER_SOFTWARE_request_timer             0x00000a20   ARM Code     196  timer_software.o(i.TIMER_SOFTWARE_request_timer)
    TIMER_SOFTWARE_start_timer               0x00000ae8   ARM Code     148  timer_software.o(i.TIMER_SOFTWARE_start_timer)
    TIMER_irq                                0x00000b80   ARM Code      56  isr_manager.o(i.TIMER_irq)
    UART0_Init                               0x00000bbc   ARM Code      60  uart0.o(i.UART0_Init)
    UART0_sendchar                           0x00000bfc   ARM Code      44  uart0.o(i.UART0_sendchar)
    UART1_Init                               0x00000c2c   ARM Code      64  uart1.o(i.UART1_Init)
    UART1_irq                                0x00000c70   ARM Code      72  isr_manager.o(i.UART1_irq)
    UART1_sendbuffer                         0x00000cc8   ARM Code     120  uart1.o(i.UART1_sendbuffer)
    UART1_sendchar                           0x00000d54   ARM Code      44  uart1.o(i.UART1_sendchar)
    __ARM_common_call_via_r1                 0x00000db1   Thumb Code     2  __printf.o(i.__ARM_common_call_via_r1)
    __ARM_common_call_via_r2                 0x00000db3   Thumb Code     2  __printf.o(i.__ARM_common_call_via_r2)
    _sys_exit                                0x00000db4   ARM Code       4  retarget.o(i._sys_exit)
    Inline Thumb to ARM Veneer to ferror     0x00000db9   Thumb Code     4  retarget.o(i.ferror)
    ferror                                   0x00000dbc   ARM Code      12  retarget.o(i.ferror)
    fputc                                    0x00000dc8   ARM Code      28  retarget.o(i.fputc)
    main                                     0x00000de4   ARM Code      76  main.o(i.main)
    Region$$Table$$Base                      0x00000e68   Number         0  anon$$obj.o(Region$$Table)
    Region$$Table$$Limit                     0x00000e88   Number         0  anon$$obj.o(Region$$Table)
    __stdout                                 0x40000000   Data           4  retarget.o(.data)
    wait_timer                               0x40000004   Data           2  timer_software.o(.data)
    timers                                   0x40000008   Data          40  timer_software.o(.bss)
    uart1_ringbuff_rx                        0x40000430   Data          16  isr_manager.o(.bss)
    __libspace_start                         0x40000440   Data          96  libspace.o(.bss)
    __temporary_stack_top$libspace           0x400004a0   Data           0  libspace.o(.bss)



==============================================================================

Memory Map of the image

  Image Entry point : 0x00000110

  Load Region LR_IROM1 (Base: 0x00000000, Size: 0x00000e90, Max: 0x00040000, ABSOLUTE)

    Execution Region ER_IROM1 (Exec base: 0x00000000, Load base: 0x00000000, Size: 0x00000e88, Max: 0x00040000, ABSOLUTE)

    Exec Addr    Load Addr    Size         Type   Attr      Idx    E Section Name        Object

    0x00000000   0x00000000   0x00000110   Code   RO            3    RESET               startup.o
    0x00000110   0x00000110   0x00000008   Code   RO         3348  * !!!main             c_t.l(__main.o)
    0x00000118   0x00000118   0x0000003c   Code   RO         3584    !!!scatter          c_t.l(__scatter.o)
    0x00000154   0x00000154   0x00000028   Code   RO         3586    !!handler_copy      c_t.l(__scatter_copy.o)
    0x0000017c   0x0000017c   0x0000002c   Code   RO         3588    !!handler_zi        c_t.l(__scatter_zi.o)
    0x000001a8   0x000001a8   0x00000004   Ven    RO         3306    .ARM.Collect$$_printf_percent$$00000000  c_t.l(_printf_percent.o)
    0x000001ac   0x000001ac   0x00000000   Code   RO         3306    .ARM.Collect$$_printf_percent$$00000000  c_t.l(_printf_percent.o)
    0x000001ac   0x000001ac   0x00000008   Code   RO         3304    .ARM.Collect$$_printf_percent$$0000000C  c_t.l(_printf_x.o)
    0x000001b4   0x000001b4   0x00000008   Code   RO         3398    .ARM.Collect$$_printf_percent$$00000017  c_t.l(_printf_percent_end.o)
    0x000001bc   0x000001bc   0x00000008   Ven    RO         3527    .ARM.Collect$$libinit$$00000000  c_t.l(libinit.o)
    0x000001c4   0x000001c4   0x00000002   Code   RO         3527    .ARM.Collect$$libinit$$00000000  c_t.l(libinit.o)
    0x000001c6   0x000001c6   0x00000000   Code   RO         3408    .ARM.Collect$$libinit$$00000002  c_t.l(libinit2.o)
    0x000001c6   0x000001c6   0x00000000   Code   RO         3410    .ARM.Collect$$libinit$$00000004  c_t.l(libinit2.o)
    0x000001c6   0x000001c6   0x00000000   Code   RO         3413    .ARM.Collect$$libinit$$0000000A  c_t.l(libinit2.o)
    0x000001c6   0x000001c6   0x00000000   Code   RO         3415    .ARM.Collect$$libinit$$0000000C  c_t.l(libinit2.o)
    0x000001c6   0x000001c6   0x00000000   Code   RO         3417    .ARM.Collect$$libinit$$0000000E  c_t.l(libinit2.o)
    0x000001c6   0x000001c6   0x00000000   Code   RO         3420    .ARM.Collect$$libinit$$00000011  c_t.l(libinit2.o)
    0x000001c6   0x000001c6   0x00000000   Code   RO         3422    .ARM.Collect$$libinit$$00000013  c_t.l(libinit2.o)
    0x000001c6   0x000001c6   0x00000000   Code   RO         3424    .ARM.Collect$$libinit$$00000015  c_t.l(libinit2.o)
    0x000001c6   0x000001c6   0x00000000   Code   RO         3426    .ARM.Collect$$libinit$$00000017  c_t.l(libinit2.o)
    0x000001c6   0x000001c6   0x00000000   Code   RO         3428    .ARM.Collect$$libinit$$00000019  c_t.l(libinit2.o)
    0x000001c6   0x000001c6   0x00000000   Code   RO         3430    .ARM.Collect$$libinit$$0000001B  c_t.l(libinit2.o)
    0x000001c6   0x000001c6   0x00000000   Code   RO         3432    .ARM.Collect$$libinit$$0000001D  c_t.l(libinit2.o)
    0x000001c6   0x000001c6   0x00000000   Code   RO         3434    .ARM.Collect$$libinit$$0000001F  c_t.l(libinit2.o)
    0x000001c6   0x000001c6   0x00000000   Code   RO         3436    .ARM.Collect$$libinit$$00000021  c_t.l(libinit2.o)
    0x000001c6   0x000001c6   0x00000000   Code   RO         3438    .ARM.Collect$$libinit$$00000023  c_t.l(libinit2.o)
    0x000001c6   0x000001c6   0x00000000   Code   RO         3440    .ARM.Collect$$libinit$$00000025  c_t.l(libinit2.o)
    0x000001c6   0x000001c6   0x00000000   Code   RO         3444    .ARM.Collect$$libinit$$0000002C  c_t.l(libinit2.o)
    0x000001c6   0x000001c6   0x00000000   Code   RO         3446    .ARM.Collect$$libinit$$0000002E  c_t.l(libinit2.o)
    0x000001c6   0x000001c6   0x00000000   Code   RO         3448    .ARM.Collect$$libinit$$00000030  c_t.l(libinit2.o)
    0x000001c6   0x000001c6   0x00000000   Code   RO         3450    .ARM.Collect$$libinit$$00000032  c_t.l(libinit2.o)
    0x000001c6   0x000001c6   0x0000000c   Code   RO         3451    .ARM.Collect$$libinit$$00000033  c_t.l(libinit2.o)
    0x000001d2   0x000001d2   0x00000002   PAD
    0x000001d4   0x000001d4   0x00000008   Ven    RO         3581    .ARM.Collect$$libshutdown$$00000000  c_t.l(libshutdown.o)
    0x000001dc   0x000001dc   0x00000004   Code   RO         3581    .ARM.Collect$$libshutdown$$00000000  c_t.l(libshutdown.o)
    0x000001e0   0x000001e0   0x00000000   Code   RO         3541    .ARM.Collect$$libshutdown$$00000002  c_t.l(libshutdown2.o)
    0x000001e0   0x000001e0   0x00000000   Code   RO         3543    .ARM.Collect$$libshutdown$$00000004  c_t.l(libshutdown2.o)
    0x000001e0   0x000001e0   0x00000000   Code   RO         3546    .ARM.Collect$$libshutdown$$00000007  c_t.l(libshutdown2.o)
    0x000001e0   0x000001e0   0x00000000   Code   RO         3549    .ARM.Collect$$libshutdown$$0000000A  c_t.l(libshutdown2.o)
    0x000001e0   0x000001e0   0x00000000   Code   RO         3551    .ARM.Collect$$libshutdown$$0000000C  c_t.l(libshutdown2.o)
    0x000001e0   0x000001e0   0x00000000   Code   RO         3554    .ARM.Collect$$libshutdown$$0000000F  c_t.l(libshutdown2.o)
    0x000001e0   0x000001e0   0x00000006   Code   RO         3555    .ARM.Collect$$libshutdown$$00000010  c_t.l(libshutdown2.o)
    0x000001e6   0x000001e6   0x00000002   PAD
    0x000001e8   0x000001e8   0x00000000   Code   RO         3352    .ARM.Collect$$rtentry$$00000000  c_t.l(__rtentry.o)
    0x000001e8   0x000001e8   0x00000000   Code   RO         3458    .ARM.Collect$$rtentry$$00000002  c_t.l(__rtentry2.o)
    0x000001e8   0x000001e8   0x00000008   Code   RO         3470    .ARM.Collect$$rtentry$$00000004  c_t.l(__rtentry4.o)
    0x000001f0   0x000001f0   0x00000000   Code   RO         3460    .ARM.Collect$$rtentry$$00000009  c_t.l(__rtentry2.o)
    0x000001f0   0x000001f0   0x00000004   Code   RO         3461    .ARM.Collect$$rtentry$$0000000A  c_t.l(__rtentry2.o)
    0x000001f4   0x000001f4   0x00000000   Code   RO         3463    .ARM.Collect$$rtentry$$0000000C  c_t.l(__rtentry2.o)
    0x000001f4   0x000001f4   0x00000028   Code   RO         3464    .ARM.Collect$$rtentry$$0000000D  c_t.l(__rtentry2.o)
    0x0000021c   0x0000021c   0x00000004   Ven    RO         3528    .ARM.Collect$$rtexit$$00000000  c_t.l(rtexit.o)
    0x00000220   0x00000220   0x00000004   Code   RO         3528    .ARM.Collect$$rtexit$$00000000  c_t.l(rtexit.o)
    0x00000224   0x00000224   0x00000000   Code   RO         3557    .ARM.Collect$$rtexit$$00000002  c_t.l(rtexit2.o)
    0x00000224   0x00000224   0x00000004   Code   RO         3558    .ARM.Collect$$rtexit$$00000003  c_t.l(rtexit2.o)
    0x00000228   0x00000228   0x00000008   Code   RO         3559    .ARM.Collect$$rtexit$$00000004  c_t.l(rtexit2.o)
    0x00000230   0x00000230   0x00000020   Code   RO            4    .text               startup.o
    0x00000250   0x00000250   0x00000004   Code   RO         3174    .text               c_t.l(use_no_semi.o)
    0x00000254   0x00000254   0x00000008   Ven    RO         3248    .text               c_t.l(noretval__2printf.o)
    0x0000025c   0x0000025c   0x0000001c   Code   RO         3248    .text               c_t.l(noretval__2printf.o)
    0x00000278   0x00000278   0x00000076   Code   RO         3252    .text               c_t.l(__printf.o)
    0x000002ee   0x000002ee   0x00000002   PAD
    0x000002f0   0x000002f0   0x00000008   Ven    RO         3265    .text               c_t.l(_printf_hex_int.o)
    0x000002f8   0x000002f8   0x0000005c   Code   RO         3265    .text               c_t.l(_printf_hex_int.o)
    0x00000354   0x00000354   0x00000006   Code   RO         3346    .text               c_t.l(heapauxi.o)
    0x0000035a   0x0000035a   0x000000ba   Code   RO         3388    .text               c_t.l(_printf_intcommon.o)
    0x00000414   0x00000414   0x00000030   Code   RO         3390    .text               c_t.l(_printf_char_common.o)
    0x00000444   0x00000444   0x0000002c   Code   RO         3396    .text               c_t.l(_printf_char_file.o)
    0x00000470   0x00000470   0x0000000c   Code   RO         3454    .text               c_t.l(libspace.o)
    0x0000047c   0x0000047c   0x00000060   Code   RO         3502    .text               c_t.l(sys_stackheap_outer.o)
    0x000004dc   0x000004dc   0x00000014   Code   RO         3508    .text               c_t.l(exit.o)
    0x000004f0   0x000004f0   0x0000005c   Code   RO          481    i.InitInterrupt     isr_manager.o
    0x0000054c   0x0000054c   0x0000000c   Code   RO          196    i.RingBufFlush      ringbuf.o
    0x00000558   0x00000558   0x00000018   Code   RO          199    i.RingBufInit       ringbuf.o
    0x00000570   0x00000570   0x00000030   Code   RO          205    i.RingBufWriteOne   ringbuf.o
    0x000005a0   0x000005a0   0x0000002c   Code   RO          392    i.TIMER_Init        timer.o
    0x000005cc   0x000005cc   0x00000338   Code   RO          295    i.TIMER_SOFTWARE_ModX  timer_software.o
    0x00000904   0x00000904   0x00000084   Code   RO          300    i.TIMER_SOFTWARE_enable_timer  timer_software.o
    0x00000988   0x00000988   0x00000098   Code   RO          301    i.TIMER_SOFTWARE_init  timer_software.o
    0x00000a20   0x00000a20   0x000000c8   Code   RO          304    i.TIMER_SOFTWARE_request_timer  timer_software.o
    0x00000ae8   0x00000ae8   0x00000098   Code   RO          307    i.TIMER_SOFTWARE_start_timer  timer_software.o
    0x00000b80   0x00000b80   0x0000003c   Code   RO          482    i.TIMER_irq         isr_manager.o
    0x00000bbc   0x00000bbc   0x00000040   Code   RO          410    i.UART0_Init        uart0.o
    0x00000bfc   0x00000bfc   0x00000030   Code   RO          411    i.UART0_sendchar    uart0.o
    0x00000c2c   0x00000c2c   0x00000044   Code   RO          431    i.UART1_Init        uart1.o
    0x00000c70   0x00000c70   0x00000058   Code   RO          483    i.UART1_irq         isr_manager.o
    0x00000cc8   0x00000cc8   0x0000008c   Code   RO          434    i.UART1_sendbuffer  uart1.o
    0x00000d54   0x00000d54   0x00000030   Code   RO          435    i.UART1_sendchar    uart1.o
    0x00000d84   0x00000d84   0x0000002c   Code   RO          206    i.UpdateIndexAtomic  ringbuf.o
    0x00000db0   0x00000db0   0x00000002   Code   RO         3256    i.__ARM_common_call_via_r1  c_t.l(__printf.o)
    0x00000db2   0x00000db2   0x00000002   Code   RO         3254    i.__ARM_common_call_via_r2  c_t.l(__printf.o)
    0x00000db4   0x00000db4   0x00000004   Code   RO          148    i._sys_exit         retarget.o
    0x00000db8   0x00000db8   0x00000004   Ven    RO          150    i.ferror            retarget.o
    0x00000dbc   0x00000dbc   0x0000000c   Code   RO          150    i.ferror            retarget.o
    0x00000dc8   0x00000dc8   0x0000001c   Code   RO          151    i.fputc             retarget.o
    0x00000de4   0x00000de4   0x0000005c   Code   RO           11    i.main              main.o
    0x00000e40   0x00000e40   0x00000028   Data   RO         3266    .constdata          c_t.l(_printf_hex_int.o)
    0x00000e68   0x00000e68   0x00000020   Data   RO         3582    Region$$Table       anon$$obj.o


    Execution Region RW_IRAM1 (Exec base: 0x40000000, Load base: 0x00000e88, Size: 0x00002528, Max: 0x00004000, ABSOLUTE)

    Exec Addr    Load Addr    Size         Type   Attr      Idx    E Section Name        Object

    0x40000000   0x00000e88   0x00000004   Data   RW          152    .data               retarget.o
    0x40000004   0x00000e8c   0x00000002   Data   RW          310    .data               timer_software.o
    0x40000006   0x00000e8e   0x00000002   PAD
    0x40000008        -       0x00000028   Zero   RW          309    .bss                timer_software.o
    0x40000030        -       0x00000410   Zero   RW          484    .bss                isr_manager.o
    0x40000440        -       0x00000060   Zero   RW         3455    .bss                c_t.l(libspace.o)
    0x400004a0        -       0x00000000   Zero   RW            2    HEAP                startup.o
    0x400004a0        -       0x00002088   Zero   RW            1    STACK               startup.o


==============================================================================

Image component sizes


      Code (inc. data)   RO Data    RW Data    ZI Data      Debug   Object Name

       240         32          0          0       1040       2336   isr_manager.o
        92         16          0          0          0       5683   main.o
        44          0          0          4          0       3367   retarget.o
       128          0          0          0          0       3119   ringbuf.o
       304         60          0          0       8328        604   startup.o
        44          8          0          0          0        417   timer.o
      1460         24          0          2         40       6750   timer_software.o
       112          8          0          0          0        926   uart0.o
       256         28          0          0          0       3157   uart1.o

    ----------------------------------------------------------------------
      2684        176         32          8       9408      26359   Object Totals
         4          0         32          0          0          0   (incl. Generated)
         0          0          0          2          0          0   (incl. Padding)

    ----------------------------------------------------------------------

      Code (inc. data)   RO Data    RW Data    ZI Data      Debug   Library Member Name

         8          0          0          0          0         68   __main.o
       122          0          0          0          0        208   __printf.o
         0          0          0          0          0          0   __rtentry.o
        44          4          0          0          0          0   __rtentry2.o
         8          0          0          0          0          0   __rtentry4.o
        60          8          0          0          0          0   __scatter.o
        40          0          0          0          0          0   __scatter_copy.o
        44          0          0          0          0          0   __scatter_zi.o
        48          4          0          0          0         96   _printf_char_common.o
        44          6          0          0          0         88   _printf_char_file.o
       100          4         40          0          0         84   _printf_hex_int.o
       186          0          0          0          0         96   _printf_intcommon.o
         4          0          0          0          0          0   _printf_percent.o
         8          0          0          0          0          0   _printf_percent_end.o
         8          0          0          0          0          0   _printf_x.o
        20          0          0          0          0         80   exit.o
         6          0          0          0          0        136   heapauxi.o
        10          0          0          0          0          0   libinit.o
        12          0          0          0          0          0   libinit2.o
        12          0          0          0          0          0   libshutdown.o
         6          0          0          0          0          0   libshutdown2.o
        12          4          0          0         96         68   libspace.o
        36          6          0          0          0         84   noretval__2printf.o
         8          0          0          0          0          0   rtexit.o
        12          0          0          0          0          0   rtexit2.o
        96          0          0          0          0         80   sys_stackheap_outer.o
         4          0          0          0          0         68   use_no_semi.o

    ----------------------------------------------------------------------
       964         36         40          0         96       1156   Library Totals
         6          0          0          0          0          0   (incl. Padding)

    ----------------------------------------------------------------------

      Code (inc. data)   RO Data    RW Data    ZI Data      Debug   Library Name

       958         36         40          0         96       1156   c_t.l

    ----------------------------------------------------------------------
       964         36         40          0         96       1156   Library Totals

    ----------------------------------------------------------------------

==============================================================================


      Code (inc. data)   RO Data    RW Data    ZI Data      Debug   

      3648        212         72          8       9504      26283   Grand Totals
      3648        212         72          8       9504      26283   ELF Image Totals
      3648        212         72          8          0          0   ROM Totals

==============================================================================

    Total RO  Size (Code + RO Data)                 3720 (   3.63kB)
    Total RW  Size (RW Data + ZI Data)              9512 (   9.29kB)
    Total ROM Size (Code + RO Data + RW Data)       3728 (   3.64kB)

==============================================================================

