Component: ARM Compiler 5.06 update 6 (build 750) Tool: armlink [4d35ed]

==============================================================================

Section Cross References

    startup.o(STACK) refers (Special) to heapauxi.o(.text) for __use_two_region_memory
    startup.o(HEAP) refers (Special) to heapauxi.o(.text) for __use_two_region_memory
    startup.o(RESET) refers (Special) to heapauxi.o(.text) for __use_two_region_memory
    startup.o(RESET) refers to isr_manager.o(i.TIMER_irq) for TIMER_irq
    startup.o(RESET) refers to startup.o(STACK) for Stack_Top
    startup.o(RESET) refers to __main.o(!!!main) for __main
    startup.o(.text) refers (Special) to heapauxi.o(.text) for __use_two_region_memory
    startup.o(.text) refers to startup.o(HEAP) for Heap_Mem
    startup.o(.text) refers to startup.o(STACK) for Stack_Mem
    main.o(i.main) refers to timer_software.o(i.TIMER_SOFTWARE_init) for TIMER_SOFTWARE_init
    main.o(i.main) refers to timer.o(i.TIMER_Init) for TIMER_Init
    main.o(i.main) refers to uart0.o(i.UART0_Init) for UART0_Init
    main.o(i.main) refers to uart1.o(i.UART1_Init) for UART1_Init
    main.o(i.main) refers to i2c.o(i.I2C_init) for I2C_init
    main.o(i.main) refers to spi.o(i.SPI0_init) for SPI0_init
    main.o(i.main) refers to noretval__2printf.o(.text) for __2printf
    main.o(i.main) refers to isr_manager.o(i.InitInterrupt) for InitInterrupt
    main.o(i.main) refers to wifi_manager.o(i.Wifi_Manager) for Wifi_Manager
    retarget.o(i._sys_exit) refers (Special) to use_no_semi.o(.text) for __use_no_semihosting_swi
    retarget.o(i._ttywrch) refers (Special) to use_no_semi.o(.text) for __use_no_semihosting_swi
    retarget.o(i._ttywrch) refers to uart0.o(i.UART0_sendchar) for UART0_sendchar
    retarget.o(i.ferror) refers (Special) to use_no_semi.o(.text) for __use_no_semihosting_swi
    retarget.o(i.fputc) refers (Special) to use_no_semi.o(.text) for __use_no_semihosting_swi
    retarget.o(i.fputc) refers to uart0.o(i.UART0_sendchar) for UART0_sendchar
    retarget.o(.data) refers (Special) to use_no_semi.o(.text) for __use_no_semihosting_swi
    ringbuf.o(i.RingBufAdvanceRead) refers to ringbuf.o(i.RingBufUsed) for RingBufUsed
    ringbuf.o(i.RingBufAdvanceRead) refers to ringbuf.o(i.UpdateIndexAtomic) for UpdateIndexAtomic
    ringbuf.o(i.RingBufAdvanceWrite) refers to ringbuf.o(i.RingBufFree) for RingBufFree
    ringbuf.o(i.RingBufFree) refers to ringbuf.o(i.RingBufUsed) for RingBufUsed
    ringbuf.o(i.RingBufFull) refers to aeabi_sdiv.o(.text_udiv) for __aeabi_uidivmod
    ringbuf.o(i.RingBufRead) refers to ringbuf.o(i.RingBufReadOne) for RingBufReadOne
    ringbuf.o(i.RingBufReadOne) refers to ringbuf.o(i.UpdateIndexAtomic) for UpdateIndexAtomic
    ringbuf.o(i.RingBufWrite) refers to ringbuf.o(i.RingBufWriteOne) for RingBufWriteOne
    ringbuf.o(i.RingBufWriteOne) refers to ringbuf.o(i.UpdateIndexAtomic) for UpdateIndexAtomic
    timer_software.o(i.TIMER_SOFTWARE_ModX) refers to timer_software.o(.bss) for timers
    timer_software.o(i.TIMER_SOFTWARE_Wait) refers to timer_software.o(i.TIMER_SOFTWARE_stop_timer) for TIMER_SOFTWARE_stop_timer
    timer_software.o(i.TIMER_SOFTWARE_Wait) refers to timer_software.o(i.TIMER_SOFTWARE_configure_timer) for TIMER_SOFTWARE_configure_timer
    timer_software.o(i.TIMER_SOFTWARE_Wait) refers to timer_software.o(i.TIMER_SOFTWARE_start_timer) for TIMER_SOFTWARE_start_timer
    timer_software.o(i.TIMER_SOFTWARE_Wait) refers to timer_software.o(.data) for wait_timer
    timer_software.o(i.TIMER_SOFTWARE_Wait) refers to timer_software.o(.bss) for timers
    timer_software.o(i.TIMER_SOFTWARE_clear_interrupt) refers to timer_software.o(.bss) for timers
    timer_software.o(i.TIMER_SOFTWARE_configure_timer) refers to timer_software.o(.bss) for timers
    timer_software.o(i.TIMER_SOFTWARE_disable_timer) refers to timer_software.o(.bss) for timers
    timer_software.o(i.TIMER_SOFTWARE_enable_timer) refers to timer_software.o(.bss) for timers
    timer_software.o(i.TIMER_SOFTWARE_init) refers to timer_software.o(i.TIMER_SOFTWARE_request_timer) for TIMER_SOFTWARE_request_timer
    timer_software.o(i.TIMER_SOFTWARE_init) refers to timer_software.o(.bss) for timers
    timer_software.o(i.TIMER_SOFTWARE_init) refers to timer_software.o(.data) for wait_timer
    timer_software.o(i.TIMER_SOFTWARE_interrupt_pending) refers to timer_software.o(.bss) for timers
    timer_software.o(i.TIMER_SOFTWARE_is_Running) refers to timer_software.o(.bss) for timers
    timer_software.o(i.TIMER_SOFTWARE_release_timer) refers to timer_software.o(.bss) for timers
    timer_software.o(i.TIMER_SOFTWARE_request_timer) refers to timer_software.o(.bss) for timers
    timer_software.o(i.TIMER_SOFTWARE_reset_timer) refers to timer_software.o(.bss) for timers
    timer_software.o(i.TIMER_SOFTWARE_set_callback) refers to timer_software.o(.bss) for timers
[...]
    Removing serial_reader_l3.o(i.TMR_SR_cmdSetFrequencyHopTable), (272 bytes).
    Removing serial_reader_l3.o(i.TMR_SR_cmdSetFrequencyHopTableOption), (296 bytes).
    Removing serial_reader_l3.o(i.TMR_SR_cmdSetGPIO), (212 bytes).
    Removing serial_reader_l3.o(i.TMR_SR_cmdSetGPIODirection), (324 bytes).
    Removing serial_reader_l3.o(i.TMR_SR_cmdSetMinimumFrequency), (36 bytes).
    Removing serial_reader_l3.o(i.TMR_SR_cmdSetMode), (156 bytes).
    Removing serial_reader_l3.o(i.TMR_SR_cmdSetPowerMode), (36 bytes).
    Removing serial_reader_l3.o(i.TMR_SR_cmdSetProtocol), (180 bytes).
    Removing serial_reader_l3.o(i.TMR_SR_cmdSetProtocolConfiguration), (2668 bytes).
    Removing serial_reader_l3.o(i.TMR_SR_cmdSetProtocolLicenseKey), (308 bytes).
    Removing serial_reader_l3.o(i.TMR_SR_cmdSetProtocolList), (324 bytes).
    Removing serial_reader_l3.o(i.TMR_SR_cmdSetReadTxPower), (36 bytes).
    Removing serial_reader_l3.o(i.TMR_SR_cmdSetReadWriteTxPower), (196 bytes).
    Removing serial_reader_l3.o(i.TMR_SR_cmdSetReaderConfiguration), (772 bytes).
    Removing serial_reader_l3.o(i.TMR_SR_cmdSetReaderWriteTimeOut), (352 bytes).
    Removing serial_reader_l3.o(i.TMR_SR_cmdSetRegion), (836 bytes).
    Removing serial_reader_l3.o(i.TMR_SR_cmdSetRegionDwellTime), (356 bytes).
    Removing serial_reader_l3.o(i.TMR_SR_cmdSetRegionDwellTimeEnable), (44 bytes).
    Removing serial_reader_l3.o(i.TMR_SR_cmdSetRegionDwellTimeLbtEnable), (300 bytes).
    Removing serial_reader_l3.o(i.TMR_SR_cmdSetRegionLbt), (44 bytes).
    Removing serial_reader_l3.o(i.TMR_SR_cmdSetRegionLbtThreshold), (324 bytes).
    Removing serial_reader_l3.o(i.TMR_SR_cmdSetTxRxPorts), (224 bytes).
    Removing serial_reader_l3.o(i.TMR_SR_cmdSetUserMode), (36 bytes).
    Removing serial_reader_l3.o(i.TMR_SR_cmdSetUserProfile), (1200 bytes).
    Removing serial_reader_l3.o(i.TMR_SR_cmdSetWriteTxPower), (36 bytes).
    Removing serial_reader_l3.o(i.TMR_SR_cmdStopReading), (268 bytes).
    Removing serial_reader_l3.o(i.TMR_SR_cmdTestSendCw), (216 bytes).
    Removing serial_reader_l3.o(i.TMR_SR_cmdTestSendPrbs), (232 bytes).
    Removing serial_reader_l3.o(i.TMR_SR_cmdTestSetFrequency), (224 bytes).
    Removing serial_reader_l3.o(i.TMR_SR_cmdVersion), (160 bytes).
    Removing serial_reader_l3.o(i.TMR_SR_cmdWriteFlashSector), (496 bytes).
    Removing serial_reader_l3.o(i.TMR_SR_cmdWriteGen2TagEpc), (524 bytes).
    Removing serial_reader_l3.o(i.TMR_SR_cmdWriteMemory), (500 bytes).
    Removing serial_reader_l3.o(i.TMR_SR_cmdrebootReader), (72 bytes).
    Removing serial_reader_l3.o(i.TMR_SR_executeEmbeddedRead), (1108 bytes).
    Removing serial_reader_l3.o(i.TMR_SR_msgAddAccessPassword), (148 bytes).
    Removing serial_reader_l3.o(i.TMR_SR_msgAddEM4325GetSensorData), (560 bytes).
    Removing serial_reader_l3.o(i.TMR_SR_msgAddEM4325ResetAlarms), (560 bytes).
    Removing serial_reader_l3.o(i.TMR_SR_msgAddExtendedParams), (212 bytes).
    Removing serial_reader_l3.o(i.TMR_SR_msgAddFDNAuth), (684 bytes).
    Removing serial_reader_l3.o(i.TMR_SR_msgAddFDNLoadREG), (560 bytes).
    Removing serial_reader_l3.o(i.TMR_SR_msgAddFDNMeasure), (612 bytes).
    Removing serial_reader_l3.o(i.TMR_SR_msgAddFDNReadMEM), (668 bytes).
    Removing serial_reader_l3.o(i.TMR_SR_msgAddFDNReadREG), (588 bytes).
    Removing serial_reader_l3.o(i.TMR_SR_msgAddFDNStartStopLOG), (684 bytes).
    Removing serial_reader_l3.o(i.TMR_SR_msgAddFDNStateCheck), (576 bytes).
    Removing serial_reader_l3.o(i.TMR_SR_msgAddFDNWriteMEM), (708 bytes).
    Removing serial_reader_l3.o(i.TMR_SR_msgAddFDNWriteREG), (668 bytes).
    Removing serial_reader_l3.o(i.TMR_SR_msgAddGEN2BlockErase), (464 bytes).
    Removing serial_reader_l3.o(i.TMR_SR_msgAddGEN2BlockPermaLock), (804 bytes).
    Removing serial_reader_l3.o(i.TMR_SR_msgAddGEN2BlockWrite), (856 bytes).
    Removing serial_reader_l3.o(i.TMR_SR_msgAddGEN2DataRead), (412 bytes).
    Removing serial_reader_l3.o(i.TMR_SR_msgAddGEN2DataWrite), (492 bytes).
    Removing serial_reader_l3.o(i.TMR_SR_msgAddGEN2KillTag), (284 bytes).
    Removing serial_reader_l3.o(i.TMR_SR_msgAddGEN2LockTag), (392 bytes).
    Removing serial_reader_l3.o(i.TMR_SR_msgAddGEN2WriteTagEPC), (268 bytes).
    Removing serial_reader_l3.o(i.TMR_SR_msgAddGen2v2NxpAuthenticate), (928 bytes).
    Removing serial_reader_l3.o(i.TMR_SR_msgAddGen2v2NxpReadBuffer), (1088 bytes).
    Removing serial_reader_l3.o(i.TMR_SR_msgAddGen2v2NxpUntraceable), (984 bytes).
    Removing serial_reader_l3.o(i.TMR_SR_msgAddHiggs2FullLoadImage), (788 bytes).
    Removing serial_reader_l3.o(i.TMR_SR_msgAddHiggs2PartialLoadImage), (636 bytes).
    Removing serial_reader_l3.o(i.TMR_SR_msgAddHiggs3BlockReadLock), (712 bytes).
    Removing serial_reader_l3.o(i.TMR_SR_msgAddHiggs3FastLoadImage), (1020 bytes).
    Removing serial_reader_l3.o(i.TMR_SR_msgAddHiggs3LoadImage), (1020 bytes).
    Removing serial_reader_l3.o(i.TMR_SR_msgAddIAVDenatranCustomActivateSiniavMode), (180 bytes).
    Removing serial_reader_l3.o(i.TMR_SR_msgAddIAVDenatranCustomGetTokenId), (536 bytes).
    Removing serial_reader_l3.o(i.TMR_SR_msgAddIAVDenatranCustomOp), (584 bytes).
    Removing serial_reader_l3.o(i.TMR_SR_msgAddIAVDenatranCustomReadFromMemMap), (156 bytes).
    Removing serial_reader_l3.o(i.TMR_SR_msgAddIAVDenatranCustomReadSec), (156 bytes).
    Removing serial_reader_l3.o(i.TMR_SR_msgAddIAVDenatranCustomWriteSec), (248 bytes).
    Removing serial_reader_l3.o(i.TMR_SR_msgAddIAVDenatranCustomWriteToMemMap), (408 bytes).
    Removing serial_reader_l3.o(i.TMR_SR_msgAddILIANTagSelect), (512 bytes).
    Removing serial_reader_l3.o(i.TMR_SR_msgAddIdsSL900aAccessFifoRead), (768 bytes).
    Removing serial_reader_l3.o(i.TMR_SR_msgAddIdsSL900aAccessFifoStatus), (760 bytes).
    Removing serial_reader_l3.o(i.TMR_SR_msgAddIdsSL900aAccessFifoWrite), (808 bytes).
    Removing serial_reader_l3.o(i.TMR_SR_msgAddIdsSL900aEndLog), (708 bytes).
    Removing serial_reader_l3.o(i.TMR_SR_msgAddIdsSL900aGetBatteryLevel), (760 bytes).
    Removing serial_reader_l3.o(i.TMR_SR_msgAddIdsSL900aGetCalibrationData), (708 bytes).
    Removing serial_reader_l3.o(i.TMR_SR_msgAddIdsSL900aGetLogState), (708 bytes).
    Removing serial_reader_l3.o(i.TMR_SR_msgAddIdsSL900aGetMeasurementSetup), (708 bytes).
    Removing serial_reader_l3.o(i.TMR_SR_msgAddIdsSL900aGetSensorValue), (760 bytes).
    Removing serial_reader_l3.o(i.TMR_SR_msgAddIdsSL900aInitialize), (872 bytes).
    Removing serial_reader_l3.o(i.TMR_SR_msgAddIdsSL900aSetCalibrationData), (828 bytes).
    Removing serial_reader_l3.o(i.TMR_SR_msgAddIdsSL900aSetLogLimit), (1080 bytes).
    Removing serial_reader_l3.o(i.TMR_SR_msgAddIdsSL900aSetLogMode), (928 bytes).
    Removing serial_reader_l3.o(i.TMR_SR_msgAddIdsSL900aSetPassword), (884 bytes).
    Removing serial_reader_l3.o(i.TMR_SR_msgAddIdsSL900aSetSfeParameters), (788 bytes).
    Removing serial_reader_l3.o(i.TMR_SR_msgAddIdsSL900aSetShelfLife), (960 bytes).
    Removing serial_reader_l3.o(i.TMR_SR_msgAddIdsSL900aStartLog), (832 bytes).
    Removing serial_reader_l3.o(i.TMR_SR_msgAddMonza4QTReadWrite), (660 bytes).
    Removing serial_reader_l3.o(i.TMR_SR_msgAddMonza6MarginRead), (816 bytes).
    Removing serial_reader_l3.o(i.TMR_SR_msgAddNXPCalibrate), (660 bytes).
    Removing serial_reader_l3.o(i.TMR_SR_msgAddNXPChangeConfig), (660 bytes).
    Removing serial_reader_l3.o(i.TMR_SR_msgAddNXPChangeEAS), (772 bytes).
    Removing serial_reader_l3.o(i.TMR_SR_msgAddNXPEASAlarm), (592 bytes).
    Removing serial_reader_l3.o(i.TMR_SR_msgAddNXPResetReadProtect), (660 bytes).
    Removing serial_reader_l3.o(i.TMR_SR_msgAddNXPSetReadProtect), (660 bytes).
    Removing serial_reader_l3.o(i.TMR_SR_msgAddNXPUCODE7ChangeConfig), (608 bytes).
    Removing serial_reader_l3.o(i.TMR_SR_msgAddReadMemory), (576 bytes).
    Removing serial_reader_l3.o(i.TMR_SR_msgAddWriteMemory), (440 bytes).
    Removing serial_reader_l3.o(i.TMR_SR_msgSetupMultipleProtocolSearch), (1664 bytes).
    Removing serial_reader_l3.o(i.TMR_SR_msgSetupReadTagMultiple), (80 bytes).
    Removing serial_reader_l3.o(i.TMR_SR_msgSetupReadTagMultipleWithMetadata), (1508 bytes).
    Removing serial_reader_l3.o(i.TMR_SR_parseMetadataFromMessage), (556 bytes).
    Removing serial_reader_l3.o(i.TMR_SR_parseMetadataOnly), (1200 bytes).
    Removing serial_reader_l3.o(i.TMR_SR_postprocessReaderSpecificMetadata), (416 bytes).
    Removing serial_reader_l3.o(i.TMR_SR_receiveAutonomousReading), (748 bytes).
    Removing serial_reader_l3.o(i.TMR_SR_receiveMessage), (1156 bytes).
    Removing serial_reader_l3.o(i.TMR_SR_regionConfiguration), (128 bytes).
    Removing serial_reader_l3.o(i.TMR_SR_send), (36 bytes).
    Removing serial_reader_l3.o(i.TMR_SR_sendBytes), (104 bytes).
    Removing serial_reader_l3.o(i.TMR_SR_sendCmd), (44 bytes).
    Removing serial_reader_l3.o(i.TMR_SR_sendMessage), (384 bytes).
    Removing serial_reader_l3.o(i.TMR_SR_sendTimeout), (292 bytes).
    Removing serial_reader_l3.o(i.TMR_fillReaderStats), (1148 bytes).
    Removing serial_reader_l3.o(i.TMR_flush), (184 bytes).
    Removing serial_reader_l3.o(i.TMR_iso18000BBLFValToInt), (76 bytes).
    Removing serial_reader_l3.o(i.TMR_parseTagStats), (520 bytes).
    Removing serial_reader_l3.o(i.extractGen2MemoryBankValues), (288 bytes).
    Removing serial_reader_l3.o(i.fillVersionInfo), (268 bytes).
    Removing serial_reader_l3.o(i.filterbytes), (2196 bytes).
    Removing serial_reader_l3.o(i.getCmdBitCount), (52 bytes).
    Removing serial_reader_l3.o(i.getCmdProfileOffset), (68 bytes).
    Removing serial_reader_l3.o(i.getCmdProtModeBlockCount), (56 bytes).
    Removing serial_reader_l3.o(i.getCmdWordPointer), (52 bytes).
    Removing serial_reader_l3.o(i.parseEBVdata), (124 bytes).
    Removing serial_reader_l3.o(.data), (28 bytes).
    Removing serial_transport_dummy.o(i.TMR_SR_SerialTransportDummyInit), (88 bytes).
    Removing serial_transport_dummy.o(i.TMR_SR_SerialTransportNativeInit), (44 bytes).
    Removing serial_transport_dummy.o(i.s_flush), (44 bytes).
    Removing serial_transport_dummy.o(i.s_open), (12 bytes).
    Removing serial_transport_dummy.o(i.s_receiveBytes), (108 bytes).
    Removing serial_transport_dummy.o(i.s_sendBytes), (100 bytes).
    Removing serial_transport_dummy.o(i.s_setBaudRate), (12 bytes).
    Removing serial_transport_dummy.o(i.s_shutdown), (12 bytes).
    Removing tm_reader.o(i.TMR_GEN2_init_BapParams), (20 bytes).
    Removing tm_reader.o(i.TMR_GPITR_init_enable), (16 bytes).
    Removing tm_reader.o(i.TMR_RP_init_multi), (44 bytes).
    Removing tm_reader.o(i.TMR_RP_init_simple), (92 bytes).
    Removing tm_reader.o(i.TMR_RP_set_enableAutonomousRead), (16 bytes).
    Removing tm_reader.o(i.TMR_RP_set_enableTriggerRead), (60 bytes).
    Removing tm_reader.o(i.TMR_RP_set_filter), (40 bytes).
    Removing tm_reader.o(i.TMR_RP_set_stopTrigger), (48 bytes).
    Removing tm_reader.o(i.TMR_RP_set_tagop), (40 bytes).
    Removing tm_reader.o(i.TMR_RP_set_useFastSearch), (40 bytes).
    Removing tm_reader.o(i.TMR_SR_convertFromEBV), (760 bytes).
    Removing tm_reader.o(i.TMR_SR_convertToEBV), (832 bytes).
    Removing tm_reader.o(i.TMR_STATS_copy), (64 bytes).
    Removing tm_reader.o(i.TMR_STATS_init), (72 bytes).
    Removing tm_reader.o(i.TMR_TA_init_gen2), (20 bytes).
    Removing tm_reader.o(i.TMR_TA_init_gen2_Denatran_IAV_writeCredentials), (184 bytes).
    Removing tm_reader.o(i.TMR_TA_init_gen2_Denatran_IAV_writeSecCredentials), (184 bytes).
    Removing tm_reader.o(i.TMR_TF_init_gen2_select), (68 bytes).
    Removing tm_reader.o(i.TMR_TF_init_tag), (48 bytes).
    Removing tm_reader.o(i.TMR_TF_init_tagtype_select), (28 bytes).
    Removing tm_reader.o(i.TMR_TF_init_uid_select), (68 bytes).
    Removing tm_reader.o(i.TMR_TF_match), (260 bytes).
    Removing tm_reader.o(i.TMR_TLA_init_gen2), (24 bytes).
    Removing tm_reader.o(i.TMR_TRD_MEMBANK_init_data), (24 bytes).
    Removing tm_reader.o(i.TMR_TRD_init), (192 bytes).
    Removing tm_reader.o(i.TMR_TRD_init_data), (24 bytes).
    Removing tm_reader.o(i.TMR_TagOp_init_GEN2_BlockErase), (32 bytes).
    Removing tm_reader.o(i.TMR_TagOp_init_GEN2_BlockPermaLock), (68 bytes).
    Removing tm_reader.o(i.TMR_TagOp_init_GEN2_BlockWrite), (60 bytes).
    Removing tm_reader.o(i.TMR_TagOp_init_GEN2_EM4325_GetSensorData), (104 bytes).
    Removing tm_reader.o(i.TMR_TagOp_init_GEN2_EM4325_ResetAlarms), (48 bytes).
    Removing tm_reader.o(i.TMR_TagOp_init_GEN2_ILN_TagSelectCommand), (40 bytes).
    Removing tm_reader.o(i.TMR_TagOp_init_GEN2_Kill), (24 bytes).
    Removing tm_reader.o(i.TMR_TagOp_init_GEN2_Lock), (32 bytes).
    Removing tm_reader.o(i.TMR_TagOp_init_GEN2_ReadData), (32 bytes).
    Removing tm_reader.o(i.TMR_TagOp_init_GEN2_SecurePassWord), (48 bytes).
    Removing tm_reader.o(i.TMR_TagOp_init_GEN2_SecureReadData), (56 bytes).
    Removing tm_reader.o(i.TMR_TagOp_init_GEN2_WriteData), (48 bytes).
    Removing tm_reader.o(i.TMR_TagOp_init_GEN2_WriteTag), (20 bytes).
    Removing tm_reader.o(i.TMR_TagOp_init_GEN2_fdn_Auth), (56 bytes).
    Removing tm_reader.o(i.TMR_TagOp_init_GEN2_fdn_LoadREG), (44 bytes).
    Removing tm_reader.o(i.TMR_TagOp_init_GEN2_fdn_Measure), (56 bytes).
    Removing tm_reader.o(i.TMR_TagOp_init_GEN2_fdn_ReadMEM), (52 bytes).
    Removing tm_reader.o(i.TMR_TagOp_init_GEN2_fdn_ReadREG), (44 bytes).
    Removing tm_reader.o(i.TMR_TagOp_init_GEN2_fdn_StartStopLOG), (56 bytes).
    Removing tm_reader.o(i.TMR_TagOp_init_GEN2_fdn_StateCheck), (44 bytes).
    Removing tm_reader.o(i.TMR_TagOp_init_GEN2_fdn_WriteMEM), (56 bytes).
    Removing tm_reader.o(i.TMR_TagOp_init_GEN2_fdn_WriteREG), (56 bytes).
    Removing tm_reader.o(i.TMR_TagOp_init_ISO180006B_Lock), (24 bytes).
    Removing tm_reader.o(i.TMR_TagOp_init_ISO180006B_ReadData), (28 bytes).
    Removing tm_reader.o(i.TMR_TagOp_init_ISO180006B_WriteData), (44 bytes).
    Removing tm_reader.o(i.TMR_TagOp_init_PassThrough), (60 bytes).
    Removing tm_reader.o(i.TMR_TagOp_init_ReadMemory), (44 bytes).
    Removing tm_reader.o(i.TMR_TagOp_init_WriteMemory), (68 bytes).
    Removing tm_reader.o(i.TMR__notifyTransportListeners), (88 bytes).
    Removing tm_reader.o(i.TMR_addTransportListener), (24 bytes).
    Removing tm_reader.o(i.TMR_create), (464 bytes).
    Removing tm_reader.o(i.TMR_create_alloc), (72 bytes).
    Removing tm_reader.o(i.TMR_findDupTag), (260 bytes).
    Removing tm_reader.o(i.TMR_idleHandler), (28 bytes).
    Removing tm_reader.o(i.TMR_initSerialTransportTable), (300 bytes).
    Removing tm_reader.o(i.TMR_init_UserConfigOp), (24 bytes).
    Removing tm_reader.o(i.TMR_memoryProvider), (120 bytes).
    Removing tm_reader.o(i.TMR_paramGet), (176 bytes).
    Removing tm_reader.o(i.TMR_paramList), (180 bytes).
    Removing tm_reader.o(i.TMR_paramProbe), (192 bytes).
    Removing tm_reader.o(i.TMR_paramSet), (236 bytes).
    Removing tm_reader.o(i.TMR_readIntoArray), (880 bytes).
    Removing tm_reader.o(i.TMR_reader_init_internal), (240 bytes).
    Removing tm_reader.o(i.TMR_receiveAutonomousReading), (76 bytes).
    Removing tm_reader.o(i.TMR_removeTransportListener), (88 bytes).
    Removing tm_reader.o(i.TMR_setSerialTransport), (324 bytes).
    Removing tm_reader.o(i.TMR_set_accessPassword), (16 bytes).
    Removing tm_reader.o(i.TMR_updateDupTag), (96 bytes).
    Removing tm_reader.o(i.checkForAvailableFeatures), (132 bytes).
    Removing tm_reader.o(i.checkForAvailableReaderFeatures), (4 bytes).
    Removing tm_reader.o(i.getAddrByteExtEnabledVersion), (80 bytes).
    Removing tm_reader.o(i.validateReadPlan), (92 bytes).
    Removing tm_reader.o(i.versionCompare), (204 bytes).
    Removing tm_reader.o(.bss), (560 bytes).
    Removing tm_reader.o(.data), (12 bytes).
    Removing tm_reader_async.o(i.TMR_addReadExceptionListener), (44 bytes).
    Removing tm_reader_async.o(i.TMR_addReadListener), (44 bytes).
    Removing tm_reader_async.o(i.TMR_addStatsListener), (44 bytes).
    Removing tm_reader_async.o(i.TMR_isReadStopped), (12 bytes).
    Removing tm_reader_async.o(i.TMR_startReading), (100 bytes).
    Removing tm_reader_async.o(i.TMR_stopReading), (180 bytes).
    Removing tm_reader_async.o(i.notify_exception_listeners), (72 bytes).
    Removing tm_reader_async.o(i.notify_read_listeners), (72 bytes).
    Removing tm_reader_async.o(i.notify_stats_listeners), (80 bytes).
    Removing tm_reader_async.o(i.reset_continuous_reading), (44 bytes).
    Removing tm_reader_async.o(i.restart_reading), (180 bytes).
    Removing tm_reader_async.o(.data), (1 bytes).
    Removing tmr_utils.o(i.TMR_byteArrayToInt), (52 bytes).
    Removing tmr_utils.o(i.TMR_byteArrayToLong), (80 bytes).
    Removing tmr_utils.o(i.TMR_byteArrayToShort), (52 bytes).
    Removing tmr_utils.o(i.TMR_bytesToWords), (156 bytes).
    Removing tmr_utils.o(i.TMR_makeBitMask), (120 bytes).
    Removing tmr_utils.o(i.TMR_stringCopy), (88 bytes).
    Removing tmr_utils.o(i.TMR_wordsToBytes), (68 bytes).
    Removing tmr_utils.o(i.tm_gettime_consistent), (68 bytes).
    Removing tmr_utils.o(i.tm_memcpy), (52 bytes).
    Removing tmr_utils.o(i.tm_strcasecmp), (152 bytes).
    Removing tmr_utils.o(i.tm_strchr), (60 bytes).
    Removing tmr_utils.o(i.tm_strcpy), (36 bytes).
    Removing tmr_utils.o(i.tm_time_subtract), (36 bytes).
    Removing tmr_utils.o(i.tm_u8s_per_bits), (36 bytes).
    Removing reader_manager.o(i.ConfigInit), (220 bytes).
    Removing reader_manager.o(i.ReaderManagerInit), (176 bytes).
    Removing reader_manager.o(i.Reader_GET_route_status), (28 bytes).
    Removing reader_manager.o(i.Reader_HW_Reset), (56 bytes).
    Removing reader_manager.o(i.Reader_Manager), (1168 bytes).
    Removing reader_manager.o(i.reader_recovery), (264 bytes).
    Removing reader_manager.o(i.validate_tag_criteria), (32 bytes).
    Removing reader_manager.o(.bss), (2552 bytes).
    Removing reader_manager.o(.data), (8 bytes).
    Removing hostcommmanager.o(i.HostComm_Manager), (104 bytes).
    Removing hostcommmanager.o(i.HostComm_decode_requests), (180 bytes).

465 unused section(s) (total 152219 bytes) removed from the image.

==============================================================================

Adding Veneers to the image

    Adding TA veneer (4 bytes, Inline) for call to '_printf_percent' from __printf_flags_wp.o(.text).
    Adding AT veneer (8 bytes, Inline) for call to '__rt_lib_init' from __rtentry2.o(.ARM.Collect$$rtentry$$0000000A).
    Adding AT veneer (8 bytes, Inline) for call to '__rt_lib_shutdown' from rtexit2.o(.ARM.Collect$$rtexit$$00000003).
    Adding TA veneer (4 bytes, Inline) for call to '__rt_exit' from exit.o(.text).
    Adding AT veneer (8 bytes, Inline) for call to '__2printf' from spi.o(i.GPIO_Handsake_irq).
    Adding AT veneer (8 bytes, Inline) for call to '_printf_char' from _printf_c.o(.ARM.Collect$$_printf_percent$$00000013).
    Adding TA veneer (4 bytes, Inline) for call to 'ferror' from _printf_char_file.o(.text).

7 Veneer(s) (total 44 bytes) added to the image.

==============================================================================

Image Stack Usage Information.

Maximum stack usage for Image.

Maximum Stack Usage for main 0xa8 bytes.
Call chain for maximum stack usage:
main => Wifi_Manager => __2printf

Maximum stack usage per global function.

Maximum Stack Usage for GPIO_Handsake_irq 0xa0 bytes.
Call chain for maximum stack usage:
GPIO_Handsake_irq => __2printf

Maximum Stack Usage for I2C_irq 0x28 bytes.
Call chain for maximum stack usage:
I2C_irq => compute_crc

Maximum Stack Usage for InitInterrupt 0x8 bytes.
Call chain for maximum stack usage:
InitInterrupt

Maximum Stack Usage for RingBufWriteOne 0x10 bytes.
Call chain for maximum stack usage:
RingBufWriteOne

Maximum Stack Usage for SPI0_init 0x8 bytes.
Call chain for maximum stack usage:
SPI0_init

Maximum Stack Usage for SPI0_irq 0xc bytes.
Call chain for maximum stack usage:
SPI0_irq

Maximum Stack Usage for TIMER_SOFTWARE_ModX 0x8 bytes.
Call chain for maximum stack usage:
TIMER_SOFTWARE_ModX

Maximum Stack Usage for TIMER_SOFTWARE_configure_timer 0x8 bytes.
Call chain for maximum stack usage:
TIMER_SOFTWARE_configure_timer

Maximum Stack Usage for TIMER_SOFTWARE_init 0x8 bytes.
Call chain for maximum stack usage:
TIMER_SOFTWARE_init

Maximum Stack Usage for TIMER_irq 0x20 bytes.
Call chain for maximum stack usage:
TIMER_irq => TIMER_SOFTWARE_ModX

Maximum Stack Usage for UART1_Init 0x10 bytes.
Call chain for maximum stack usage:
UART1_Init => TIMER_SOFTWARE_configure_timer

Maximum Stack Usage for UART1_irq 0x30 bytes.
Call chain for maximum stack usage:
UART1_irq => RingBufWriteOne

Maximum Stack Usage for Wifi_Manager 0xa8 bytes.
Call chain for maximum stack usage:
Wifi_Manager => __2printf

Maximum Stack Usage for compute_crc 0x8 bytes.
Call chain for maximum stack usage:
compute_crc

Maximum Stack Usage for fputc 0x10 bytes.
Call chain for maximum stack usage:
fputc

Maximum Stack Usage for main 0xa8 bytes.
Call chain for maximum stack usage:
main => Wifi_Manager => __2printf

Maximum Stack Usage for spi0_get_response 0x10 bytes.
Call chain for maximum stack usage:
spi0_get_response

Maximum Stack Usage for spi0_process_request 0x18 bytes.
Call chain for maximum stack usage:
spi0_process_request => spi0_sendReceive_message


Potential Stack Usage Inaccuracies.

Functions with no stack size information.

 * Reset_Handler
 * __user_initial_stackheap
 * Undef_Handler
 * SWI_Handler
 * PAbt_Handler
 * DAbt_Handler
 * IRQ_Handler
 * FIQ_Handler

Mutually recursive functions.

 * Undef_Handler => Undef_Handler
 * SWI_Handler => SWI_Handler
 * PAbt_Handler => PAbt_Handler
 * DAbt_Handler => DAbt_Handler
 * IRQ_Handler => IRQ_Handler

Untraceable function pointers.

 * DAbt_Handler from startup.o(RESET) referenced from startup.o(RESET)
 * FIQ_Handler from startup.o(RESET) referenced from startup.o(RESET)
 * GPIO_Handsake_irq from spi.o(i.GPIO_Handsake_irq) referenced from isr_manager.o(i.InitInterrupt)
 * I2C_irq from i2c.o(i.I2C_irq) referenced from isr_manager.o(i.InitInterrupt)
 * IRQ_Handler from startup.o(RESET) referenced from startup.o(RESET)
 * PAbt_Handler from startup.o(RESET) referenced from startup.o(RESET)
 * Reset_Handler from startup.o(RESET) referenced from startup.o(RESET)
 * SPI0_irq from spi.o(i.SPI0_irq) referenced from isr_manager.o(i.InitInterrupt)
 * SWI_Handler from startup.o(RESET) referenced from startup.o(RESET)
 * UART1_irq from isr_manager.o(i.UART1_irq) referenced from isr_manager.o(i.InitInterrupt)
 * Undef_Handler from startup.o(RESET) referenced from startup.o(RESET)
 * __main from __main.o(!!!main) referenced from startup.o(RESET)
 * _printf_input_char from _printf_char_common.o(.text) referenced from _printf_char_common.o(.text)
 * fputc from retarget.o(i.fputc) referenced from _printf_char_file.o(.text)
 * main from main.o(i.main) referenced from __rtentry2.o(.ARM.Collect$$rtentry$$0000000D)

==============================================================================

Image Symbol Table

    Local Symbols

    Symbol Name                              Value     Ov Type        Size  Object(Section)

    RESET                                    0x00000000   Section      272  startup.o(RESET)
    ../clib/angel/boardlib.s                 0x00000000   Number         0  boardshut.o ABSOLUTE
    ../clib/angel/boardlib.s                 0x00000000   Number         0  boardinit2.o ABSOLUTE
    ../clib/angel/boardlib.s                 0x00000000   Number         0  boardinit3.o ABSOLUTE
    ../clib/angel/boardlib.s                 0x00000000   Number         0  boardinit1.o ABSOLUTE
    ../clib/angel/handlers.s                 0x00000000   Number         0  __scatter_copy.o ABSOLUTE
    ../clib/angel/handlers.s                 0x00000000   Number         0  __scatter_zi.o ABSOLUTE
    ../clib/angel/kernel.s                   0x00000000   Number         0  rtexit2.o ABSOLUTE
    ../clib/angel/kernel.s                   0x00000000   Number         0  __rtentry4.o ABSOLUTE
    ../clib/angel/kernel.s                   0x00000000   Number         0  __rtentry2.o ABSOLUTE
    ../clib/angel/kernel.s                   0x00000000   Number         0  __rtentry.o ABSOLUTE
    ../clib/angel/kernel.s                   0x00000000   Number         0  rtexit.o ABSOLUTE
    ../clib/angel/rt.s                       0x00000000   Number         0  aeabi_idiv0.o ABSOLUTE
    ../clib/angel/rt.s                       0x00000000   Number         0  aeabi_idiv0_sigfpe.o ABSOLUTE
    ../clib/angel/rt.s                       0x00000000   Number         0  rt_heap_descriptor.o ABSOLUTE
    ../clib/angel/rt.s                       0x00000000   Number         0  rt_div0.o ABSOLUTE
    ../clib/angel/rt.s                       0x00000000   Number         0  rt_heap_descriptor_intlibspace.o ABSOLUTE
    ../clib/angel/rt.s                       0x00000000   Number         0  rt_raise.o ABSOLUTE
    ../clib/angel/scatter.s                  0x00000000   Number         0  __scatter.o ABSOLUTE
    ../clib/angel/startup.s                  0x00000000   Number         0  __main.o ABSOLUTE
    ../clib/angel/sys.s                      0x00000000   Number         0  use_no_semi.o ABSOLUTE
    ../clib/angel/sys.s                      0x00000000   Number         0  sys_stackheap_outer.o ABSOLUTE
    ../clib/angel/sys.s                      0x00000000   Number         0  libspace.o ABSOLUTE
    ../clib/angel/sys.s                      0x00000000   Number         0  mutex_dummy.o ABSOLUTE
    ../clib/angel/sys.s                      0x00000000   Number         0  indicate_semi.o ABSOLUTE
    ../clib/angel/sysapp.c                   0x00000000   Number         0  sys_command.o ABSOLUTE
    ../clib/armsys.c                         0x00000000   Number         0  _get_argv.o ABSOLUTE
    ../clib/armsys.c                         0x00000000   Number         0  _get_argv_nomalloc.o ABSOLUTE
    ../clib/armsys.c                         0x00000000   Number         0  no_argv.o ABSOLUTE
    ../clib/armsys.c                         0x00000000   Number         0  argv_veneer.o ABSOLUTE
    ../clib/armsys.c                         0x00000000   Number         0  argv_veneer.o ABSOLUTE
    ../clib/division.s                       0x00000000   Number         0  aeabi_sdiv.o ABSOLUTE
    ../clib/division.s                       0x00000000   Number         0  aeabi_sdiv_div0.o ABSOLUTE
    ../clib/division.s                       0x00000000   Number         0  rtudiv10.o ABSOLUTE
    ../clib/divrt.s                          0x00000000   Number         0  divrt_7tdmi.o ABSOLUTE
    ../clib/divrt.s                          0x00000000   Number         0  divrt_7tdmi_div0.o ABSOLUTE
    ../clib/heap1.c                          0x00000000   Number         0  h1_extend.o ABSOLUTE
    ../clib/heap1.c                          0x00000000   Number         0  h1_realloc_mt.o ABSOLUTE
    ../clib/heap1.c                          0x00000000   Number         0  h1_alloc_mt.o ABSOLUTE
    ../clib/heap1.c                          0x00000000   Number         0  h1_realloc.o ABSOLUTE
    ../clib/heap1.c                          0x00000000   Number         0  h1_alloc.o ABSOLUTE
    ../clib/heap1.c                          0x00000000   Number         0  h1_extend_mt.o ABSOLUTE
    ../clib/heap1.c                          0x00000000   Number         0  h1_final.o ABSOLUTE
    ../clib/heap1.c                          0x00000000   Number         0  h1_final_mt.o ABSOLUTE
    ../clib/heap1.c                          0x00000000   Number         0  h1_free_mt.o ABSOLUTE
    ../clib/heap1.c                          0x00000000   Number         0  h1_init_mt.o ABSOLUTE
    ../clib/heap1.c                          0x00000000   Number         0  h1_free.o ABSOLUTE
    ../clib/heap1.c                          0x00000000   Number         0  h1_init.o ABSOLUTE
    ../clib/heap2.c                          0x00000000   Number         0  heap2mt.o ABSOLUTE
    ../clib/heap2.c                          0x00000000   Number         0  heap2.o ABSOLUTE
    ../clib/heap2.c                          0x00000000   Number         0  fdtree.o ABSOLUTE
    ../clib/heapalloc.c                      0x00000000   Number         0  realloc.o ABSOLUTE
    ../clib/heapalloc.c                      0x00000000   Number         0  term_alloc.o ABSOLUTE
    ../clib/heapalloc.c                      0x00000000   Number         0  hguard.o ABSOLUTE
    ../clib/heapalloc.c                      0x00000000   Number         0  malloc.o ABSOLUTE
    ../clib/heapalloc.c                      0x00000000   Number         0  init_alloc.o ABSOLUTE
    ../clib/heapalloc.c                      0x00000000   Number         0  free.o ABSOLUTE
    ../clib/heapalloc.c                      0x00000000   Number         0  maybetermalloc2.o ABSOLUTE
    ../clib/heapalloc.c                      0x00000000   Number         0  maybetermalloc2.o ABSOLUTE
    ../clib/heapalloc.c                      0x00000000   Number         0  maybetermalloc1.o ABSOLUTE
    ../clib/heapalloc.c                      0x00000000   Number         0  maybetermalloc1.o ABSOLUTE
    ../clib/heapalloc.c                      0x00000000   Number         0  hrguard.o ABSOLUTE
    ../clib/heapalloc.c                      0x00000000   Number         0  heapstubs.o ABSOLUTE
    ../clib/heapaux.c                        0x00000000   Number         0  heapauxi.o ABSOLUTE
    ../clib/heapaux.c                        0x00000000   Number         0  heapauxa.o ABSOLUTE
    ../clib/libinit.s                        0x00000000   Number         0  libinit2.o ABSOLUTE
    ../clib/libinit.s                        0x00000000   Number         0  libshutdown2.o ABSOLUTE
    ../clib/libinit.s                        0x00000000   Number         0  libinit.o ABSOLUTE
    ../clib/libinit.s                        0x00000000   Number         0  libshutdown.o ABSOLUTE
    ../clib/longlong.s                       0x00000000   Number         0  llshl.o ABSOLUTE
    ../clib/memcpset.s                       0x00000000   Number         0  strcmp.o ABSOLUTE
    ../clib/memcpset.s                       0x00000000   Number         0  rt_memmove_w.o ABSOLUTE
    ../clib/memcpset.s                       0x00000000   Number         0  strncpy.o ABSOLUTE
    ../clib/memcpset.s                       0x00000000   Number         0  rt_memcpy_w.o ABSOLUTE
    ../clib/memcpset.s                       0x00000000   Number         0  rt_memclr_w.o ABSOLUTE
    ../clib/memcpset.s                       0x00000000   Number         0  rt_memclr.o ABSOLUTE
    ../clib/memcpset.s                       0x00000000   Number         0  aeabi_memset.o ABSOLUTE
    ../clib/memcpset.s                       0x00000000   Number         0  rt_memmove.o ABSOLUTE
    ../clib/memcpset.s                       0x00000000   Number         0  rt_memcpy.o ABSOLUTE
    ../clib/misc.s                           0x00000000   Number         0  printf_stubs.o ABSOLUTE
    ../clib/printf.c                         0x00000000   Number         0  __printf_flags_ss_wp.o ABSOLUTE
    ../clib/printf.c                         0x00000000   Number         0  _printf_intcommon.o ABSOLUTE
    ../clib/printf.c                         0x00000000   Number         0  __printf_nopercent.o ABSOLUTE
    ../clib/printf.c                         0x00000000   Number         0  _printf_char_file.o ABSOLUTE
    ../clib/printf.c                         0x00000000   Number         0  _printf_char.o ABSOLUTE
    ../clib/printf.c                         0x00000000   Number         0  _sputc.o ABSOLUTE
    ../clib/printf.c                         0x00000000   Number         0  _printf_char_common.o ABSOLUTE
    ../clib/printf.c                         0x00000000   Number         0  _printf_dec.o ABSOLUTE
    ../clib/printf.c                         0x00000000   Number         0  __2printf.o ABSOLUTE
    ../clib/printf.c                         0x00000000   Number         0  __2sprintf.o ABSOLUTE
    ../clib/printf.c                         0x00000000   Number         0  noretval__2printf.o ABSOLUTE
    ../clib/printf.c                         0x00000000   Number         0  noretval__2sprintf.o ABSOLUTE
    ../clib/printf.c                         0x00000000   Number         0  __printf.o ABSOLUTE
    ../clib/printf.c                         0x00000000   Number         0  _printf_pad.o ABSOLUTE
    ../clib/printf.c                         0x00000000   Number         0  _printf_str.o ABSOLUTE
    ../clib/printf.c                         0x00000000   Number         0  _printf_hex_ll.o ABSOLUTE
    ../clib/printf.c                         0x00000000   Number         0  _printf_hex_int.o ABSOLUTE
    ../clib/printf.c                         0x00000000   Number         0  _printf_hex_int_ll.o ABSOLUTE
    ../clib/printf.c                         0x00000000   Number         0  _printf_hex_ptr.o ABSOLUTE
    ../clib/printf.c                         0x00000000   Number         0  _printf_hex_int_ptr.o ABSOLUTE
    ../clib/printf.c                         0x00000000   Number         0  _printf_hex_ll_ptr.o ABSOLUTE
    ../clib/printf.c                         0x00000000   Number         0  _printf_hex_int_ll_ptr.o ABSOLUTE
    ../clib/printf.c                         0x00000000   Number         0  __printf_flags.o ABSOLUTE
    ../clib/printf.c                         0x00000000   Number         0  __printf_ss.o ABSOLUTE
    ../clib/printf.c                         0x00000000   Number         0  __printf_flags_ss.o ABSOLUTE
    ../clib/printf.c                         0x00000000   Number         0  __printf_wp.o ABSOLUTE
    ../clib/printf.c                         0x00000000   Number         0  __printf_flags_wp.o ABSOLUTE
    ../clib/printf.c                         0x00000000   Number         0  __printf_ss_wp.o ABSOLUTE
    ../clib/printf_percent.s                 0x00000000   Number         0  _printf_percent_end.o ABSOLUTE
    ../clib/printf_percent.s                 0x00000000   Number         0  _printf_s.o ABSOLUTE
    ../clib/printf_percent.s                 0x00000000   Number         0  _printf_percent.o ABSOLUTE
    ../clib/printf_percent.s                 0x00000000   Number         0  _printf_d.o ABSOLUTE
    ../clib/printf_percent.s                 0x00000000   Number         0  _printf_x.o ABSOLUTE
    ../clib/printf_percent.s                 0x00000000   Number         0  _printf_c.o ABSOLUTE
    ../clib/signal.c                         0x00000000   Number         0  __raise.o ABSOLUTE
    ../clib/signal.c                         0x00000000   Number         0  defsig_rtmem_formal.o ABSOLUTE
    ../clib/signal.c                         0x00000000   Number         0  defsig_abrt_inner.o ABSOLUTE
    ../clib/signal.c                         0x00000000   Number         0  defsig_other.o ABSOLUTE
    ../clib/signal.c                         0x00000000   Number         0  defsig_cppl_inner.o ABSOLUTE
    ../clib/signal.c                         0x00000000   Number         0  defsig_pvfn_inner.o ABSOLUTE
    ../clib/signal.c                         0x00000000   Number         0  defsig_segv_inner.o ABSOLUTE
    ../clib/signal.c                         0x00000000   Number         0  defsig_stak_inner.o ABSOLUTE
    ../clib/signal.c                         0x00000000   Number         0  defsig_exit.o ABSOLUTE
    ../clib/signal.c                         0x00000000   Number         0  defsig_fpe_outer.o ABSOLUTE
    ../clib/signal.c                         0x00000000   Number         0  defsig_rtred_inner.o ABSOLUTE
    ../clib/signal.c                         0x00000000   Number         0  defsig_fpe_formal.o ABSOLUTE
    ../clib/signal.c                         0x00000000   Number         0  defsig_rtmem_inner.o ABSOLUTE
    ../clib/signal.c                         0x00000000   Number         0  defsig_rtmem_outer.o ABSOLUTE
    ../clib/signal.c                         0x00000000   Number         0  defsig_general.o ABSOLUTE
    ../clib/signal.c                         0x00000000   Number         0  defsig_fpe_inner.o ABSOLUTE
    ../clib/signal.s                         0x00000000   Number         0  defsig.o ABSOLUTE
    ../clib/stdlib.c                         0x00000000   Number         0  exit.o ABSOLUTE
    ../clib/string.c                         0x00000000   Number         0  strtok_int.o ABSOLUTE
    ../clib/string.c                         0x00000000   Number         0  strtok.o ABSOLUTE
    ../clib/string.c                         0x00000000   Number         0  strcspn.o ABSOLUTE
    ../clib/string.c                         0x00000000   Number         0  strspn.o ABSOLUTE
    ../clib/string.c                         0x00000000   Number         0  memcmp.o ABSOLUTE
    ../clib/string.c                         0x00000000   Number         0  strlen.o ABSOLUTE
    ../clib/string.c                         0x00000000   Number         0  strncmp.o ABSOLUTE
    ../fplib/fpinit.s                        0x00000000   Number         0  fpinit.o ABSOLUTE
    ASW\HostCommManager\HostCommManager.c    0x00000000   Number         0  hostcommmanager.o ABSOLUTE
    ASW\ReaderManager\reader_manager.c       0x00000000   Number         0  reader_manager.o ABSOLUTE
    ASW\WiFiManager\wifi_manager.c           0x00000000   Number         0  wifi_manager.o ABSOLUTE
    Retarget.c                               0x00000000   Number         0  retarget.o ABSOLUTE
    Startup.s                                0x00000000   Number         0  startup.o ABSOLUTE
    dc.s                                     0x00000000   Number         0  dc.o ABSOLUTE
    hal\ISR_manager.c                        0x00000000   Number         0  isr_manager.o ABSOLUTE
    hal\i2c.c                                0x00000000   Number         0  i2c.o ABSOLUTE
    hal\spi.c                                0x00000000   Number         0  spi.o ABSOLUTE
    hal\timer.c                              0x00000000   Number         0  timer.o ABSOLUTE
    hal\uart0.c                              0x00000000   Number         0  uart0.o ABSOLUTE
    hal\uart1.c                              0x00000000   Number         0  uart1.o ABSOLUTE
    main.c                                   0x00000000   Number         0  main.o ABSOLUTE
    mercuryapi-1.37.1.44\c\src\api\hex_bytes.c 0x00000000   Number         0  hex_bytes.o ABSOLUTE
    mercuryapi-1.37.1.44\c\src\api\osdep_dummy.c 0x00000000   Number         0  osdep_dummy.o ABSOLUTE
    mercuryapi-1.37.1.44\c\src\api\serial_reader.c 0x00000000   Number         0  serial_reader.o ABSOLUTE
    mercuryapi-1.37.1.44\c\src\api\serial_reader_l3.c 0x00000000   Number         0  serial_reader_l3.o ABSOLUTE
    mercuryapi-1.37.1.44\c\src\api\serial_transport_dummy.c 0x00000000   Number         0  serial_transport_dummy.o ABSOLUTE
    mercuryapi-1.37.1.44\c\src\api\tm_reader.c 0x00000000   Number         0  tm_reader.o ABSOLUTE
    mercuryapi-1.37.1.44\c\src\api\tm_reader_async.c 0x00000000   Number         0  tm_reader_async.o ABSOLUTE
    mercuryapi-1.37.1.44\c\src\api\tmr_param.c 0x00000000   Number         0  tmr_param.o ABSOLUTE
    mercuryapi-1.37.1.44\c\src\api\tmr_strerror.c 0x00000000   Number         0  tmr_strerror.o ABSOLUTE
    mercuryapi-1.37.1.44\c\src\api\tmr_utils.c 0x00000000   Number         0  tmr_utils.o ABSOLUTE
    utils\crc.c                              0x00000000   Number         0  crc.o ABSOLUTE
    utils\ringbuf.c                          0x00000000   Number         0  ringbuf.o ABSOLUTE
    utils\timer_software.c                   0x00000000   Number         0  timer_software.o ABSOLUTE
    Undef_Handler                            0x00000040   ARM Code       4  startup.o(RESET)
    SWI_Handler                              0x00000044   ARM Code       4  startup.o(RESET)
    PAbt_Handler                             0x00000048   ARM Code       4  startup.o(RESET)
    DAbt_Handler                             0x0000004c   ARM Code       4  startup.o(RESET)
    IRQ_Handler                              0x00000050   ARM Code       4  startup.o(RESET)
    FIQ_Handler                              0x00000054   ARM Code       4  startup.o(RESET)
    !!!main                                  0x00000110   Section        8  __main.o(!!!main)
    !!!scatter                               0x00000118   Section       60  __scatter.o(!!!scatter)
    !!handler_copy                           0x00000154   Section       40  __scatter_copy.o(!!handler_copy)
    !!handler_zi                             0x0000017c   Section       44  __scatter_zi.o(!!handler_zi)
    .ARM.Collect$$_printf_percent$$00000000  0x000001ac   Section        0  _printf_percent.o(.ARM.Collect$$_printf_percent$$00000000)
    .ARM.Collect$$_printf_percent$$00000013  0x000001ac   Section        8  _printf_c.o(.ARM.Collect$$_printf_percent$$00000013)
    .ARM.Collect$$_printf_percent$$00000017  0x000001b4   Section        8  _printf_percent_end.o(.ARM.Collect$$_printf_percent$$00000017)
    .ARM.Collect$$libinit$$00000000          0x000001c4   Section        2  libinit.o(.ARM.Collect$$libinit$$00000000)
    .ARM.Collect$$libinit$$00000002          0x000001c6   Section        0  libinit2.o(.ARM.Collect$$libinit$$00000002)
    .ARM.Collect$$libinit$$00000004          0x000001c6   Section        0  libinit2.o(.ARM.Collect$$libinit$$00000004)
    .ARM.Collect$$libinit$$0000000A          0x000001c6   Section        0  libinit2.o(.ARM.Collect$$libinit$$0000000A)
    .ARM.Collect$$libinit$$0000000C          0x000001c6   Section        0  libinit2.o(.ARM.Collect$$libinit$$0000000C)
    .ARM.Collect$$libinit$$0000000E          0x000001c6   Section        0  libinit2.o(.ARM.Collect$$libinit$$0000000E)
    .ARM.Collect$$libinit$$00000011          0x000001c6   Section        0  libinit2.o(.ARM.Collect$$libinit$$00000011)
    .ARM.Collect$$libinit$$00000013          0x000001c6   Section        0  libinit2.o(.ARM.Collect$$libinit$$00000013)
    .ARM.Collect$$libinit$$00000015          0x000001c6   Section        0  libinit2.o(.ARM.Collect$$libinit$$00000015)
    .ARM.Collect$$libinit$$00000017          0x000001c6   Section        0  libinit2.o(.ARM.Collect$$libinit$$00000017)
    .ARM.Collect$$libinit$$00000019          0x000001c6   Section        0  libinit2.o(.ARM.Collect$$libinit$$00000019)
    .ARM.Collect$$libinit$$0000001B          0x000001c6   Section        0  libinit2.o(.ARM.Collect$$libinit$$0000001B)
    .ARM.Collect$$libinit$$0000001D          0x000001c6   Section        0  libinit2.o(.ARM.Collect$$libinit$$0000001D)
    .ARM.Collect$$libinit$$0000001F          0x000001c6   Section        0  libinit2.o(.ARM.Collect$$libinit$$0000001F)
    .ARM.Collect$$libinit$$00000021          0x000001c6   Section        0  libinit2.o(.ARM.Collect$$libinit$$00000021)
    .ARM.Collect$$libinit$$00000023          0x000001c6   Section        0  libinit2.o(.ARM.Collect$$libinit$$00000023)
    .ARM.Collect$$libinit$$00000025          0x000001c6   Section        0  libinit2.o(.ARM.Collect$$libinit$$00000025)
    .ARM.Collect$$libinit$$0000002C          0x000001c6   Section        0  libinit2.o(.ARM.Collect$$libinit$$0000002C)
    .ARM.Collect$$libinit$$0000002E          0x000001c6   Section        0  libinit2.o(.ARM.Collect$$libinit$$0000002E)
    .ARM.Collect$$libinit$$00000030          0x000001c6   Section        0  libinit2.o(.ARM.Collect$$libinit$$00000030)
    .ARM.Collect$$libinit$$00000032          0x000001c6   Section        0  libinit2.o(.ARM.Collect$$libinit$$00000032)
    .ARM.Collect$$libinit$$00000033          0x000001c6   Section       12  libinit2.o(.ARM.Collect$$libinit$$00000033)
    .ARM.Collect$$libshutdown$$00000000      0x000001dc   Section        4  libshutdown.o(.ARM.Collect$$libshutdown$$00000000)
    .ARM.Collect$$libshutdown$$00000002      0x000001e0   Section        0  libshutdown2.o(.ARM.Collect$$libshutdown$$00000002)
    .ARM.Collect$$libshutdown$$00000004      0x000001e0   Section        0  libshutdown2.o(.ARM.Collect$$libshutdown$$00000004)
    .ARM.Collect$$libshutdown$$00000007      0x000001e0   Section        0  libshutdown2.o(.ARM.Collect$$libshutdown$$00000007)
    .ARM.Collect$$libshutdown$$0000000A      0x000001e0   Section        0  libshutdown2.o(.ARM.Collect$$libshutdown$$0000000A)
    .ARM.Collect$$libshutdown$$0000000C      0x000001e0   Section        0  libshutdown2.o(.ARM.Collect$$libshutdown$$0000000C)
    .ARM.Collect$$libshutdown$$0000000F      0x000001e0   Section        0  libshutdown2.o(.ARM.Collect$$libshutdown$$0000000F)
    .ARM.Collect$$libshutdown$$00000010      0x000001e0   Section        6  libshutdown2.o(.ARM.Collect$$libshutdown$$00000010)
    .ARM.Collect$$rtentry$$00000000          0x000001e8   Section        0  __rtentry.o(.ARM.Collect$$rtentry$$00000000)
    .ARM.Collect$$rtentry$$00000002          0x000001e8   Section        0  __rtentry2.o(.ARM.Collect$$rtentry$$00000002)
    .ARM.Collect$$rtentry$$00000004          0x000001e8   Section        8  __rtentry4.o(.ARM.Collect$$rtentry$$00000004)
    .ARM.Collect$$rtentry$$00000009          0x000001f0   Section        0  __rtentry2.o(.ARM.Collect$$rtentry$$00000009)
    .ARM.Collect$$rtentry$$0000000A          0x000001f0   Section        4  __rtentry2.o(.ARM.Collect$$rtentry$$0000000A)
    .ARM.Collect$$rtentry$$0000000C          0x000001f4   Section        0  __rtentry2.o(.ARM.Collect$$rtentry$$0000000C)
    .ARM.Collect$$rtentry$$0000000D          0x000001f4   Section       40  __rtentry2.o(.ARM.Collect$$rtentry$$0000000D)
    .ARM.Collect$$rtexit$$00000000           0x00000220   Section        4  rtexit.o(.ARM.Collect$$rtexit$$00000000)
    .ARM.Collect$$rtexit$$00000002           0x00000224   Section        0  rtexit2.o(.ARM.Collect$$rtexit$$00000002)
    .ARM.Collect$$rtexit$$00000003           0x00000224   Section        4  rtexit2.o(.ARM.Collect$$rtexit$$00000003)
    .ARM.Collect$$rtexit$$00000004           0x00000228   Section        8  rtexit2.o(.ARM.Collect$$rtexit$$00000004)
    .text                                    0x00000230   Section       32  startup.o(.text)
    .text                                    0x00000250   Section        4  use_no_semi.o(.text)
    .text                                    0x0000025c   Section        0  noretval__2printf.o(.text)
    .text                                    0x00000278   Section        0  _printf_str.o(.text)
    .text                                    0x000002d0   Section        0  __printf_flags_wp.o(.text)
    .text                                    0x00000418   Section      212  rt_memcpy.o(.text)
    .text                                    0x000004ec   Section      100  rt_memcpy_w.o(.text)
    .text                                    0x00000550   Section       16  aeabi_memset.o(.text)
    .text                                    0x00000560   Section       64  rt_memclr.o(.text)
    .text                                    0x000005a0   Section       84  rt_memclr_w.o(.text)
    .text                                    0x000005f4   Section        0  heapauxi.o(.text)
    .text                                    0x000005fc   Section        0  _printf_char_common.o(.text)
    _printf_input_char                       0x000005fd   Thumb Code    10  _printf_char_common.o(.text)
    .text                                    0x00000634   Section        0  _printf_char.o(.text)
    .text                                    0x00000668   Section        0  _printf_char_file.o(.text)
    .text                                    0x00000694   Section       12  libspace.o(.text)
    .text                                    0x000006a0   Section       96  sys_stackheap_outer.o(.text)
    .text                                    0x00000700   Section        0  exit.o(.text)
    i.GPIO_Handsake_irq                      0x00000714   Section        0  spi.o(i.GPIO_Handsake_irq)
    i.I2C_init                               0x00000774   Section        0  i2c.o(i.I2C_init)
    i.I2C_irq                                0x000007a4   Section        0  i2c.o(i.I2C_irq)
    i.InitInterrupt                          0x00000ad4   Section        0  isr_manager.o(i.InitInterrupt)
    i.RingBufInit                            0x00000b70   Section        0  ringbuf.o(i.RingBufInit)
    i.RingBufWriteOne                        0x00000b88   Section        0  ringbuf.o(i.RingBufWriteOne)
    i.SPI0_init                              0x00000bb8   Section        0  spi.o(i.SPI0_init)
    i.SPI0_irq                               0x00000c58   Section        0  spi.o(i.SPI0_irq)
    i.SPI0_set_slave_select                  0x00000cf0   Section        0  spi.o(i.SPI0_set_slave_select)
    SPI0_set_slave_select                    0x00000cf0   ARM Code      64  spi.o(i.SPI0_set_slave_select)
    i.TIMER_Init                             0x00000d34   Section        0  timer.o(i.TIMER_Init)
    i.TIMER_SOFTWARE_ModX                    0x00000d60   Section        0  timer_software.o(i.TIMER_SOFTWARE_ModX)
    i.TIMER_SOFTWARE_configure_timer         0x00001098   Section        0  timer_software.o(i.TIMER_SOFTWARE_configure_timer)
    i.TIMER_SOFTWARE_init                    0x000012fc   Section        0  timer_software.o(i.TIMER_SOFTWARE_init)
    i.TIMER_SOFTWARE_request_timer           0x00001394   Section        0  timer_software.o(i.TIMER_SOFTWARE_request_timer)
    i.TIMER_irq                              0x00001464   Section        0  isr_manager.o(i.TIMER_irq)
    i.UART0_Init                             0x000014a0   Section        0  uart0.o(i.UART0_Init)
    i.UART0_sendchar                         0x000014e0   Section        0  uart0.o(i.UART0_sendchar)
    i.UART1_Init                             0x00001508   Section        0  uart1.o(i.UART1_Init)
    i.UART1_irq                              0x0000157c   Section        0  isr_manager.o(i.UART1_irq)
    i.UpdateIndexAtomic                      0x000015c4   Section        0  ringbuf.o(i.UpdateIndexAtomic)
    UpdateIndexAtomic                        0x000015c4   ARM Code      44  ringbuf.o(i.UpdateIndexAtomic)
    i.Wifi_Manager                           0x000015f0   Section        0  wifi_manager.o(i.Wifi_Manager)
    i.__ARM_common_call_via_r1               0x000016ac   Section        0  __printf.o(i.__ARM_common_call_via_r1)
    i.__ARM_common_call_via_r2               0x000016ae   Section        0  __printf.o(i.__ARM_common_call_via_r2)
    i._is_digit                              0x000016b0   Section        0  __printf_wp.o(i._is_digit)
    i._sys_exit                              0x000016c0   Section        0  retarget.o(i._sys_exit)
    i.compute_crc                            0x000016c4   Section        0  crc.o(i.compute_crc)
    i.ferror                                 0x00001744   Section        0  retarget.o(i.ferror)
    i.fputc                                  0x00001750   Section        0  retarget.o(i.fputc)
    i.main                                   0x0000176c   Section        0  main.o(i.main)
    i.spi0_get_request_status                0x000017a4   Section        0  spi.o(i.spi0_get_request_status)
    i.spi0_get_response                      0x000017b4   Section        0  spi.o(i.spi0_get_response)
    i.spi0_process_request                   0x00001828   Section        0  spi.o(i.spi0_process_request)
    i.spi0_sendReceive_message               0x00001b08   Section        0  spi.o(i.spi0_sendReceive_message)
    spi0_sendReceive_message                 0x00001b08   ARM Code     140  spi.o(i.spi0_sendReceive_message)
    i.spi0_set_request                       0x00001ba0   Section        0  spi.o(i.spi0_set_request)
    .constdata                               0x00001bfc   Section       32  crc.o(.constdata)
    crctable                                 0x00001bfc   Data          32  crc.o(.constdata)
    .constdata                               0x00001c1c   Section        5  wifi_manager.o(.constdata)
    command                                  0x00001c1c   Data           5  wifi_manager.o(.constdata)
    .constdata                               0x00001c21   Section       17  __printf_flags_wp.o(.constdata)
    maptable                                 0x00001c21   Data          17  __printf_flags_wp.o(.constdata)
    .data                                    0x40000000   Section        4  retarget.o(.data)
    .data                                    0x40000004   Section        2  timer_software.o(.data)
    .data                                    0x40000006   Section        3  uart1.o(.data)
    timer_TX_RX                              0x40000006   Data           2  uart1.o(.data)
    commErrors                               0x40000008   Data           1  uart1.o(.data)
    .data                                    0x4000000c   Section       20  i2c.o(.data)
    i2c_buffer_tx                            0x4000000c   Data           4  i2c.o(.data)
    i2c_buffer_rx                            0x40000010   Data           4  i2c.o(.data)
    response_ready_en                        0x40000014   Data           1  i2c.o(.data)
    RX_data_available_en                     0x40000015   Data           1  i2c.o(.data)
    TX_index                                 0x40000016   Data           1  i2c.o(.data)
    RX_index                                 0x40000017   Data           1  i2c.o(.data)
    i2c_request_pending_buffer               0x40000018   Data           4  i2c.o(.data)
    ptr_buffer                               0x4000001c   Data           4  i2c.o(.data)
    .data                                    0x40000020   Section       11  spi.o(.data)
    command_length                           0x40000020   Data           2  spi.o(.data)
    permanent_spi0_status                    0x40000022   Data           1  spi.o(.data)
    current_spi0_status                      0x40000023   Data           1  spi.o(.data)
    handsake_detected                        0x40000024   Data           1  spi.o(.data)
    byte_transmission_end                    0x40000025   Data           1  spi.o(.data)
    spi0_buffer_index                        0x40000026   Data           2  spi.o(.data)
    process_request_flag                     0x40000028   Data           1  spi.o(.data)
    current_state                            0x40000029   Data           1  spi.o(.data)
    sequence_number                          0x4000002a   Data           1  spi.o(.data)
    .data                                    0x4000002b   Section        1  wifi_manager.o(.data)
    onetime                                  0x4000002b   Data           1  wifi_manager.o(.data)
    .bss                                     0x4000002c   Section      100  timer_software.o(.bss)
    .bss                                     0x40000090   Section     1040  isr_manager.o(.bss)
    uart1_buffer                             0x40000090   Data        1024  isr_manager.o(.bss)
    .bss                                     0x400004a0   Section      762  spi.o(.bss)
    spi0_TX_RX_buffer                        0x400004a0   Data         255  spi.o(.bss)
    command                                  0x4000059f   Data         252  spi.o(.bss)
    spi_response                             0x4000069c   Data         254  spi.o(.bss)
    .bss                                     0x4000079c   Section       96  libspace.o(.bss)
    HEAP                                     0x40000800   Section        0  startup.o(HEAP)
    STACK                                    0x40000800   Section    10368  startup.o(STACK)
    Heap_Mem                                 0x40000800   Data           0  startup.o(HEAP)
    Stack_Mem                                0x40000800   Data        8192  startup.o(STACK)
    Stack_Top                                0x40003080   Data           0  startup.o(STACK)

    Global Symbols

    Symbol Name                              Value     Ov Type        Size  Object(Section)

    BuildAttributes$$THM_ISAv1$ARM_ISAv4$S$PE$A:L22$X:L11$S22$IEEE1$IW$USESV6$~STKCKD$USESV7$~SHL$OTIME$ROPI$EBA8$UX$STANDARDLIB$REQ8$PRES8$EABIv2 0x00000000   Number         0  anon$$obj.o ABSOLUTE
    __ARM_use_no_argv                        0x00000000   Number         0  main.o ABSOLUTE
    _printf_flags                            0x00000000   Number         0  printf_stubs.o ABSOLUTE
    _printf_return_value                     0x00000000   Number         0  printf_stubs.o ABSOLUTE
    _printf_sizespec                         0x00000000   Number         0  printf_stubs.o ABSOLUTE
    _printf_widthprec                        0x00000000   Number         0  printf_stubs.o ABSOLUTE
    __ARM_exceptions_init                     - Undefined Weak Reference
    __alloca_initialize                       - Undefined Weak Reference
    __arm_preinit_                            - Undefined Weak Reference
    __cpp_initialize__aeabi_                  - Undefined Weak Reference
    __cxa_finalize                            - Undefined Weak Reference
    __rt_locale                               - Undefined Weak Reference
    __sigvec_lookup                           - Undefined Weak Reference
    __user_heap_extent                        - Undefined Weak Reference
    _atexit_init                              - Undefined Weak Reference
    _call_atexit_fns                          - Undefined Weak Reference
    _clock_init                               - Undefined Weak Reference
    _fp_trap_init                             - Undefined Weak Reference
    _fp_trap_shutdown                         - Undefined Weak Reference
    _get_lc_collate                           - Undefined Weak Reference
    _get_lc_ctype                             - Undefined Weak Reference
    _get_lc_monetary                          - Undefined Weak Reference
    _get_lc_numeric                           - Undefined Weak Reference
    _get_lc_time                              - Undefined Weak Reference
    _getenv_init                              - Undefined Weak Reference
    _handle_redirection                       - Undefined Weak Reference
    _initio                                   - Undefined Weak Reference
    _mutex_acquire                            - Undefined Weak Reference
    _mutex_free                               - Undefined Weak Reference
    _mutex_release                            - Undefined Weak Reference
    _printf_mbtowc                            - Undefined Weak Reference
    _printf_truncate_signed                   - Undefined Weak Reference
    _printf_truncate_unsigned                 - Undefined Weak Reference
    _rand_init                                - Undefined Weak Reference
    _signal_finish                            - Undefined Weak Reference
    _signal_init                              - Undefined Weak Reference
    _terminateio                              - Undefined Weak Reference
    Reset_Handler                            0x00000058   ARM Code       0  startup.o(RESET)
    __main                                   0x00000110   ARM Code       8  __main.o(!!!main)
    __scatterload                            0x00000118   ARM Code       0  __scatter.o(!!!scatter)
    __scatterload_rt2                        0x00000118   ARM Code      52  __scatter.o(!!!scatter)
    __scatterload_null                       0x0000012c   ARM Code       0  __scatter.o(!!!scatter)
    __scatterload_copy                       0x00000154   ARM Code      40  __scatter_copy.o(!!handler_copy)
    __scatterload_zeroinit                   0x0000017c   ARM Code      44  __scatter_zi.o(!!handler_zi)
    Inline Thumb to ARM Veneer to _printf_percent 0x000001a9   Thumb Code     4  _printf_percent.o(.ARM.Collect$$_printf_percent$$00000000)
    _printf_c                                0x000001ac   ARM Code       0  _printf_c.o(.ARM.Collect$$_printf_percent$$00000013)
    _printf_percent                          0x000001ac   ARM Code       0  _printf_percent.o(.ARM.Collect$$_printf_percent$$00000000)
    _printf_percent_end                      0x000001b4   ARM Code       0  _printf_percent_end.o(.ARM.Collect$$_printf_percent$$00000017)
    Inline ARM to Thumb Veneer to __rt_lib_init 0x000001bc   ARM Code       8  libinit.o(.ARM.Collect$$libinit$$00000000)
    __rt_lib_init                            0x000001c5   Thumb Code     0  libinit.o(.ARM.Collect$$libinit$$00000000)
    __rt_lib_init_alloca_1                   0x000001c7   Thumb Code     0  libinit2.o(.ARM.Collect$$libinit$$0000002E)
    __rt_lib_init_argv_1                     0x000001c7   Thumb Code     0  libinit2.o(.ARM.Collect$$libinit$$0000002C)
    __rt_lib_init_atexit_1                   0x000001c7   Thumb Code     0  libinit2.o(.ARM.Collect$$libinit$$0000001B)
    __rt_lib_init_clock_1                    0x000001c7   Thumb Code     0  libinit2.o(.ARM.Collect$$libinit$$00000021)
    __rt_lib_init_cpp_1                      0x000001c7   Thumb Code     0  libinit2.o(.ARM.Collect$$libinit$$00000032)
    __rt_lib_init_exceptions_1               0x000001c7   Thumb Code     0  libinit2.o(.ARM.Collect$$libinit$$00000030)
    __rt_lib_init_fp_1                       0x000001c7   Thumb Code     0  libinit2.o(.ARM.Collect$$libinit$$00000002)
    __rt_lib_init_fp_trap_1                  0x000001c7   Thumb Code     0  libinit2.o(.ARM.Collect$$libinit$$0000001F)
    __rt_lib_init_getenv_1                   0x000001c7   Thumb Code     0  libinit2.o(.ARM.Collect$$libinit$$00000023)
    __rt_lib_init_heap_1                     0x000001c7   Thumb Code     0  libinit2.o(.ARM.Collect$$libinit$$0000000A)
    __rt_lib_init_lc_collate_1               0x000001c7   Thumb Code     0  libinit2.o(.ARM.Collect$$libinit$$00000011)
    __rt_lib_init_lc_ctype_1                 0x000001c7   Thumb Code     0  libinit2.o(.ARM.Collect$$libinit$$00000013)
    __rt_lib_init_lc_monetary_1              0x000001c7   Thumb Code     0  libinit2.o(.ARM.Collect$$libinit$$00000015)
    __rt_lib_init_lc_numeric_1               0x000001c7   Thumb Code     0  libinit2.o(.ARM.Collect$$libinit$$00000017)
    __rt_lib_init_lc_time_1                  0x000001c7   Thumb Code     0  libinit2.o(.ARM.Collect$$libinit$$00000019)
    __rt_lib_init_preinit_1                  0x000001c7   Thumb Code     0  libinit2.o(.ARM.Collect$$libinit$$00000004)
    __rt_lib_init_rand_1                     0x000001c7   Thumb Code     0  libinit2.o(.ARM.Collect$$libinit$$0000000E)
    __rt_lib_init_return                     0x000001c7   Thumb Code     0  libinit2.o(.ARM.Collect$$libinit$$00000033)
    __rt_lib_init_signal_1                   0x000001c7   Thumb Code     0  libinit2.o(.ARM.Collect$$libinit$$0000001D)
    __rt_lib_init_stdio_1                    0x000001c7   Thumb Code     0  libinit2.o(.ARM.Collect$$libinit$$00000025)
    __rt_lib_init_user_alloc_1               0x000001c7   Thumb Code     0  libinit2.o(.ARM.Collect$$libinit$$0000000C)
    Inline ARM to Thumb Veneer to __rt_lib_shutdown 0x000001d4   ARM Code       8  libshutdown.o(.ARM.Collect$$libshutdown$$00000000)
    __rt_lib_shutdown                        0x000001dd   Thumb Code     0  libshutdown.o(.ARM.Collect$$libshutdown$$00000000)
    __rt_lib_shutdown_cpp_1                  0x000001e1   Thumb Code     0  libshutdown2.o(.ARM.Collect$$libshutdown$$00000002)
    __rt_lib_shutdown_fp_trap_1              0x000001e1   Thumb Code     0  libshutdown2.o(.ARM.Collect$$libshutdown$$00000007)
    __rt_lib_shutdown_heap_1                 0x000001e1   Thumb Code     0  libshutdown2.o(.ARM.Collect$$libshutdown$$0000000F)
    __rt_lib_shutdown_return                 0x000001e1   Thumb Code     0  libshutdown2.o(.ARM.Collect$$libshutdown$$00000010)
    __rt_lib_shutdown_signal_1               0x000001e1   Thumb Code     0  libshutdown2.o(.ARM.Collect$$libshutdown$$0000000A)
    __rt_lib_shutdown_stdio_1                0x000001e1   Thumb Code     0  libshutdown2.o(.ARM.Collect$$libshutdown$$00000004)
    __rt_lib_shutdown_user_alloc_1           0x000001e1   Thumb Code     0  libshutdown2.o(.ARM.Collect$$libshutdown$$0000000C)
    __rt_entry                               0x000001e8   ARM Code       0  __rtentry.o(.ARM.Collect$$rtentry$$00000000)
    __rt_entry_presh_1                       0x000001e8   ARM Code       0  __rtentry2.o(.ARM.Collect$$rtentry$$00000002)
    __rt_entry_sh                            0x000001e8   ARM Code       0  __rtentry4.o(.ARM.Collect$$rtentry$$00000004)
    __rt_entry_li                            0x000001f0   ARM Code       0  __rtentry2.o(.ARM.Collect$$rtentry$$0000000A)
    __rt_entry_postsh_1                      0x000001f0   ARM Code       0  __rtentry2.o(.ARM.Collect$$rtentry$$00000009)
    __rt_entry_main                          0x000001f4   ARM Code       0  __rtentry2.o(.ARM.Collect$$rtentry$$0000000D)
    __rt_entry_postli_1                      0x000001f4   ARM Code       0  __rtentry2.o(.ARM.Collect$$rtentry$$0000000C)
    Inline Thumb to ARM Veneer to __rt_exit  0x0000021d   Thumb Code     4  rtexit.o(.ARM.Collect$$rtexit$$00000000)
    __rt_exit                                0x00000220   ARM Code       0  rtexit.o(.ARM.Collect$$rtexit$$00000000)
    __rt_exit_ls                             0x00000224   ARM Code       0  rtexit2.o(.ARM.Collect$$rtexit$$00000003)
    __rt_exit_prels_1                        0x00000224   ARM Code       0  rtexit2.o(.ARM.Collect$$rtexit$$00000002)
    __rt_exit_exit                           0x00000228   ARM Code       0  rtexit2.o(.ARM.Collect$$rtexit$$00000004)
    __user_initial_stackheap                 0x00000230   ARM Code       0  startup.o(.text)
    __I$use$semihosting                      0x00000250   ARM Code       0  use_no_semi.o(.text)
    __use_no_semihosting_swi                 0x00000250   ARM Code       4  use_no_semi.o(.text)
    Inline ARM to Thumb Veneer to __2printf  0x00000254   ARM Code       8  noretval__2printf.o(.text)
    __2printf                                0x0000025d   Thumb Code    22  noretval__2printf.o(.text)
    _printf_str                              0x00000279   Thumb Code    88  _printf_str.o(.text)
    __printf                                 0x000002d1   Thumb Code   322  __printf_flags_wp.o(.text)
    __aeabi_memcpy                           0x00000418   ARM Code       0  rt_memcpy.o(.text)
    __rt_memcpy                              0x00000418   ARM Code     212  rt_memcpy.o(.text)
    _memcpy_lastbytes                        0x000004cc   ARM Code       0  rt_memcpy.o(.text)
    __aeabi_memcpy4                          0x000004ec   ARM Code       0  rt_memcpy_w.o(.text)
    __aeabi_memcpy8                          0x000004ec   ARM Code       0  rt_memcpy_w.o(.text)
    __rt_memcpy_w                            0x000004ec   ARM Code     100  rt_memcpy_w.o(.text)
    _memcpy_lastbytes_aligned                0x00000538   ARM Code       0  rt_memcpy_w.o(.text)
    __aeabi_memset                           0x00000550   ARM Code      16  aeabi_memset.o(.text)
    __aeabi_memclr                           0x00000560   ARM Code       0  rt_memclr.o(.text)
    __rt_memclr                              0x00000560   ARM Code      64  rt_memclr.o(.text)
    _memset                                  0x00000564   ARM Code       0  rt_memclr.o(.text)
    __aeabi_memclr4                          0x000005a0   ARM Code       0  rt_memclr_w.o(.text)
    __aeabi_memclr8                          0x000005a0   ARM Code       0  rt_memclr_w.o(.text)
    __rt_memclr_w                            0x000005a0   ARM Code      84  rt_memclr_w.o(.text)
    _memset_w                                0x000005a4   ARM Code       0  rt_memclr_w.o(.text)
    __use_two_region_memory                  0x000005f5   Thumb Code     2  heapauxi.o(.text)
    __rt_heap_escrow                         0x000005f7   Thumb Code     2  heapauxi.o(.text)
    __rt_heap_expand                         0x000005f9   Thumb Code     2  heapauxi.o(.text)
    _printf_char_common                      0x00000607   Thumb Code    34  _printf_char_common.o(.text)
    Inline ARM to Thumb Veneer to _printf_char 0x0000062c   ARM Code       8  _printf_char.o(.text)
    _printf_cs_common                        0x00000635   Thumb Code    26  _printf_char.o(.text)
    _printf_char                             0x0000064f   Thumb Code    16  _printf_char.o(.text)
    _printf_string                           0x0000065f   Thumb Code     8  _printf_char.o(.text)
    _printf_char_file                        0x00000669   Thumb Code    38  _printf_char_file.o(.text)
    __user_libspace                          0x00000694   ARM Code      12  libspace.o(.text)
    __user_perproc_libspace                  0x00000694   ARM Code       0  libspace.o(.text)
    __user_perthread_libspace                0x00000694   ARM Code       0  libspace.o(.text)
    __user_setup_stackheap                   0x000006a0   ARM Code      96  sys_stackheap_outer.o(.text)
    exit                                     0x00000701   Thumb Code    20  exit.o(.text)
    GPIO_Handsake_irq                        0x00000714   ARM Code      80  spi.o(i.GPIO_Handsake_irq)
    I2C_init                                 0x00000774   ARM Code      44  i2c.o(i.I2C_init)
    I2C_irq                                  0x000007a4   ARM Code     780  i2c.o(i.I2C_irq)
    InitInterrupt                            0x00000ad4   ARM Code     132  isr_manager.o(i.InitInterrupt)
    RingBufInit                              0x00000b70   ARM Code      24  ringbuf.o(i.RingBufInit)
    RingBufWriteOne                          0x00000b88   ARM Code      48  ringbuf.o(i.RingBufWriteOne)
    SPI0_init                                0x00000bb8   ARM Code     152  spi.o(i.SPI0_init)
    SPI0_irq                                 0x00000c58   ARM Code     128  spi.o(i.SPI0_irq)
    TIMER_Init                               0x00000d34   ARM Code      36  timer.o(i.TIMER_Init)
    TIMER_SOFTWARE_ModX                      0x00000d60   ARM Code     820  timer_software.o(i.TIMER_SOFTWARE_ModX)
    TIMER_SOFTWARE_configure_timer           0x00001098   ARM Code     608  timer_software.o(i.TIMER_SOFTWARE_configure_timer)
    TIMER_SOFTWARE_init                      0x000012fc   ARM Code     144  timer_software.o(i.TIMER_SOFTWARE_init)
    TIMER_SOFTWARE_request_timer             0x00001394   ARM Code     204  timer_software.o(i.TIMER_SOFTWARE_request_timer)
    TIMER_irq                                0x00001464   ARM Code      56  isr_manager.o(i.TIMER_irq)
    UART0_Init                               0x000014a0   ARM Code      60  uart0.o(i.UART0_Init)
    UART0_sendchar                           0x000014e0   ARM Code      36  uart0.o(i.UART0_sendchar)
    UART1_Init                               0x00001508   ARM Code     108  uart1.o(i.UART1_Init)
    UART1_irq                                0x0000157c   ARM Code      64  isr_manager.o(i.UART1_irq)
    Wifi_Manager                             0x000015f0   ARM Code     172  wifi_manager.o(i.Wifi_Manager)
    __ARM_common_call_via_r1                 0x000016ad   Thumb Code     2  __printf.o(i.__ARM_common_call_via_r1)
    __ARM_common_call_via_r2                 0x000016af   Thumb Code     2  __printf.o(i.__ARM_common_call_via_r2)
    _is_digit                                0x000016b1   Thumb Code    14  __printf_wp.o(i._is_digit)
    _sys_exit                                0x000016c0   ARM Code       4  retarget.o(i._sys_exit)
    compute_crc                              0x000016c4   ARM Code     116  crc.o(i.compute_crc)
    Inline Thumb to ARM Veneer to ferror     0x00001741   Thumb Code     4  retarget.o(i.ferror)
    ferror                                   0x00001744   ARM Code      12  retarget.o(i.ferror)
    fputc                                    0x00001750   ARM Code      28  retarget.o(i.fputc)
    main                                     0x0000176c   ARM Code      48  main.o(i.main)
    spi0_get_request_status                  0x000017a4   ARM Code      12  spi.o(i.spi0_get_request_status)
    spi0_get_response                        0x000017b4   ARM Code     108  spi.o(i.spi0_get_response)
    spi0_process_request                     0x00001828   ARM Code     704  spi.o(i.spi0_process_request)
    spi0_set_request                         0x00001ba0   ARM Code      80  spi.o(i.spi0_set_request)
    Region$$Table$$Base                      0x00001c34   Number         0  anon$$obj.o(Region$$Table)
    Region$$Table$$Limit                     0x00001c54   Number         0  anon$$obj.o(Region$$Table)
    __stdout                                 0x40000000   Data           4  retarget.o(.data)
    wait_timer                               0x40000004   Data           2  timer_software.o(.data)
    timers                                   0x4000002c   Data         100  timer_software.o(.bss)
    uart1_ringbuff_rx                        0x40000490   Data          16  isr_manager.o(.bss)
    __libspace_start                         0x4000079c   Data          96  libspace.o(.bss)
    __temporary_stack_top$libspace           0x400007fc   Data           0  libspace.o(.bss)



==============================================================================

Memory Map of the image

  Image Entry point : 0x00000110

  Load Region LR_IROM1 (Base: 0x00000000, Size: 0x00001c80, Max: 0x00040000, ABSOLUTE)

    Execution Region ER_IROM1 (Exec base: 0x00000000, Load base: 0x00000000, Size: 0x00001c54, Max: 0x00040000, ABSOLUTE)

    Exec Addr    Load Addr    Size         Type   Attr      Idx    E Section Name        Object

    0x00000000   0x00000000   0x00000110   Code   RO            3    RESET               startup.o
    0x00000110   0x00000110   0x00000008   Code   RO         3794  * !!!main             c_t.l(__main.o)
    0x00000118   0x00000118   0x0000003c   Code   RO         4030    !!!scatter          c_t.l(__scatter.o)
    0x00000154   0x00000154   0x00000028   Code   RO         4032    !!handler_copy      c_t.l(__scatter_copy.o)
    0x0000017c   0x0000017c   0x0000002c   Code   RO         4034    !!handler_zi        c_t.l(__scatter_zi.o)
    0x000001a8   0x000001a8   0x00000004   Ven    RO         3750    .ARM.Collect$$_printf_percent$$00000000  c_t.l(_printf_percent.o)
    0x000001ac   0x000001ac   0x00000000   Code   RO         3750    .ARM.Collect$$_printf_percent$$00000000  c_t.l(_printf_percent.o)
    0x000001ac   0x000001ac   0x00000008   Code   RO         3746    .ARM.Collect$$_printf_percent$$00000013  c_t.l(_printf_c.o)
    0x000001b4   0x000001b4   0x00000008   Code   RO         3844    .ARM.Collect$$_printf_percent$$00000017  c_t.l(_printf_percent_end.o)
    0x000001bc   0x000001bc   0x00000008   Ven    RO         3973    .ARM.Collect$$libinit$$00000000  c_t.l(libinit.o)
    0x000001c4   0x000001c4   0x00000002   Code   RO         3973    .ARM.Collect$$libinit$$00000000  c_t.l(libinit.o)
    0x000001c6   0x000001c6   0x00000000   Code   RO         3854    .ARM.Collect$$libinit$$00000002  c_t.l(libinit2.o)
    0x000001c6   0x000001c6   0x00000000   Code   RO         3856    .ARM.Collect$$libinit$$00000004  c_t.l(libinit2.o)
    0x000001c6   0x000001c6   0x00000000   Code   RO         3859    .ARM.Collect$$libinit$$0000000A  c_t.l(libinit2.o)
    0x000001c6   0x000001c6   0x00000000   Code   RO         3861    .ARM.Collect$$libinit$$0000000C  c_t.l(libinit2.o)
    0x000001c6   0x000001c6   0x00000000   Code   RO         3863    .ARM.Collect$$libinit$$0000000E  c_t.l(libinit2.o)
    0x000001c6   0x000001c6   0x00000000   Code   RO         3866    .ARM.Collect$$libinit$$00000011  c_t.l(libinit2.o)
    0x000001c6   0x000001c6   0x00000000   Code   RO         3868    .ARM.Collect$$libinit$$00000013  c_t.l(libinit2.o)
    0x000001c6   0x000001c6   0x00000000   Code   RO         3870    .ARM.Collect$$libinit$$00000015  c_t.l(libinit2.o)
    0x000001c6   0x000001c6   0x00000000   Code   RO         3872    .ARM.Collect$$libinit$$00000017  c_t.l(libinit2.o)
    0x000001c6   0x000001c6   0x00000000   Code   RO         3874    .ARM.Collect$$libinit$$00000019  c_t.l(libinit2.o)
    0x000001c6   0x000001c6   0x00000000   Code   RO         3876    .ARM.Collect$$libinit$$0000001B  c_t.l(libinit2.o)
    0x000001c6   0x000001c6   0x00000000   Code   RO         3878    .ARM.Collect$$libinit$$0000001D  c_t.l(libinit2.o)
    0x000001c6   0x000001c6   0x00000000   Code   RO         3880    .ARM.Collect$$libinit$$0000001F  c_t.l(libinit2.o)
    0x000001c6   0x000001c6   0x00000000   Code   RO         3882    .ARM.Collect$$libinit$$00000021  c_t.l(libinit2.o)
    0x000001c6   0x000001c6   0x00000000   Code   RO         3884    .ARM.Collect$$libinit$$00000023  c_t.l(libinit2.o)
    0x000001c6   0x000001c6   0x00000000   Code   RO         3886    .ARM.Collect$$libinit$$00000025  c_t.l(libinit2.o)
    0x000001c6   0x000001c6   0x00000000   Code   RO         3890    .ARM.Collect$$libinit$$0000002C  c_t.l(libinit2.o)
    0x000001c6   0x000001c6   0x00000000   Code   RO         3892    .ARM.Collect$$libinit$$0000002E  c_t.l(libinit2.o)
    0x000001c6   0x000001c6   0x00000000   Code   RO         3894    .ARM.Collect$$libinit$$00000030  c_t.l(libinit2.o)
    0x000001c6   0x000001c6   0x00000000   Code   RO         3896    .ARM.Collect$$libinit$$00000032  c_t.l(libinit2.o)
    0x000001c6   0x000001c6   0x0000000c   Code   RO         3897    .ARM.Collect$$libinit$$00000033  c_t.l(libinit2.o)
    0x000001d2   0x000001d2   0x00000002   PAD
    0x000001d4   0x000001d4   0x00000008   Ven    RO         4027    .ARM.Collect$$libshutdown$$00000000  c_t.l(libshutdown.o)
    0x000001dc   0x000001dc   0x00000004   Code   RO         4027    .ARM.Collect$$libshutdown$$00000000  c_t.l(libshutdown.o)
    0x000001e0   0x000001e0   0x00000000   Code   RO         3987    .ARM.Collect$$libshutdown$$00000002  c_t.l(libshutdown2.o)
    0x000001e0   0x000001e0   0x00000000   Code   RO         3989    .ARM.Collect$$libshutdown$$00000004  c_t.l(libshutdown2.o)
    0x000001e0   0x000001e0   0x00000000   Code   RO         3992    .ARM.Collect$$libshutdown$$00000007  c_t.l(libshutdown2.o)
    0x000001e0   0x000001e0   0x00000000   Code   RO         3995    .ARM.Collect$$libshutdown$$0000000A  c_t.l(libshutdown2.o)
    0x000001e0   0x000001e0   0x00000000   Code   RO         3997    .ARM.Collect$$libshutdown$$0000000C  c_t.l(libshutdown2.o)
    0x000001e0   0x000001e0   0x00000000   Code   RO         4000    .ARM.Collect$$libshutdown$$0000000F  c_t.l(libshutdown2.o)
    0x000001e0   0x000001e0   0x00000006   Code   RO         4001    .ARM.Collect$$libshutdown$$00000010  c_t.l(libshutdown2.o)
    0x000001e6   0x000001e6   0x00000002   PAD
    0x000001e8   0x000001e8   0x00000000   Code   RO         3798    .ARM.Collect$$rtentry$$00000000  c_t.l(__rtentry.o)
    0x000001e8   0x000001e8   0x00000000   Code   RO         3904    .ARM.Collect$$rtentry$$00000002  c_t.l(__rtentry2.o)
    0x000001e8   0x000001e8   0x00000008   Code   RO         3916    .ARM.Collect$$rtentry$$00000004  c_t.l(__rtentry4.o)
    0x000001f0   0x000001f0   0x00000000   Code   RO         3906    .ARM.Collect$$rtentry$$00000009  c_t.l(__rtentry2.o)
    0x000001f0   0x000001f0   0x00000004   Code   RO         3907    .ARM.Collect$$rtentry$$0000000A  c_t.l(__rtentry2.o)
    0x000001f4   0x000001f4   0x00000000   Code   RO         3909    .ARM.Collect$$rtentry$$0000000C  c_t.l(__rtentry2.o)
    0x000001f4   0x000001f4   0x00000028   Code   RO         3910    .ARM.Collect$$rtentry$$0000000D  c_t.l(__rtentry2.o)
    0x0000021c   0x0000021c   0x00000004   Ven    RO         3974    .ARM.Collect$$rtexit$$00000000  c_t.l(rtexit.o)
    0x00000220   0x00000220   0x00000004   Code   RO         3974    .ARM.Collect$$rtexit$$00000000  c_t.l(rtexit.o)
    0x00000224   0x00000224   0x00000000   Code   RO         4003    .ARM.Collect$$rtexit$$00000002  c_t.l(rtexit2.o)
    0x00000224   0x00000224   0x00000004   Code   RO         4004    .ARM.Collect$$rtexit$$00000003  c_t.l(rtexit2.o)
    0x00000228   0x00000228   0x00000008   Code   RO         4005    .ARM.Collect$$rtexit$$00000004  c_t.l(rtexit2.o)
    0x00000230   0x00000230   0x00000020   Code   RO            4    .text               startup.o
    0x00000250   0x00000250   0x00000004   Code   RO         3615    .text               c_t.l(use_no_semi.o)
    0x00000254   0x00000254   0x00000008   Ven    RO         3689    .text               c_t.l(noretval__2printf.o)
    0x0000025c   0x0000025c   0x0000001c   Code   RO         3689    .text               c_t.l(noretval__2printf.o)
    0x00000278   0x00000278   0x00000058   Code   RO         3701    .text               c_t.l(_printf_str.o)
    0x000002d0   0x000002d0   0x00000148   Code   RO         3738    .text               c_t.l(__printf_flags_wp.o)
    0x00000418   0x00000418   0x000000d4   Code   RO         3760    .text               c_t.l(rt_memcpy.o)
    0x000004ec   0x000004ec   0x00000064   Code   RO         3764    .text               c_t.l(rt_memcpy_w.o)
    0x00000550   0x00000550   0x00000010   Code   RO         3766    .text               c_t.l(aeabi_memset.o)
    0x00000560   0x00000560   0x00000040   Code   RO         3768    .text               c_t.l(rt_memclr.o)
    0x000005a0   0x000005a0   0x00000054   Code   RO         3770    .text               c_t.l(rt_memclr_w.o)
    0x000005f4   0x000005f4   0x00000006   Code   RO         3792    .text               c_t.l(heapauxi.o)
    0x000005fa   0x000005fa   0x00000002   PAD
    0x000005fc   0x000005fc   0x00000030   Code   RO         3836    .text               c_t.l(_printf_char_common.o)
    0x0000062c   0x0000062c   0x00000008   Ven    RO         3840    .text               c_t.l(_printf_char.o)
    0x00000634   0x00000634   0x00000032   Code   RO         3840    .text               c_t.l(_printf_char.o)
    0x00000666   0x00000666   0x00000002   PAD
    0x00000668   0x00000668   0x0000002c   Code   RO         3842    .text               c_t.l(_printf_char_file.o)
    0x00000694   0x00000694   0x0000000c   Code   RO         3900    .text               c_t.l(libspace.o)
    0x000006a0   0x000006a0   0x00000060   Code   RO         3948    .text               c_t.l(sys_stackheap_outer.o)
    0x00000700   0x00000700   0x00000014   Code   RO         3954    .text               c_t.l(exit.o)
    0x00000714   0x00000714   0x00000060   Code   RO          630    i.GPIO_Handsake_irq  spi.o
    0x00000774   0x00000774   0x00000030   Code   RO          561    i.I2C_init          i2c.o
    0x000007a4   0x000007a4   0x00000330   Code   RO          562    i.I2C_irq           i2c.o
    0x00000ad4   0x00000ad4   0x0000009c   Code   RO          521    i.InitInterrupt     isr_manager.o
    0x00000b70   0x00000b70   0x00000018   Code   RO          197    i.RingBufInit       ringbuf.o
    0x00000b88   0x00000b88   0x00000030   Code   RO          203    i.RingBufWriteOne   ringbuf.o
    0x00000bb8   0x00000bb8   0x000000a0   Code   RO          631    i.SPI0_init         spi.o
    0x00000c58   0x00000c58   0x00000098   Code   RO          632    i.SPI0_irq          spi.o
    0x00000cf0   0x00000cf0   0x00000044   Code   RO          633    i.SPI0_set_slave_select  spi.o
    0x00000d34   0x00000d34   0x0000002c   Code   RO          413    i.TIMER_Init        timer.o
    0x00000d60   0x00000d60   0x00000338   Code   RO          293    i.TIMER_SOFTWARE_ModX  timer_software.o
    0x00001098   0x00001098   0x00000264   Code   RO          296    i.TIMER_SOFTWARE_configure_timer  timer_software.o
    0x000012fc   0x000012fc   0x00000098   Code   RO          299    i.TIMER_SOFTWARE_init  timer_software.o
    0x00001394   0x00001394   0x000000d0   Code   RO          303    i.TIMER_SOFTWARE_request_timer  timer_software.o
    0x00001464   0x00001464   0x0000003c   Code   RO          522    i.TIMER_irq         isr_manager.o
    0x000014a0   0x000014a0   0x00000040   Code   RO          431    i.UART0_Init        uart0.o
    0x000014e0   0x000014e0   0x00000028   Code   RO          432    i.UART0_sendchar    uart0.o
    0x00001508   0x00001508   0x00000074   Code   RO          452    i.UART1_Init        uart1.o
    0x0000157c   0x0000157c   0x00000048   Code   RO          523    i.UART1_irq         isr_manager.o
    0x000015c4   0x000015c4   0x0000002c   Code   RO          204    i.UpdateIndexAtomic  ringbuf.o
    0x000015f0   0x000015f0   0x000000bc   Code   RO         3589    i.Wifi_Manager      wifi_manager.o
    0x000016ac   0x000016ac   0x00000002   Code   RO         3697    i.__ARM_common_call_via_r1  c_t.l(__printf.o)
    0x000016ae   0x000016ae   0x00000002   Code   RO         3695    i.__ARM_common_call_via_r2  c_t.l(__printf.o)
    0x000016b0   0x000016b0   0x0000000e   Code   RO         3736    i._is_digit         c_t.l(__printf_wp.o)
    0x000016be   0x000016be   0x00000002   PAD
    0x000016c0   0x000016c0   0x00000004   Code   RO          146    i._sys_exit         retarget.o
    0x000016c4   0x000016c4   0x0000007c   Code   RO          396    i.compute_crc       crc.o
    0x00001740   0x00001740   0x00000004   Ven    RO          148    i.ferror            retarget.o
    0x00001744   0x00001744   0x0000000c   Code   RO          148    i.ferror            retarget.o
    0x00001750   0x00001750   0x0000001c   Code   RO          149    i.fputc             retarget.o
    0x0000176c   0x0000176c   0x00000038   Code   RO           11    i.main              main.o
    0x000017a4   0x000017a4   0x00000010   Code   RO          634    i.spi0_get_request_status  spi.o
    0x000017b4   0x000017b4   0x00000074   Code   RO          635    i.spi0_get_response  spi.o
    0x00001828   0x00001828   0x000002e0   Code   RO          636    i.spi0_process_request  spi.o
    0x00001b08   0x00001b08   0x00000098   Code   RO          637    i.spi0_sendReceive_message  spi.o
    0x00001ba0   0x00001ba0   0x0000005c   Code   RO          638    i.spi0_set_request  spi.o
    0x00001bfc   0x00001bfc   0x00000020   Data   RO          397    .constdata          crc.o
    0x00001c1c   0x00001c1c   0x00000005   Data   RO         3590    .constdata          wifi_manager.o
    0x00001c21   0x00001c21   0x00000011   Data   RO         3739    .constdata          c_t.l(__printf_flags_wp.o)
    0x00001c32   0x00001c32   0x00000002   PAD
    0x00001c34   0x00001c34   0x00000020   Data   RO         4028    Region$$Table       anon$$obj.o


    Execution Region RW_IRAM1 (Exec base: 0x40000000, Load base: 0x00001c54, Size: 0x00003080, Max: 0x00004000, ABSOLUTE)

    Exec Addr    Load Addr    Size         Type   Attr      Idx    E Section Name        Object

    0x40000000   0x00001c54   0x00000004   Data   RW          150    .data               retarget.o
    0x40000004   0x00001c58   0x00000002   Data   RW          309    .data               timer_software.o
    0x40000006   0x00001c5a   0x00000003   Data   RW          460    .data               uart1.o
    0x40000009   0x00001c5d   0x00000003   PAD
    0x4000000c   0x00001c60   0x00000014   Data   RW          569    .data               i2c.o
    0x40000020   0x00001c74   0x0000000b   Data   RW          640    .data               spi.o
    0x4000002b   0x00001c7f   0x00000001   Data   RW         3591    .data               wifi_manager.o
    0x4000002c        -       0x00000064   Zero   RW          308    .bss                timer_software.o
    0x40000090        -       0x00000410   Zero   RW          524    .bss                isr_manager.o
    0x400004a0        -       0x000002fa   Zero   RW          639    .bss                spi.o
    0x4000079a   0x00001c80   0x00000002   PAD
    0x4000079c        -       0x00000060   Zero   RW         3901    .bss                c_t.l(libspace.o)
    0x400007fc   0x00001c80   0x00000004   PAD
    0x40000800        -       0x00000000   Zero   RW            2    HEAP                startup.o
    0x40000800        -       0x00002880   Zero   RW            1    STACK               startup.o


==============================================================================

Image component sizes


      Code (inc. data)   RO Data    RW Data    ZI Data      Debug   Object Name

       124          8         32          0          0       1262   crc.o
       864         40          0         20          0       3637   i2c.o
       288         36          0          0       1040       2636   isr_manager.o
        56          8          0          0          0       4951   main.o
        44          0          0          4          0       3415   retarget.o
       116          0          0          0          0       2668   ringbuf.o
      1588        120          0         11        762       7371   spi.o
       304         60          0          0      10368        620   startup.o
        44          8          0          0          0       1109   timer.o
      1796         20          0          2        100       6456   timer_software.o
       104          8          0          0          0        930   uart0.o
       116          8          0          3          0       1177   uart1.o
       188         16          5          1          0        751   wifi_manager.o

    ----------------------------------------------------------------------
      5636        332         69         44      12272      36983   Object Totals
         4          0         32          0          0          0   (incl. Generated)
         0          0          0          3          2          0   (incl. Padding)

    ----------------------------------------------------------------------

      Code (inc. data)   RO Data    RW Data    ZI Data      Debug   Library Member Name

         8          0          0          0          0         68   __main.o
         4          0          0          0          0        120   __printf.o
       328          6         17          0          0         92   __printf_flags_wp.o
        14          0          0          0          0         60   __printf_wp.o
         0          0          0          0          0          0   __rtentry.o
        44          4          0          0          0          0   __rtentry2.o
         8          0          0          0          0          0   __rtentry4.o
        60          8          0          0          0          0   __scatter.o
        40          0          0          0          0          0   __scatter_copy.o
        44          0          0          0          0          0   __scatter_zi.o
         8          0          0          0          0          0   _printf_c.o
        58          0          0          0          0        112   _printf_char.o
        48          4          0          0          0         96   _printf_char_common.o
        44          6          0          0          0         88   _printf_char_file.o
         4          0          0          0          0          0   _printf_percent.o
         8          0          0          0          0          0   _printf_percent_end.o
        88          0          0          0          0         84   _printf_str.o
        16          0          0          0          0         68   aeabi_memset.o
        20          0          0          0          0         80   exit.o
         6          0          0          0          0        136   heapauxi.o
        10          0          0          0          0          0   libinit.o
        12          0          0          0          0          0   libinit2.o
        12          0          0          0          0          0   libshutdown.o
         6          0          0          0          0          0   libshutdown2.o
        12          4          0          0         96         68   libspace.o
        36          6          0          0          0         84   noretval__2printf.o
        64          0          0          0          0         68   rt_memclr.o
        84          0          0          0          0         80   rt_memclr_w.o
       212          0          0          0          0         68   rt_memcpy.o
       100          0          0          0          0         80   rt_memcpy_w.o
         8          0          0          0          0          0   rtexit.o
        12          0          0          0          0          0   rtexit2.o
        96          0          0          0          0         80   sys_stackheap_outer.o
         4          0          0          0          0         68   use_no_semi.o

    ----------------------------------------------------------------------
      1528         38         19          0        100       1600   Library Totals
        10          0          2          0          4          0   (incl. Padding)

    ----------------------------------------------------------------------

      Code (inc. data)   RO Data    RW Data    ZI Data      Debug   Library Name

      1518         38         17          0         96       1600   c_t.l

    ----------------------------------------------------------------------
      1528         38         19          0        100       1600   Library Totals

    ----------------------------------------------------------------------

==============================================================================


      Code (inc. data)   RO Data    RW Data    ZI Data      Debug   

      7164        370         88         44      12372      36527   Grand Totals
      7164        370         88         44      12372      36527   ELF Image Totals
      7164        370         88         44          0          0   ROM Totals

==============================================================================

    Total RO  Size (Code + RO Data)                 7252 (   7.08kB)
    Total RW  Size (RW Data + ZI Data)             12416 (  12.13kB)
    Total ROM Size (Code + RO Data + RW Data)       7296 (   7.13kB)

==============================================================================

