<html>
<body>
<pre>
<h1>µVision Build Log</h1>
<h2>Project:</h2>
D:\work\libs\Driver_FLASH_IntelTE20F320C3\memorytest.uvproj
Project File Date:  01/25/2013

<h2>Output:</h2>
Build target 'Target 1'
linking...
Program Size: Code=4670 RO-data=90 RW-data=8 ZI-data=14848  
FromELF: creating hex file...
"memorytest.axf" - 0 Error(s), 0 Warning(s).
Rebuild target 'Target 1'
compiling main.c...
Code\main.c(197): warning:  #111-D: statement is unreachable
assembling Startup.s...
compiling global.c...
compiling Retarget.c...
compiling Serial.c...
compiling Flash_IntelTE28F320C3.c...
linking...
Program Size: Code=4670 RO-data=90 RW-data=8 ZI-data=14848  
FromELF: creating hex file...
"memorytest.axf" - 0 Error(s), 1 Warning(s).
Build target 'Target 1'
linking...
Program Size: Code=4670 RO-data=90 RW-data=8 ZI-data=14848  
FromELF: creating hex file...
"memorytest.axf" - 0 Error(s), 0 Warning(s).
Build target 'Target 1'
compiling main.c...
Code\main.c(197): warning:  #111-D: statement is unreachable
linking...
Program Size: Code=4674 RO-data=90 RW-data=8 ZI-data=14848  
FromELF: creating hex file...
"memorytest.axf" - 0 Error(s), 1 Warning(s).
Load "D:\\work\\libs\\Driver_FLASH_IntelTE20F320C3\\memorytest.AXF" 
Erase Done.
Programming Done.
Verify OK.
Application running ...
Build target 'Target 1'
compiling Flash_IntelTE28F320C3.c...
Code\Flash_IntelTE28F320C3\Flash_IntelTE28F320C3.c(115): warning:  #223-D: function "printf" declared implicitly
linking...
Program Size: Code=4698 RO-data=90 RW-data=8 ZI-data=14848  
FromELF: creating hex file...
"memorytest.axf" - 0 Error(s), 1 Warning(s).
Load "D:\\work\\libs\\Driver_FLASH_IntelTE20F320C3\\memorytest.AXF" 
Erase Done.
Programming Done.
Verify OK.
Application running ...
Rebuild target 'Target 1'
compiling main.c...
Code\main.c(197): warning:  #111-D: statement is unreachable
assembling Startup.s...
compiling global.c...
compiling Retarget.c...
compiling Serial.c...
compiling Flash_IntelTE28F320C3.c...
Code\Flash_IntelTE28F320C3\Flash_IntelTE28F320C3.c(115): warning:  #223-D: function "printf" declared implicitly
linking...
Program Size: Code=4002 RO-data=90 RW-data=8 ZI-data=14848  
FromELF: creating hex file...
"memorytest.axf" - 0 Error(s), 2 Warning(s).
Load "D:\\work\\libs\\Driver_FLASH_IntelTE20F320C3\\memorytest.AXF" 
Erase Done.
Programming Done.
Verify OK.
Application running ...
Build target 'Target 1'
compiling Flash_IntelTE28F320C3.c...
Code\Flash_IntelTE28F320C3\Flash_IntelTE28F320C3.c(120): warning:  #223-D: function "printf" declared implicitly
linking...
Program Size: Code=4018 RO-data=90 RW-data=8 ZI-data=14848  
FromELF: creating hex file...
"memorytest.axf" - 0 Error(s), 1 Warning(s).
Build target 'Target 1'
compiling Flash_IntelTE28F320C3.c...
Code\Flash_IntelTE28F320C3\Flash_IntelTE28F320C3.c(120): warning:  #223-D: function "printf" declared implicitly
linking...
Program Size: Code=4018 RO-data=90 RW-data=8 ZI-data=14848  
FromELF: creating hex file...
"memorytest.axf" - 0 Error(s), 1 Warning(s).
Load "D:\\work\\libs\\Driver_FLASH_IntelTE20F320C3\\memorytest.AXF" 
Erase Done.
Programming Done.
Verify OK.
Application running ...
Build target 'Target 1'
compiling Flash_IntelTE28F320C3.c...
Code\Flash_IntelTE28F320C3\Flash_IntelTE28F320C3.c(124): warning:  #223-D: function "printf" declared implicitly
linking...
Program Size: Code=4026 RO-data=90 RW-data=8 ZI-data=14848  
FromELF: creating hex file...
"memorytest.axf" - 0 Error(s), 1 Warning(s).
Build target 'Target 1'
compiling Flash_IntelTE28F320C3.c...
Code\Flash_IntelTE28F320C3\Flash_IntelTE28F320C3.c(124): warning:  #223-D: function "printf" declared implicitly
linking...
Program Size: Code=4026 RO-data=90 RW-data=8 ZI-data=14848  
FromELF: creating hex file...
"memorytest.axf" - 0 Error(s), 1 Warning(s).
Load "D:\\work\\libs\\Driver_FLASH_IntelTE20F320C3\\memorytest.AXF" 
Erase Done.
Programming Done.
Verify OK.
Application running ...
Build target 'Target 1'
compiling Flash_IntelTE28F320C3.c...
Code\Flash_IntelTE28F320C3\Flash_IntelTE28F320C3.c(15): warning:  #223-D: function "printf" declared implicitly
Code\Flash_IntelTE28F320C3\Flash_IntelTE28F320C3.c(125): warning:  #223-D: function "printf" declared implicitly
linking...
Program Size: Code=4066 RO-data=90 RW-data=8 ZI-data=14848  
FromELF: creating hex file...
"memorytest.axf" - 0 Error(s), 2 Warning(s).
Load "D:\\work\\libs\\Driver_FLASH_IntelTE20F320C3\\memorytest.AXF" 
Erase Done.
Programming Done.
Verify OK.
Application running ...
Build target 'Target 1'
compiling Flash_IntelTE28F320C3.c...
Code\Flash_IntelTE28F320C3\Flash_IntelTE28F320C3.c(4): warning:  #161-D: unrecognized #pragma
Code\Flash_IntelTE28F320C3\Flash_IntelTE28F320C3.c(17): warning:  #223-D: function "printf" declared implicitly
Code\Flash_IntelTE28F320C3\Flash_IntelTE28F320C3.c(127): warning:  #223-D: function "printf" declared implicitly
linking...
Program Size: Code=4066 RO-data=90 RW-data=8 ZI-data=14848  
FromELF: creating hex file...
"memorytest.axf" - 0 Error(s), 3 Warning(s).
Build target 'Target 1'
compiling Flash_IntelTE28F320C3.c...
Code\Flash_IntelTE28F320C3\Flash_IntelTE28F320C3.c(17): warning:  #223-D: function "printf" declared implicitly
Code\Flash_IntelTE28F320C3\Flash_IntelTE28F320C3.c(127): warning:  #223-D: function "printf" declared implicitly
linking...
Program Size: Code=4414 RO-data=90 RW-data=8 ZI-data=14848  
FromELF: creating hex file...
"memorytest.axf" - 0 Error(s), 2 Warning(s).
Build target 'Target 1'
compiling Flash_IntelTE28F320C3.c...
Code\Flash_IntelTE28F320C3\Flash_IntelTE28F320C3.c(16): warning:  #223-D: function "printf" declared implicitly
Code\Flash_IntelTE28F320C3\Flash_IntelTE28F320C3.c(126): warning:  #223-D: function "printf" declared implicitly
linking...
Program Size: Code=4414 RO-data=90 RW-data=8 ZI-data=14848  
FromELF: creating hex file...
"memorytest.axf" - 0 Error(s), 2 Warning(s).
Load "D:\\work\\libs\\Driver_FLASH_IntelTE20F320C3\\memorytest.AXF" 
Erase Done.
Programming Done.
Verify OK.
Application running ...
Build target 'Target 1'
compiling Flash_IntelTE28F320C3.c...
Code\Flash_IntelTE28F320C3\Flash_IntelTE28F320C3.c(125): warning:  #223-D: function "printf" declared implicitly
linking...
Program Size: Code=4382 RO-data=90 RW-data=8 ZI-data=14848  
FromELF: creating hex file...
"memorytest.axf" - 0 Error(s), 1 Warning(s).
Load "D:\\work\\libs\\Driver_FLASH_IntelTE20F320C3\\memorytest.AXF" 
Erase Done.
Programming Done.
Verify OK.
Application running ...
Build target 'Target 1'
compiling Flash_IntelTE28F320C3.c...
Code\Flash_IntelTE28F320C3\Flash_IntelTE28F320C3.c(125): warning:  #223-D: function "printf" declared implicitly
Code\Flash_IntelTE28F320C3\Flash_IntelTE28F320C3.c(191): warning:  #1-D: last line of file ends without a newline
linking...
Program Size: Code=4382 RO-data=90 RW-data=8 ZI-data=14848  
FromELF: creating hex file...
"memorytest.axf" - 0 Error(s), 2 Warning(s).
Build target 'Target 1'
compiling Flash_IntelTE28F320C3.c...
Code\Flash_IntelTE28F320C3\Flash_IntelTE28F320C3.c(125): warning:  #223-D: function "printf" declared implicitly
linking...
Program Size: Code=4382 RO-data=90 RW-data=8 ZI-data=14848  
FromELF: creating hex file...
"memorytest.axf" - 0 Error(s), 1 Warning(s).
Load "D:\\work\\libs\\Driver_FLASH_IntelTE20F320C3\\memorytest.AXF" 
Erase Done.
Programming Done.
Verify OK.
Application running ...
Build target 'Target 1'
compiling Flash_IntelTE28F320C3.c...
Code\Flash_IntelTE28F320C3\Flash_IntelTE28F320C3.c(117): warning:  #223-D: function "printf" declared implicitly
linking...
Program Size: Code=4366 RO-data=90 RW-data=8 ZI-data=14848  
FromELF: creating hex file...
"memorytest.axf" - 0 Error(s), 1 Warning(s).
Load "D:\\work\\libs\\Driver_FLASH_IntelTE20F320C3\\memorytest.AXF" 
Erase Done.
Programming Done.
Verify OK.
Application running ...
Build target 'Target 1'
compiling Flash_IntelTE28F320C3.c...
Code\Flash_IntelTE28F320C3\Flash_IntelTE28F320C3.c(118): warning:  #223-D: function "printf" declared implicitly
linking...
Program Size: Code=4366 RO-data=90 RW-data=8 ZI-data=14848  
FromELF: creating hex file...
"memorytest.axf" - 0 Error(s), 1 Warning(s).
Build target 'Target 1'
compiling main.c...
Code\main.c(197): warning:  #111-D: statement is unreachable
compiling global.c...
compiling Retarget.c...
compiling Serial.c...
compiling Flash_IntelTE28F320C3.c...
Code\Flash_IntelTE28F320C3\Flash_IntelTE28F320C3.c(118): warning:  #223-D: function "printf" declared implicitly
linking...
Program Size: Code=4698 RO-data=90 RW-data=8 ZI-data=14848  
FromELF: creating hex file...
"memorytest.axf" - 0 Error(s), 2 Warning(s).
Build target 'Target 1'
compiling Flash_IntelTE28F320C3.c...
Code\Flash_IntelTE28F320C3\Flash_IntelTE28F320C3.c(118): warning:  #223-D: function "printf" declared implicitly
linking...
Program Size: Code=4606 RO-data=90 RW-data=8 ZI-data=14848  
FromELF: creating hex file...
"memorytest.axf" - 0 Error(s), 1 Warning(s).
Build target 'Target 1'
compiling main.c...
Code\main.c(197): warning:  #111-D: statement is unreachable
compiling global.c...
compiling Retarget.c...
compiling Serial.c...
compiling Flash_IntelTE28F320C3.c...
Code\Flash_IntelTE28F320C3\Flash_IntelTE28F320C3.c(118): warning:  #223-D: function "printf" declared implicitly
linking...
Program Size: Code=4274 RO-data=90 RW-data=8 ZI-data=14848  
FromELF: creating hex file...
"memorytest.axf" - 0 Error(s), 2 Warning(s).
Load "D:\\work\\libs\\Driver_FLASH_IntelTE20F320C3\\memorytest.AXF" 
Erase Done.
Programming Done.
Verify OK.
Application running ...
Build target 'Target 1'
compiling Flash_IntelTE28F320C3.c...
Code\Flash_IntelTE28F320C3\Flash_IntelTE28F320C3.c(118): warning:  #223-D: function "printf" declared implicitly
linking...
Program Size: Code=4366 RO-data=90 RW-data=8 ZI-data=14848  
FromELF: creating hex file...
"memorytest.axf" - 0 Error(s), 1 Warning(s).
Load "D:\\work\\libs\\Driver_FLASH_IntelTE20F320C3\\memorytest.AXF" 
Erase Done.
Programming Done.
Verify OK.
Application running ...
